******************************************************************************
             TMS320C2000 Linker PC v5.1.1                      
******************************************************************************
>> Linked Wed Dec 17 20:15:29 2008

OUTPUT FILE NAME:   <./Debug/monitor_ctml.out>
ENTRY POINT SYMBOL: "_c_int00"  address: 0033a376


MEMORY CONFIGURATION

         name            origin    length      used     unused   attr    fill
----------------------  --------  ---------  --------  --------  ----  --------
PAGE 0:
  BEGIN_M0              00000000   00000002  00000000  00000002  RWIX
  BOOT_RSVD             00000002   0000004e  00000000  0000004e  RWIX
  RAMM0_1               00000050   000007b0  00000602  000001ae  RWIX
  ZONE0                 00004000   00001000  00000000  00001000  RWIX
  RAML0                 00008000   00001000  00000001  00000fff  RWIX
  RAML1                 00009000   00001000  00000000  00001000  RWIX
  RAML2                 0000a000   00001000  00000000  00001000  RWIX
  RAML3                 0000b000   00001000  00000000  00001000  RWIX
  RAML4                 0000c000   00001000  00000000  00001000  RWIX
  RAML5                 0000d000   00001000  00000000  00001000  RWIX
  RAML6                 0000e000   00001000  00000000  00001000  RWIX
  RAML7                 0000f000   00001000  00000000  00001000  RWIX
  ZONE6                 00100000   00100000  00000000  00100000  RWIX
  ZONE7A                00200000   0000fc00  00000000  0000fc00  RWIX
  ZONE7B                0020fc00   00000400  00000000  00000400  RWIX
  FLASHH                00300000   00008000  00000000  00008000  RWIX
  FLASHG                00308000   00008000  00000000  00008000  RWIX
  FLASHF                00310000   00008000  00000000  00008000  RWIX
  FLASHE                00318000   00008000  00000000  00008000  RWIX
  FLASHD                00320000   00008000  00000000  00008000  RWIX
  FLASHC                00328000   00008000  00000000  00008000  RWIX
  FLASHB                00330000   00008000  00000000  00008000  RWIX
  FLASHA                00338000   00007f80  00002e52  0000512e  RWIX
  CSM_RSVD              0033ff80   00000076  00000076  00000000  RWIX
  BEGIN_FLASH           0033fff6   00000002  00000002  00000000  RWIX
  CSM_PWL_A             0033fff8   00000008  00000008  00000000  RWIX
  ADC_CAL               00380080   00000009  00000007  00000002  RWIX
  OTP                   00380400   00000400  00000000  00000400  RWIX
  IQTABLES              003fe000   00000b50  00000000  00000b50  RWIX
  IQTABLES2             003feb50   0000008c  00000000  0000008c  RWIX
  FPUTABLES             003febdc   000006a0  00000000  000006a0  RWIX
  BOOTROM               003ff27c   00000d44  00000000  00000d44  RWIX
  RESET                 003fffc0   00000002  00000000  00000002  RWIX
  VECTORS               003fffc2   0000003e  00000000  0000003e  RWIX

PAGE 1:
  DEV_EMU               00000880   00000180  000000d0  000000b0  RWIX
  FLASH_REGS            00000a80   00000060  00000008  00000058  RWIX
  CSM                   00000ae0   00000010  00000010  00000000  RWIX
  ADC_MIRROR            00000b00   00000010  00000010  00000000  RWIX
  XINTF                 00000b20   00000020  0000001e  00000002  RWIX
  CPU_TIMER0            00000c00   00000008  00000008  00000000  RWIX
  CPU_TIMER1            00000c08   00000008  00000008  00000000  RWIX
  CPU_TIMER2            00000c10   00000008  00000008  00000000  RWIX
  PIE_CTRL              00000ce0   00000020  0000001a  00000006  RWIX
  PIE_VECT              00000d00   00000100  00000100  00000000  RWIX
  DMA                   00001000   00000200  000000e0  00000120  RWIX
  MCBSPA                00005000   00000040  00000025  0000001b  RWIX
  MCBSPB                00005040   00000040  00000025  0000001b  RWIX
  ECANA                 00006000   00000040  00000034  0000000c  RWIX
  ECANA_LAM             00006040   00000040  00000040  00000000  RWIX
  ECANA_MOTS            00006080   00000040  00000040  00000000  RWIX
  ECANA_MOTO            000060c0   00000040  00000040  00000000  RWIX
  ECANA_MBOX            00006100   00000100  00000100  00000000  RWIX
  ECANB                 00006200   00000040  00000034  0000000c  RWIX
  ECANB_LAM             00006240   00000040  00000040  00000000  RWIX
  ECANB_MOTS            00006280   00000040  00000040  00000000  RWIX
  ECANB_MOTO            000062c0   00000040  00000040  00000000  RWIX
  ECANB_MBOX            00006300   00000100  00000100  00000000  RWIX
  EPWM1                 00006800   00000022  00000022  00000000  RWIX
  EPWM2                 00006840   00000022  00000022  00000000  RWIX
  EPWM3                 00006880   00000022  00000022  00000000  RWIX
  EPWM4                 000068c0   00000022  00000022  00000000  RWIX
  EPWM5                 00006900   00000022  00000022  00000000  RWIX
  EPWM6                 00006940   00000022  00000022  00000000  RWIX
  ECAP1                 00006a00   00000020  00000020  00000000  RWIX
  ECAP2                 00006a20   00000020  00000020  00000000  RWIX
  ECAP3                 00006a40   00000020  00000020  00000000  RWIX
  ECAP4                 00006a60   00000020  00000020  00000000  RWIX
  ECAP5                 00006a80   00000020  00000020  00000000  RWIX
  ECAP6                 00006aa0   00000020  00000020  00000000  RWIX
  EQEP1                 00006b00   00000040  00000040  00000000  RWIX
  EQEP2                 00006b40   00000040  00000040  00000000  RWIX
  GPIOCTRL              00006f80   00000040  0000002e  00000012  RWIX
  GPIODAT               00006fc0   00000020  00000020  00000000  RWIX
  GPIOINT               00006fe0   00000020  0000000a  00000016  RWIX
  SYSTEM                00007010   00000020  00000020  00000000  RWIX
  SPIA                  00007040   00000010  00000010  00000000  RWIX
  SCIA                  00007050   00000010  00000010  00000000  RWIX
  XINTRUPT              00007070   00000010  00000010  00000000  RWIX
  ADC                   00007100   00000020  0000001e  00000002  RWIX
  SCIB                  00007750   00000010  00000010  00000000  RWIX
  SCIC                  00007770   00000010  00000010  00000000  RWIX
  I2CA                  00007900   00000040  00000022  0000001e  RWIX
  CSM_PWL               0033fff8   00000008  00000008  00000000  RWIX
  PARTID                00380090   00000001  00000001  00000000  RWIX


SECTION ALLOCATION MAP

 output                                  attributes/
section   page    origin      length       input sections
--------  ----  ----------  ----------   ----------------
.pinit     0    00338000    00000000     UNINITIALIZED

.ebss      0    00000558    000000dc     UNINITIALIZED
                  00000558    00000018     DSP2833x_CpuTimers.obj (.ebss)
                  00000570    00000004     Flash28335_API_V210.lib : Flash28_Globals.obj (.ebss)
                  00000574    00000004     rts2800_fpu32.lib : _lock.obj (.ebss)
                  00000578    00000004                       : exit.obj (.ebss)
                  0000057c    00000004     --HOLE--
                  00000580    00000064     serial.obj (.ebss)
                  000005e4    00000012     flash.obj (.ebss)
                  000005f6    0000000a     --HOLE--
                  00000600    00000034     vfd.obj (.ebss)

.stack     0    00008000    00000001     UNINITIALIZED
                  00008000    00000001     --HOLE--

Flash28_API 
*          0    00338000    00000507     RUN ADDR = 00000050
                  00338000    00000020     Flash28335_API_V210.lib : Flash28_Erase.obj (.econst:_Sector$1)
                  00338020    00000008                             : Flash28_Erase.obj (.econst:_SecKey$2)
                  00338028    000000aa                             : Flash28_Prog.obj (.text)
                  003380d2    000000a0                             : Flash28_Erase.obj (.text)
                  00338172    0000009a                             : Flash28_Erase_Pulse.obj (.text)
                  0033820c    00000084                             : Flash28_Internals.obj (.text)
                  00338290    00000080                             : Flash28_Prog_Pulse.obj (.text)
                  00338310    0000007d                             : Flash28_Compact_Pulse.obj (.text)
                  0033838d    0000005a                             : Flash28_EraseSector.obj (.text)
                  003383e7    00000053                             : Flash28_CompactSector.obj (.text)
                  0033843a    00000041                             : Flash28_ClearLoop.obj (.text)
                  0033847b    00000033                             : Flash28_ClearSector.obj (.text)
                  003384ae    00000029                             : Flash28_Init.obj (.text)
                  003384d7    00000014                             : Flash28_Utils.obj (.text)
                  003384eb    0000000d                             : Flash28_Delay.obj (.text)
                  003384f8    00000007                             : Flash28_DisInt.obj (.text)
                  003384ff    00000005                             : Flash28_Version.obj (.text)
                  00338504    00000003                             : Flash28_Version_Hex.obj (.text)

.text      0    00338507    00002244     
                  00338507    0000094a     rts2800_fpu32.lib : _printfi.obj (.text)
                  00338e51    0000040d     DSP2833x_DMA.obj (.text)
                  0033925e    00000346     flash.obj (.text)
                  003395a4    00000316     DSP2833x_DefaultIsr.obj (.text)
                  003398ba    000001be     DSP2833x_ECan.obj (.text)
                  00339a78    0000016c     DSP2833x_Mcbsp.obj (.text)
                  00339be4    00000107     rts2800_fpu32.lib : ll_div.obj (.text)
                  00339ceb    000000fa     DSP2833x_Xintf.obj (.text)
                  00339de5    000000c8     DSP2833x_EPwm.obj (.text)
                  00339ead    000000c2     DSP2833x_SysCtrl.obj (.text)
                  00339f6f    000000ab     main.obj (.text)
                  0033a01a    0000009c     rts2800_fpu32.lib : fd_add.obj (.text)
                  0033a0b6    0000008b                       : fd_div.obj (.text)
                  0033a141    00000087     vfd.obj (.text)
                  0033a1c8    00000083     rts2800_fpu32.lib : fd_mpy.obj (.text)
                  0033a24b    00000079     DSP2833x_CpuTimers.obj (.text)
                  0033a2c4    0000005c     DSP2833x_ECap.obj (.text)
                  0033a320    00000056     DSP2833x_EQep.obj (.text)
                  0033a376    00000046     rts2800_fpu32.lib : boot.obj (.text)
                  0033a3bc    00000039     DSP2833x_Sci.obj (.text)
                  0033a3f5    00000039     serial.obj (.text)
                  0033a42e    00000031     rts2800_fpu32.lib : atoi.obj (.text)
                  0033a45f    0000002e                       : ltoa.obj (.text)
                  0033a48d    0000002e                       : vsprintf.obj (.text)
                  0033a4bb    0000002a     DSP2833x_Spi.obj (.text)
                  0033a4e5    0000002a     rts2800_fpu32.lib : fd_cmp.obj (.text)
                  0033a50f    0000002a                       : l_div.obj (.text)
                  0033a539    00000028     DSP2833x_PieCtrl.obj (.text)
                  0033a561    00000023     DSP2833x_Gpio.obj (.text)
                  0033a584    00000021     rts2800_fpu32.lib : fd_toi.obj (.text)
                  0033a5a5    00000021                       : memcpy_ff.obj (.text)
                  0033a5c6    00000020     DSP2833x_PieVect.obj (.text)
                  0033a5e6    0000001f     rts2800_fpu32.lib : fd_tol.obj (.text)
                  0033a605    0000001e                       : ll_cmp.obj (.text)
                  0033a623    0000001c                       : fs_tofd.obj (.text)
                  0033a63f    0000001c                       : l_tofd.obj (.text)
                  0033a65b    0000001b                       : args_main.obj (.text)
                  0033a676    00000019                       : exit.obj (.text)
                  0033a68f    00000017     DSP2833x_I2C.obj (.text)
                  0033a6a6    00000017     DSP2833x_MemCopy.obj (.text)
                  0033a6bd    00000014     DSP2833x_Adc.obj (.text)
                  0033a6d1    00000014     rts2800_fpu32.lib : ll_mpy.obj (.text)
                  0033a6e5    00000012                       : memccpy.obj (.text)
                  0033a6f7    0000000e                       : fd_sub.obj (.text)
                  0033a705    0000000a                       : strlen.obj (.text)
                  0033a70f    00000009                       : _lock.obj (.text)
                  0033a718    00000009                       : fd_neg.obj (.text)
                  0033a721    00000009                       : strcpy.obj (.text)
                  0033a72a    00000008     DSP2833x_CodeStartBranch.obj (.text)
                  0033a732    00000008     Example_Flash2833x_CsmKeys.obj (.text)
                  0033a73a    00000007     DSP2833x_DisInt.obj (.text)
                  0033a741    00000007     rts2800_fpu32.lib : memset.obj (.text)
                  0033a748    00000003     DSP2833x_DBGIER.obj (.text)

.econst    0    0033a74c    000006c4     
                  0033a74c    00000301     flash.obj (.econst:.string)
                  0033aa4d    00000001     --HOLE-- [fill = 0]
                  0033aa4e    0000017d     main.obj (.econst:.string)
                  0033abcb    00000101     rts2800_fpu32.lib : ctype.obj (.econst:__ctypes_)
                  0033accc    00000100     DSP2833x_PieVect.obj (.econst)
                  0033adcc    00000024     rts2800_fpu32.lib : _printfi.obj (.econst:.string)
                  0033adf0    00000018                       : _printfi.obj (.econst)
                  0033ae08    00000008     flash.obj (.econst:_FlashSector)

ramfuncs   0    0033ae10    0000001f     RUN ADDR = 00000634
                  0033ae10    0000001b     DSP2833x_SysCtrl.obj (ramfuncs)
                  0033ae2b    00000004     DSP2833x_usDelay.obj (ramfuncs)

.cinit     0    0033ae2f    00000024     
                  0033ae2f    0000000a     Flash28335_API_V210.lib : Flash28_Globals.obj (.cinit)
                  0033ae39    0000000a     rts2800_fpu32.lib : _lock.obj (.cinit)
                  0033ae43    0000000a                       : exit.obj (.cinit)
                  0033ae4d    00000004     flash.obj (.cinit)
                  0033ae51    00000002     --HOLE-- [fill = 0]

csm_rsvd   0    0033ff80    00000076     
                  0033ff80    00000076     DSP2833x_CSMPasswords.obj (csm_rsvd)

codestart 
*          0    0033fff6    00000002     
                  0033fff6    00000002     DSP2833x_CodeStartBranch.obj (codestart)

csmpasswds 
*          0    0033fff8    00000008     
                  0033fff8    00000008     DSP2833x_CSMPasswords.obj (csmpasswds)

.adc_cal   0    00380080    00000007     NOLOAD SECTION
                  00380080    00000007     DSP2833x_ADC_cal.obj (.adc_cal)

.reset     0    003fffc0    00000002     DSECT
                  003fffc0    00000002     rts2800_fpu32.lib : boot.obj (.reset)

vectors    0    003fffc2    00000000     DSECT

DevEmuRegsFile 
*          1    00000880    000000d0     UNINITIALIZED
                  00000880    000000d0     DSP2833x_GlobalVariableDefs.obj (DevEmuRegsFile)

FlashRegsFile 
*          1    00000a80    00000008     UNINITIALIZED
                  00000a80    00000008     DSP2833x_GlobalVariableDefs.obj (FlashRegsFile)

CsmRegsFile 
*          1    00000ae0    00000010     UNINITIALIZED
                  00000ae0    00000010     DSP2833x_GlobalVariableDefs.obj (CsmRegsFile)

AdcMirrorFile 
*          1    00000b00    00000010     UNINITIALIZED
                  00000b00    00000010     DSP2833x_GlobalVariableDefs.obj (AdcMirrorFile)

XintfRegsFile 
*          1    00000b20    0000001e     UNINITIALIZED
                  00000b20    0000001e     DSP2833x_GlobalVariableDefs.obj (XintfRegsFile)

CpuTimer0RegsFile 
*          1    00000c00    00000008     UNINITIALIZED
                  00000c00    00000008     DSP2833x_GlobalVariableDefs.obj (CpuTimer0RegsFile)

CpuTimer1RegsFile 
*          1    00000c08    00000008     UNINITIALIZED
                  00000c08    00000008     DSP2833x_GlobalVariableDefs.obj (CpuTimer1RegsFile)

CpuTimer2RegsFile 
*          1    00000c10    00000008     UNINITIALIZED
                  00000c10    00000008     DSP2833x_GlobalVariableDefs.obj (CpuTimer2RegsFile)

PieCtrlRegsFile 
*          1    00000ce0    0000001a     UNINITIALIZED
                  00000ce0    0000001a     DSP2833x_GlobalVariableDefs.obj (PieCtrlRegsFile)

PieVectTableFile 
*          1    00000d00    00000100     UNINITIALIZED
                  00000d00    00000100     DSP2833x_GlobalVariableDefs.obj (PieVectTableFile)

DmaRegsFile 
*          1    00001000    000000e0     UNINITIALIZED
                  00001000    000000e0     DSP2833x_GlobalVariableDefs.obj (DmaRegsFile)

McbspaRegsFile 
*          1    00005000    00000025     UNINITIALIZED
                  00005000    00000025     DSP2833x_GlobalVariableDefs.obj (McbspaRegsFile)

McbspbRegsFile 
*          1    00005040    00000025     UNINITIALIZED
                  00005040    00000025     DSP2833x_GlobalVariableDefs.obj (McbspbRegsFile)

ECanaRegsFile 
*          1    00006000    00000034     UNINITIALIZED
                  00006000    00000034     DSP2833x_GlobalVariableDefs.obj (ECanaRegsFile)

ECanaLAMRegsFile 
*          1    00006040    00000040     UNINITIALIZED
                  00006040    00000040     DSP2833x_GlobalVariableDefs.obj (ECanaLAMRegsFile)

ECanaMOTSRegsFile 
*          1    00006080    00000040     UNINITIALIZED
                  00006080    00000040     DSP2833x_GlobalVariableDefs.obj (ECanaMOTSRegsFile)

ECanaMOTORegsFile 
*          1    000060c0    00000040     UNINITIALIZED
                  000060c0    00000040     DSP2833x_GlobalVariableDefs.obj (ECanaMOTORegsFile)

ECanaMboxesFile 
*          1    00006100    00000100     UNINITIALIZED
                  00006100    00000100     DSP2833x_GlobalVariableDefs.obj (ECanaMboxesFile)

ECanbRegsFile 
*          1    00006200    00000034     UNINITIALIZED
                  00006200    00000034     DSP2833x_GlobalVariableDefs.obj (ECanbRegsFile)

ECanbLAMRegsFile 
*          1    00006240    00000040     UNINITIALIZED
                  00006240    00000040     DSP2833x_GlobalVariableDefs.obj (ECanbLAMRegsFile)

ECanbMOTSRegsFile 
*          1    00006280    00000040     UNINITIALIZED
                  00006280    00000040     DSP2833x_GlobalVariableDefs.obj (ECanbMOTSRegsFile)

ECanbMOTORegsFile 
*          1    000062c0    00000040     UNINITIALIZED
                  000062c0    00000040     DSP2833x_GlobalVariableDefs.obj (ECanbMOTORegsFile)

ECanbMboxesFile 
*          1    00006300    00000100     UNINITIALIZED
                  00006300    00000100     DSP2833x_GlobalVariableDefs.obj (ECanbMboxesFile)

EPwm1RegsFile 
*          1    00006800    00000022     UNINITIALIZED
                  00006800    00000022     DSP2833x_GlobalVariableDefs.obj (EPwm1RegsFile)

EPwm2RegsFile 
*          1    00006840    00000022     UNINITIALIZED
                  00006840    00000022     DSP2833x_GlobalVariableDefs.obj (EPwm2RegsFile)

EPwm3RegsFile 
*          1    00006880    00000022     UNINITIALIZED
                  00006880    00000022     DSP2833x_GlobalVariableDefs.obj (EPwm3RegsFile)

EPwm4RegsFile 
*          1    000068c0    00000022     UNINITIALIZED
                  000068c0    00000022     DSP2833x_GlobalVariableDefs.obj (EPwm4RegsFile)

EPwm5RegsFile 
*          1    00006900    00000022     UNINITIALIZED
                  00006900    00000022     DSP2833x_GlobalVariableDefs.obj (EPwm5RegsFile)

EPwm6RegsFile 
*          1    00006940    00000022     UNINITIALIZED
                  00006940    00000022     DSP2833x_GlobalVariableDefs.obj (EPwm6RegsFile)

ECap1RegsFile 
*          1    00006a00    00000020     UNINITIALIZED
                  00006a00    00000020     DSP2833x_GlobalVariableDefs.obj (ECap1RegsFile)

ECap2RegsFile 
*          1    00006a20    00000020     UNINITIALIZED
                  00006a20    00000020     DSP2833x_GlobalVariableDefs.obj (ECap2RegsFile)

ECap3RegsFile 
*          1    00006a40    00000020     UNINITIALIZED
                  00006a40    00000020     DSP2833x_GlobalVariableDefs.obj (ECap3RegsFile)

ECap4RegsFile 
*          1    00006a60    00000020     UNINITIALIZED
                  00006a60    00000020     DSP2833x_GlobalVariableDefs.obj (ECap4RegsFile)

ECap5RegsFile 
*          1    00006a80    00000020     UNINITIALIZED
                  00006a80    00000020     DSP2833x_GlobalVariableDefs.obj (ECap5RegsFile)

ECap6RegsFile 
*          1    00006aa0    00000020     UNINITIALIZED
                  00006aa0    00000020     DSP2833x_GlobalVariableDefs.obj (ECap6RegsFile)

EQep1RegsFile 
*          1    00006b00    00000040     UNINITIALIZED
                  00006b00    00000040     DSP2833x_GlobalVariableDefs.obj (EQep1RegsFile)

EQep2RegsFile 
*          1    00006b40    00000040     UNINITIALIZED
                  00006b40    00000040     DSP2833x_GlobalVariableDefs.obj (EQep2RegsFile)

GpioCtrlRegsFile 
*          1    00006f80    0000002e     UNINITIALIZED
                  00006f80    0000002e     DSP2833x_GlobalVariableDefs.obj (GpioCtrlRegsFile)

GpioDataRegsFile 
*          1    00006fc0    00000020     UNINITIALIZED
                  00006fc0    00000020     DSP2833x_GlobalVariableDefs.obj (GpioDataRegsFile)

GpioIntRegsFile 
*          1    00006fe0    0000000a     UNINITIALIZED
                  00006fe0    0000000a     DSP2833x_GlobalVariableDefs.obj (GpioIntRegsFile)

SysCtrlRegsFile 
*          1    00007010    00000020     UNINITIALIZED
                  00007010    00000020     DSP2833x_GlobalVariableDefs.obj (SysCtrlRegsFile)

SpiaRegsFile 
*          1    00007040    00000010     UNINITIALIZED
                  00007040    00000010     DSP2833x_GlobalVariableDefs.obj (SpiaRegsFile)

SciaRegsFile 
*          1    00007050    00000010     UNINITIALIZED
                  00007050    00000010     DSP2833x_GlobalVariableDefs.obj (SciaRegsFile)

XIntruptRegsFile 
*          1    00007070    00000010     UNINITIALIZED
                  00007070    00000010     DSP2833x_GlobalVariableDefs.obj (XIntruptRegsFile)

AdcRegsFile 
*          1    00007100    0000001e     UNINITIALIZED
                  00007100    0000001e     DSP2833x_GlobalVariableDefs.obj (AdcRegsFile)

ScibRegsFile 
*          1    00007750    00000010     UNINITIALIZED
                  00007750    00000010     DSP2833x_GlobalVariableDefs.obj (ScibRegsFile)

ScicRegsFile 
*          1    00007770    00000010     UNINITIALIZED
                  00007770    00000010     DSP2833x_GlobalVariableDefs.obj (ScicRegsFile)

I2caRegsFile 
*          1    00007900    00000022     UNINITIALIZED
                  00007900    00000022     DSP2833x_GlobalVariableDefs.obj (I2caRegsFile)

CsmPwlFile 
*          1    0033fff8    00000008     UNINITIALIZED
                  0033fff8    00000008     DSP2833x_GlobalVariableDefs.obj (CsmPwlFile)

PartIdRegsFile 
*          1    00380090    00000001     UNINITIALIZED
                  00380090    00000001     DSP2833x_GlobalVariableDefs.obj (PartIdRegsFile)


GLOBAL SYMBOLS: SORTED ALPHABETICALLY BY Name 

address    name
--------   ----
00338507   .text
0033a676   C$$EXIT
0033a01a   FD$$ADD
0033a4e5   FD$$CMP
0033a0b6   FD$$DIV
0033a1c8   FD$$MPY
0033a718   FD$$NEG
0033a6f7   FD$$SUB
0033a584   FD$$TOI
0033a5e6   FD$$TOL
0033a623   FS$$TOFD
0033a50f   L$$DIV
0033a51e   L$$MOD
0033a63f   L$$TOFD
0033a605   LL$$CMP
00339be4   LL$$DIV
00339c20   LL$$MOD
0033a6d1   LL$$MPY
0033a52c   UL$$DIV
0033a533   UL$$MOD
0033a617   ULL$$CMP
00339c5a   ULL$$DIV
00339c89   ULL$$MOD
0033968a   _ADCINT_ISR
00380080   _ADC_cal
00000b00   _AdcMirror
00007100   _AdcRegs
0033a28a   _ConfigCpuTimer
00339546   _Convert_HEX_AtoI
00000568   _CpuTimer0
00000c00   _CpuTimer0Regs
00000558   _CpuTimer1
00000c08   _CpuTimer1Regs
00000560   _CpuTimer2
00000c10   _CpuTimer2Regs
0033fff8   _CsmPwl
00000ae0   _CsmRegs
0033955d   _CsmUnlock
003395b8   _DATALOG_ISR
003397ac   _DINTCH1_ISR
003397b6   _DINTCH2_ISR
003397c0   _DINTCH3_ISR
003397ca   _DINTCH4_ISR
003397d4   _DINTCH5_ISR
003397de   _DINTCH6_ISR
00338e5c   _DMACH1AddrConfig
00338e6e   _DMACH1BurstConfig
00338ea3   _DMACH1ModeConfig
00338e7f   _DMACH1TransferConfig
00338e90   _DMACH1WrapConfig
00338f07   _DMACH2AddrConfig
00338f19   _DMACH2BurstConfig
00338f4e   _DMACH2ModeConfig
00338f2a   _DMACH2TransferConfig
00338f3b   _DMACH2WrapConfig
00338fb2   _DMACH3AddrConfig
00338fc4   _DMACH3BurstConfig
00338ff9   _DMACH3ModeConfig
00338fd5   _DMACH3TransferConfig
00338fe6   _DMACH3WrapConfig
0033905d   _DMACH4AddrConfig
0033906f   _DMACH4BurstConfig
003390a4   _DMACH4ModeConfig
00339080   _DMACH4TransferConfig
00339091   _DMACH4WrapConfig
00339108   _DMACH5AddrConfig
0033911a   _DMACH5BurstConfig
0033914f   _DMACH5ModeConfig
0033912b   _DMACH5TransferConfig
0033913c   _DMACH5WrapConfig
003391b3   _DMACH6AddrConfig
003391c5   _DMACH6BurstConfig
003391fa   _DMACH6ModeConfig
003391d6   _DMACH6TransferConfig
003391e7   _DMACH6WrapConfig
00338e51   _DMAInitialize
0033a73a   _DSP28x_DisableInt
0033a73e   _DSP28x_RestoreInt
0000064f   _DSP28x_usDelay
00000880   _DevEmuRegs
00339ec0   _DisableDog
00001000   _DmaRegs
00339331   _DownFromSCI
00339513   _DownHEXFrom
000005ee   _DownLoadingHex
0033948a   _DownUserProgfrom
00339838   _ECAN0INTA_ISR
0033984c   _ECAN0INTB_ISR
00339842   _ECAN1INTA_ISR
00339856   _ECAN1INTB_ISR
00339720   _ECAP1_INT_ISR
0033972a   _ECAP2_INT_ISR
00339734   _ECAP3_INT_ISR
0033973e   _ECAP4_INT_ISR
00339748   _ECAP5_INT_ISR
00339752   _ECAP6_INT_ISR
00006040   _ECanaLAMRegs
000060c0   _ECanaMOTORegs
00006080   _ECanaMOTSRegs
00006100   _ECanaMboxes
00006000   _ECanaRegs
00006240   _ECanbLAMRegs
000062c0   _ECanbMOTORegs
00006280   _ECanbMOTSRegs
00006300   _ECanbMboxes
00006200   _ECanbRegs
00006a00   _ECap1Regs
00006a20   _ECap2Regs
00006a40   _ECap3Regs
00006a60   _ECap4Regs
00006a80   _ECap5Regs
00006aa0   _ECap6Regs
003395cc   _EMUINT_ISR
003396e4   _EPWM1_INT_ISR
003396a8   _EPWM1_TZINT_ISR
003396ee   _EPWM2_INT_ISR
003396b2   _EPWM2_TZINT_ISR
003396f8   _EPWM3_INT_ISR
003396bc   _EPWM3_TZINT_ISR
00339702   _EPWM4_INT_ISR
003396c6   _EPWM4_TZINT_ISR
0033970c   _EPWM5_INT_ISR
003396d0   _EPWM5_TZINT_ISR
00339716   _EPWM6_INT_ISR
003396da   _EPWM6_TZINT_ISR
00006800   _EPwm1Regs
00006840   _EPwm2Regs
00006880   _EPwm3Regs
000068c0   _EPwm4Regs
00006900   _EPwm5Regs
00006940   _EPwm6Regs
0033975c   _EQEP1_INT_ISR
00339766   _EQEP2_INT_ISR
00006b00   _EQep1Regs
00006b40   _EQep2Regs
0033a558   _EnableInterrupts
00339319   _Erase_AllFlash
003392a8   _Erase_SelectFlash
000004cb   _Fl28335_ClearSector
00000437   _Fl28335_CompactSector
000003dd   _Fl28335_EraseSector
000004fe   _Fl28335_Init
0000048a   _Fl28x_ClearLoop
000002be   _Fl28x_ClosePulse
0000039a   _Fl28x_CompactPulse
00000360   _Fl28x_CompactVerify
0000053b   _Fl28x_Delay
00000548   _Fl28x_DisableInt
0000052f   _Fl28x_DisableNMI
00000269   _Fl28x_EnterCmdMode
0000020a   _Fl28x_ErasePulse
000001c2   _Fl28x_EraseVerify
0000028e   _Fl28x_FlashRegSleep
0000025c   _Fl28x_LeaveCmdMode
000002d5   _Fl28x_MaskAll
000002ad   _Fl28x_OpenPulse
0000031e   _Fl28x_ProgPulse
000002e0   _Fl28x_ProgVerify
0000054c   _Fl28x_RestoreInt
00000527   _Fl28x_WatchDogDisable
0000054f   _Flash28335_APIVersion
00000554   _Flash28335_APIVersionHex
00000122   _Flash28335_Erase
00000078   _Flash28335_Program
00338507   _Flash28_API_LoadEnd
00338000   _Flash28_API_LoadStart
00000050   _Flash28_API_RunStart
00339371   _FlashBurnPrm
00000a80   _FlashRegs
0033ae08   _FlashSector
000005ea   _FlashStatus
00000572   _Flash_CPUScaleFactor
00000570   _Flash_CallbackPtr
00339356   _FlashtoRamDownloadPrm
00339460   _Go_UserProgram
00006f80   _GpioCtrlRegs
00006fc0   _GpioDataRegs
00006fe0   _GpioIntRegs
003397e8   _I2CINT1A_ISR
003397f2   _I2CINT2A_ISR
00007900   _I2caRegs
003395e0   _ILLEGAL_ISR
003395a4   _INT13_ISR
003395ae   _INT14_ISR
0033a6bd   _InitAdc
0033a24b   _InitCpuTimers
003398ba   _InitECan
00339a49   _InitECanGpio
003398bf   _InitECana
00339a4e   _InitECanaGpio
00339984   _InitECanb
00339a64   _InitECanbGpio
0033a2c4   _InitECap
0033a2d2   _InitECap1Gpio
0033a2e0   _InitECap2Gpio
0033a2ec   _InitECap3Gpio
0033a2f8   _InitECap4Gpio
0033a304   _InitECap5Gpio
0033a312   _InitECap6Gpio
0033a2c5   _InitECapGpio
00339de5   _InitEPwm
00339df3   _InitEPwm1Gpio
00339e05   _InitEPwm2Gpio
00339e17   _InitEPwm3Gpio
00339e2b   _InitEPwm4Gpio
00339e3f   _InitEPwm5Gpio
00339e51   _InitEPwm6Gpio
00339de6   _InitEPwmGpio
00339e63   _InitEPwmSyncGpio
0033a320   _InitEQep
0033a326   _InitEQep1Gpio
0033a350   _InitEQep2Gpio
0033a321   _InitEQepGpio
00000634   _InitFlash
0033925e   _InitFlashAPI
0033a561   _InitGpio
0033a68f   _InitI2C
0033a690   _InitI2CGpio
00339a78   _InitMcbsp
00339b51   _InitMcbspGpio
00339a7d   _InitMcbspa
00339adc   _InitMcbspa12bit
00339ae7   _InitMcbspa16bit
00339af2   _InitMcbspa20bit
00339afd   _InitMcbspa24bit
00339b08   _InitMcbspa32bit
00339ad5   _InitMcbspa8bit
00339b56   _InitMcbspaGpio
00339aa9   _InitMcbspb
00339b1a   _InitMcbspb12bit
00339b25   _InitMcbspb16bit
00339b30   _InitMcbspb20bit
00339b3b   _InitMcbspb24bit
00339b46   _InitMcbspb32bit
00339b13   _InitMcbspb8bit
00339b90   _InitMcbspbGpio
00339f16   _InitPeripheralClocks
0033a539   _InitPieCtrl
0033a5c6   _InitPieVectTable
00339ec8   _InitPll
0033a3bc   _InitSci
0033a3dd   _InitSciGpio
0033a3e0   _InitSciaGpio
0033a4bb   _InitSpi
0033a4bc   _InitSpiGpio
0033a4bf   _InitSpiaGpio
003392a1   _InitStruct_HexDown
00339ead   _InitSysCtrl
00339fe5   _InitSystem
00339e77   _InitTzGpio
0033a141   _InitVFDBright
00339ceb   _InitXintf
00339d91   _InitXintf16Gpio
00339d4a   _InitXintf32Gpio
0033989c   _LUF_ISR
00339892   _LVF_ISR
00339472   _LoadFlashData
00339798   _MRINTA_ISR
00339784   _MRINTB_ISR
003397a2   _MXINTA_ISR
0033978e   _MXINTB_ISR
00005000   _McbspaRegs
00005040   _McbspbRegs
0033a6a6   _MemCopy
003395d6   _NMI_ISR
003398a6   _PIE_RESERVED
0033a732   _PRG_key0
0033a733   _PRG_key1
0033a734   _PRG_key2
0033a735   _PRG_key3
0033a736   _PRG_key4
0033a737   _PRG_key5
0033a738   _PRG_key6
0033a739   _PRG_key7
00380090   _PartIdRegs
00000ce0   _PieCtrlRegs
00000d00   _PieVectTable
0033accc   _PieVectTableInit
00339fea   _PrintMenu
003395c2   _RTOSINT_ISR
0033ae2f   _RamfuncsLoadEnd
0033ae10   _RamfuncsLoadStart
00000634   _RamfuncsRunStart
00339810   _SCIRXINTA_ISR
00339824   _SCIRXINTB_ISR
003397fc   _SCIRXINTC_ISR
0033981a   _SCITXINTA_ISR
0033982e   _SCITXINTB_ISR
00339806   _SCITXINTC_ISR
0033a3f5   _SCIa_RxChar
0033a3fd   _SCIa_TxChar
0033a409   _SCIa_TxString
00339662   _SEQ1INT_ISR
0033966c   _SEQ2INT_ISR
00339770   _SPIRXINTA_ISR
0033977a   _SPITXINTA_ISR
00007050   _SciaRegs
00007750   _ScibRegs
00007770   _ScicRegs
00339eb6   _ServiceDog
0033a748   _SetDBGIER
0033946c   _SetUserHEXFlashadd
00007040   _SpiaRegs
00338eff   _StartDMACH1
00338faa   _StartDMACH2
00339055   _StartDMACH3
00339100   _StartDMACH4
003391ab   _StartDMACH5
00339256   _StartDMACH6
00007010   _SysCtrlRegs
00339694   _TINT0_ISR
0033a41d   _TxPrintf
00339644   _USER10_ISR
0033964e   _USER11_ISR
00339658   _USER12_ISR
003395ea   _USER1_ISR
003395f4   _USER2_ISR
003395fe   _USER3_ISR
00339608   _USER4_ISR
00339612   _USER5_ISR
0033961c   _USER6_ISR
00339626   _USER7_ISR
00339630   _USER8_ISR
0033963a   _USER9_ISR
00000600   _VFDAddr
00000601   _VFDBright
0033a192   _VFDMenu
0033a181   _VFDPrintf
0033a150   _VFDPutChar
0033a167   _VFDString
0033969e   _WAKEINT_ISR
00339676   _XINT1_ISR
00339680   _XINT2_ISR
00339860   _XINT3_ISR
0033986a   _XINT4_ISR
00339874   _XINT5_ISR
0033987e   _XINT6_ISR
00339888   _XINT7_ISR
00007070   _XIntruptRegs
00000b20   _XintfRegs
00000001   __STACK_SIZE
ffffffff   ___binit__
ffffffff   ___c_args__
0033ae2f   ___cinit__
0033a74b   ___etext__
0033a5a5   ___memcpy_ff
ffffffff   ___pinit__
00338507   ___text__
0033a65b   __args_main
00000578   __cleanup_ptr
0033abcb   __ctypes_
0000057a   __dtors_ptr
00000576   __lock
0033a717   __nop
00338d4b   __printfi
0033a713   __register_lock
0033a70f   __register_unlock
00008000   __stack
00000574   __unlock
0033a676   _abort
0033a42e   _atoi
0033a376   _c_int00
00339bce   _clkg_delay_loop
00339bb8   _delay_loop
0033a678   _exit
0033a45f   _ltoa
00339f6f   _main
0033a6e5   _memccpy
0033a741   _memset
000005e8   _pFlashAdd
000005e6   _pRamAdd
003398b0   _rsvd_ISR
0033a721   _strcpy
0033a705   _strlen
0033a48d   _vsprintf
ffffffff   binit
0033ae2f   cinit
0033fff6   code_start
0033a74b   etext
ffffffff   pinit


GLOBAL SYMBOLS: SORTED BY Symbol Address 

address    name
--------   ----
00000001   __STACK_SIZE
00000050   _Flash28_API_RunStart
00000078   _Flash28335_Program
00000122   _Flash28335_Erase
000001c2   _Fl28x_EraseVerify
0000020a   _Fl28x_ErasePulse
0000025c   _Fl28x_LeaveCmdMode
00000269   _Fl28x_EnterCmdMode
0000028e   _Fl28x_FlashRegSleep
000002ad   _Fl28x_OpenPulse
000002be   _Fl28x_ClosePulse
000002d5   _Fl28x_MaskAll
000002e0   _Fl28x_ProgVerify
0000031e   _Fl28x_ProgPulse
00000360   _Fl28x_CompactVerify
0000039a   _Fl28x_CompactPulse
000003dd   _Fl28335_EraseSector
00000437   _Fl28335_CompactSector
0000048a   _Fl28x_ClearLoop
000004cb   _Fl28335_ClearSector
000004fe   _Fl28335_Init
00000527   _Fl28x_WatchDogDisable
0000052f   _Fl28x_DisableNMI
0000053b   _Fl28x_Delay
00000548   _Fl28x_DisableInt
0000054c   _Fl28x_RestoreInt
0000054f   _Flash28335_APIVersion
00000554   _Flash28335_APIVersionHex
00000558   _CpuTimer1
00000560   _CpuTimer2
00000568   _CpuTimer0
00000570   _Flash_CallbackPtr
00000572   _Flash_CPUScaleFactor
00000574   __unlock
00000576   __lock
00000578   __cleanup_ptr
0000057a   __dtors_ptr
000005e6   _pRamAdd
000005e8   _pFlashAdd
000005ea   _FlashStatus
000005ee   _DownLoadingHex
00000600   _VFDAddr
00000601   _VFDBright
00000634   _InitFlash
00000634   _RamfuncsRunStart
0000064f   _DSP28x_usDelay
00000880   _DevEmuRegs
00000a80   _FlashRegs
00000ae0   _CsmRegs
00000b00   _AdcMirror
00000b20   _XintfRegs
00000c00   _CpuTimer0Regs
00000c08   _CpuTimer1Regs
00000c10   _CpuTimer2Regs
00000ce0   _PieCtrlRegs
00000d00   _PieVectTable
00001000   _DmaRegs
00005000   _McbspaRegs
00005040   _McbspbRegs
00006000   _ECanaRegs
00006040   _ECanaLAMRegs
00006080   _ECanaMOTSRegs
000060c0   _ECanaMOTORegs
00006100   _ECanaMboxes
00006200   _ECanbRegs
00006240   _ECanbLAMRegs
00006280   _ECanbMOTSRegs
000062c0   _ECanbMOTORegs
00006300   _ECanbMboxes
00006800   _EPwm1Regs
00006840   _EPwm2Regs
00006880   _EPwm3Regs
000068c0   _EPwm4Regs
00006900   _EPwm5Regs
00006940   _EPwm6Regs
00006a00   _ECap1Regs
00006a20   _ECap2Regs
00006a40   _ECap3Regs
00006a60   _ECap4Regs
00006a80   _ECap5Regs
00006aa0   _ECap6Regs
00006b00   _EQep1Regs
00006b40   _EQep2Regs
00006f80   _GpioCtrlRegs
00006fc0   _GpioDataRegs
00006fe0   _GpioIntRegs
00007010   _SysCtrlRegs
00007040   _SpiaRegs
00007050   _SciaRegs
00007070   _XIntruptRegs
00007100   _AdcRegs
00007750   _ScibRegs
00007770   _ScicRegs
00007900   _I2caRegs
00008000   __stack
00338000   _Flash28_API_LoadStart
00338507   .text
00338507   _Flash28_API_LoadEnd
00338507   ___text__
00338d4b   __printfi
00338e51   _DMAInitialize
00338e5c   _DMACH1AddrConfig
00338e6e   _DMACH1BurstConfig
00338e7f   _DMACH1TransferConfig
00338e90   _DMACH1WrapConfig
00338ea3   _DMACH1ModeConfig
00338eff   _StartDMACH1
00338f07   _DMACH2AddrConfig
00338f19   _DMACH2BurstConfig
00338f2a   _DMACH2TransferConfig
00338f3b   _DMACH2WrapConfig
00338f4e   _DMACH2ModeConfig
00338faa   _StartDMACH2
00338fb2   _DMACH3AddrConfig
00338fc4   _DMACH3BurstConfig
00338fd5   _DMACH3TransferConfig
00338fe6   _DMACH3WrapConfig
00338ff9   _DMACH3ModeConfig
00339055   _StartDMACH3
0033905d   _DMACH4AddrConfig
0033906f   _DMACH4BurstConfig
00339080   _DMACH4TransferConfig
00339091   _DMACH4WrapConfig
003390a4   _DMACH4ModeConfig
00339100   _StartDMACH4
00339108   _DMACH5AddrConfig
0033911a   _DMACH5BurstConfig
0033912b   _DMACH5TransferConfig
0033913c   _DMACH5WrapConfig
0033914f   _DMACH5ModeConfig
003391ab   _StartDMACH5
003391b3   _DMACH6AddrConfig
003391c5   _DMACH6BurstConfig
003391d6   _DMACH6TransferConfig
003391e7   _DMACH6WrapConfig
003391fa   _DMACH6ModeConfig
00339256   _StartDMACH6
0033925e   _InitFlashAPI
003392a1   _InitStruct_HexDown
003392a8   _Erase_SelectFlash
00339319   _Erase_AllFlash
00339331   _DownFromSCI
00339356   _FlashtoRamDownloadPrm
00339371   _FlashBurnPrm
00339460   _Go_UserProgram
0033946c   _SetUserHEXFlashadd
00339472   _LoadFlashData
0033948a   _DownUserProgfrom
00339513   _DownHEXFrom
00339546   _Convert_HEX_AtoI
0033955d   _CsmUnlock
003395a4   _INT13_ISR
003395ae   _INT14_ISR
003395b8   _DATALOG_ISR
003395c2   _RTOSINT_ISR
003395cc   _EMUINT_ISR
003395d6   _NMI_ISR
003395e0   _ILLEGAL_ISR
003395ea   _USER1_ISR
003395f4   _USER2_ISR
003395fe   _USER3_ISR
00339608   _USER4_ISR
00339612   _USER5_ISR
0033961c   _USER6_ISR
00339626   _USER7_ISR
00339630   _USER8_ISR
0033963a   _USER9_ISR
00339644   _USER10_ISR
0033964e   _USER11_ISR
00339658   _USER12_ISR
00339662   _SEQ1INT_ISR
0033966c   _SEQ2INT_ISR
00339676   _XINT1_ISR
00339680   _XINT2_ISR
0033968a   _ADCINT_ISR
00339694   _TINT0_ISR
0033969e   _WAKEINT_ISR
003396a8   _EPWM1_TZINT_ISR
003396b2   _EPWM2_TZINT_ISR
003396bc   _EPWM3_TZINT_ISR
003396c6   _EPWM4_TZINT_ISR
003396d0   _EPWM5_TZINT_ISR
003396da   _EPWM6_TZINT_ISR
003396e4   _EPWM1_INT_ISR
003396ee   _EPWM2_INT_ISR
003396f8   _EPWM3_INT_ISR
00339702   _EPWM4_INT_ISR
0033970c   _EPWM5_INT_ISR
00339716   _EPWM6_INT_ISR
00339720   _ECAP1_INT_ISR
0033972a   _ECAP2_INT_ISR
00339734   _ECAP3_INT_ISR
0033973e   _ECAP4_INT_ISR
00339748   _ECAP5_INT_ISR
00339752   _ECAP6_INT_ISR
0033975c   _EQEP1_INT_ISR
00339766   _EQEP2_INT_ISR
00339770   _SPIRXINTA_ISR
0033977a   _SPITXINTA_ISR
00339784   _MRINTB_ISR
0033978e   _MXINTB_ISR
00339798   _MRINTA_ISR
003397a2   _MXINTA_ISR
003397ac   _DINTCH1_ISR
003397b6   _DINTCH2_ISR
003397c0   _DINTCH3_ISR
003397ca   _DINTCH4_ISR
003397d4   _DINTCH5_ISR
003397de   _DINTCH6_ISR
003397e8   _I2CINT1A_ISR
003397f2   _I2CINT2A_ISR
003397fc   _SCIRXINTC_ISR
00339806   _SCITXINTC_ISR
00339810   _SCIRXINTA_ISR
0033981a   _SCITXINTA_ISR
00339824   _SCIRXINTB_ISR
0033982e   _SCITXINTB_ISR
00339838   _ECAN0INTA_ISR
00339842   _ECAN1INTA_ISR
0033984c   _ECAN0INTB_ISR
00339856   _ECAN1INTB_ISR
00339860   _XINT3_ISR
0033986a   _XINT4_ISR
00339874   _XINT5_ISR
0033987e   _XINT6_ISR
00339888   _XINT7_ISR
00339892   _LVF_ISR
0033989c   _LUF_ISR
003398a6   _PIE_RESERVED
003398b0   _rsvd_ISR
003398ba   _InitECan
003398bf   _InitECana
00339984   _InitECanb
00339a49   _InitECanGpio
00339a4e   _InitECanaGpio
00339a64   _InitECanbGpio
00339a78   _InitMcbsp
00339a7d   _InitMcbspa
00339aa9   _InitMcbspb
00339ad5   _InitMcbspa8bit
00339adc   _InitMcbspa12bit
00339ae7   _InitMcbspa16bit
00339af2   _InitMcbspa20bit
00339afd   _InitMcbspa24bit
00339b08   _InitMcbspa32bit
00339b13   _InitMcbspb8bit
00339b1a   _InitMcbspb12bit
00339b25   _InitMcbspb16bit
00339b30   _InitMcbspb20bit
00339b3b   _InitMcbspb24bit
00339b46   _InitMcbspb32bit
00339b51   _InitMcbspGpio
00339b56   _InitMcbspaGpio
00339b90   _InitMcbspbGpio
00339bb8   _delay_loop
00339bce   _clkg_delay_loop
00339be4   LL$$DIV
00339c20   LL$$MOD
00339c5a   ULL$$DIV
00339c89   ULL$$MOD
00339ceb   _InitXintf
00339d4a   _InitXintf32Gpio
00339d91   _InitXintf16Gpio
00339de5   _InitEPwm
00339de6   _InitEPwmGpio
00339df3   _InitEPwm1Gpio
00339e05   _InitEPwm2Gpio
00339e17   _InitEPwm3Gpio
00339e2b   _InitEPwm4Gpio
00339e3f   _InitEPwm5Gpio
00339e51   _InitEPwm6Gpio
00339e63   _InitEPwmSyncGpio
00339e77   _InitTzGpio
00339ead   _InitSysCtrl
00339eb6   _ServiceDog
00339ec0   _DisableDog
00339ec8   _InitPll
00339f16   _InitPeripheralClocks
00339f6f   _main
00339fe5   _InitSystem
00339fea   _PrintMenu
0033a01a   FD$$ADD
0033a0b6   FD$$DIV
0033a141   _InitVFDBright
0033a150   _VFDPutChar
0033a167   _VFDString
0033a181   _VFDPrintf
0033a192   _VFDMenu
0033a1c8   FD$$MPY
0033a24b   _InitCpuTimers
0033a28a   _ConfigCpuTimer
0033a2c4   _InitECap
0033a2c5   _InitECapGpio
0033a2d2   _InitECap1Gpio
0033a2e0   _InitECap2Gpio
0033a2ec   _InitECap3Gpio
0033a2f8   _InitECap4Gpio
0033a304   _InitECap5Gpio
0033a312   _InitECap6Gpio
0033a320   _InitEQep
0033a321   _InitEQepGpio
0033a326   _InitEQep1Gpio
0033a350   _InitEQep2Gpio
0033a376   _c_int00
0033a3bc   _InitSci
0033a3dd   _InitSciGpio
0033a3e0   _InitSciaGpio
0033a3f5   _SCIa_RxChar
0033a3fd   _SCIa_TxChar
0033a409   _SCIa_TxString
0033a41d   _TxPrintf
0033a42e   _atoi
0033a45f   _ltoa
0033a48d   _vsprintf
0033a4bb   _InitSpi
0033a4bc   _InitSpiGpio
0033a4bf   _InitSpiaGpio
0033a4e5   FD$$CMP
0033a50f   L$$DIV
0033a51e   L$$MOD
0033a52c   UL$$DIV
0033a533   UL$$MOD
0033a539   _InitPieCtrl
0033a558   _EnableInterrupts
0033a561   _InitGpio
0033a584   FD$$TOI
0033a5a5   ___memcpy_ff
0033a5c6   _InitPieVectTable
0033a5e6   FD$$TOL
0033a605   LL$$CMP
0033a617   ULL$$CMP
0033a623   FS$$TOFD
0033a63f   L$$TOFD
0033a65b   __args_main
0033a676   C$$EXIT
0033a676   _abort
0033a678   _exit
0033a68f   _InitI2C
0033a690   _InitI2CGpio
0033a6a6   _MemCopy
0033a6bd   _InitAdc
0033a6d1   LL$$MPY
0033a6e5   _memccpy
0033a6f7   FD$$SUB
0033a705   _strlen
0033a70f   __register_unlock
0033a713   __register_lock
0033a717   __nop
0033a718   FD$$NEG
0033a721   _strcpy
0033a732   _PRG_key0
0033a733   _PRG_key1
0033a734   _PRG_key2
0033a735   _PRG_key3
0033a736   _PRG_key4
0033a737   _PRG_key5
0033a738   _PRG_key6
0033a739   _PRG_key7
0033a73a   _DSP28x_DisableInt
0033a73e   _DSP28x_RestoreInt
0033a741   _memset
0033a748   _SetDBGIER
0033a74b   ___etext__
0033a74b   etext
0033abcb   __ctypes_
0033accc   _PieVectTableInit
0033ae08   _FlashSector
0033ae10   _RamfuncsLoadStart
0033ae2f   _RamfuncsLoadEnd
0033ae2f   ___cinit__
0033ae2f   cinit
0033fff6   code_start
0033fff8   _CsmPwl
00380080   _ADC_cal
00380090   _PartIdRegs
ffffffff   ___binit__
ffffffff   ___c_args__
ffffffff   ___pinit__
ffffffff   binit
ffffffff   pinit

[380 symbols]
