******************************************************************************
             TMS320C2000 Linker PC v5.1.1                      
******************************************************************************
>> Linked Thu Nov 20 17:56:26 2008

OUTPUT FILE NAME:   <./Debug/monitor_ctml.out>
ENTRY POINT SYMBOL: "_c_int00"  address: 0033937f


MEMORY CONFIGURATION

         name            origin    length      used     unused   attr    fill
----------------------  --------  ---------  --------  --------  ----  --------
PAGE 0:
  ZONE0                 00004000   00001000  00000000  00001000  RWIX
  RAML0                 00008000   00001000  00000183  00000e7d  RWIX
  RAML1                 00009000   00001000  00000000  00001000  RWIX
  RAML2                 0000a000   00001000  00000000  00001000  RWIX
  RAML3                 0000b000   00001000  00000000  00001000  RWIX
  ZONE6                 00100000   00100000  00000000  00100000  RWIX
  ZONE7A                00200000   0000fc00  00000000  0000fc00  RWIX
  FLASHH                00300000   00008000  00000000  00008000  RWIX
  FLASHG                00308000   00008000  00000000  00008000  RWIX
  FLASHF                00310000   00008000  00000000  00008000  RWIX
  FLASHE                00318000   00008000  00000000  00008000  RWIX
  FLASHD                00320000   00008000  00000183  00007e7d  RWIX
  FLASHC                00328000   00008000  00000000  00008000  RWIX
  FLASHA                00338000   00007f80  00001788  000067f8  RWIX
  CSM_RSVD              0033ff80   00000076  00000076  00000000  RWIX
  BEGIN                 0033fff6   00000002  00000002  00000000  RWIX
  CSM_PWL               0033fff8   00000008  00000008  00000000  RWIX
  ADC_CAL               00380080   00000009  00000000  00000009  RWIX
  OTP                   00380400   00000400  00000000  00000400  RWIX
  IQTABLES              003fe000   00000b50  00000000  00000b50  RWIX
  IQTABLES2             003feb50   0000008c  00000000  0000008c  RWIX
  FPUTABLES             003febdc   000006a0  00000000  000006a0  RWIX
  ROM                   003ff27c   00000d44  00000000  00000d44  RWIX
  RESET                 003fffc0   00000002  00000000  00000002  RWIX
  VECTORS               003fffc2   0000003e  00000000  0000003e  RWIX

PAGE 1:
  BOOT_RSVD             00000000   00000050  00000000  00000050  RWIX
  RAMM0                 00000050   000003b0  00000000  000003b0  RWIX
  RAMM1                 00000400   00000400  00000400  00000000  RWIX
  DEV_EMU               00000880   00000180  00000000  00000180  RWIX
  FLASH_REGS            00000a80   00000060  00000008  00000058  RWIX
  CSM                   00000ae0   00000010  00000010  00000000  RWIX
  ADC_MIRROR            00000b00   00000010  00000000  00000010  RWIX
  XINTF                 00000b20   00000020  00000000  00000020  RWIX
  CPU_TIMER0            00000c00   00000008  00000000  00000008  RWIX
  CPU_TIMER1            00000c08   00000008  00000000  00000008  RWIX
  CPU_TIMER2            00000c10   00000008  00000000  00000008  RWIX
  PIE_CTRL              00000ce0   00000020  00000000  00000020  RWIX
  PIE_VECT              00000d00   00000100  00000000  00000100  RWIX
  DMA                   00001000   00000200  00000000  00000200  RWIX
  MCBSPA                00005000   00000040  00000000  00000040  RWIX
  MCBSPB                00005040   00000040  00000000  00000040  RWIX
  ECANA                 00006000   00000040  00000000  00000040  RWIX
  ECANA_LAM             00006040   00000040  00000000  00000040  RWIX
  ECANA_MOTS            00006080   00000040  00000000  00000040  RWIX
  ECANA_MOTO            000060c0   00000040  00000000  00000040  RWIX
  ECANA_MBOX            00006100   00000100  00000000  00000100  RWIX
  ECANB                 00006200   00000040  00000000  00000040  RWIX
  ECANB_LAM             00006240   00000040  00000000  00000040  RWIX
  ECANB_MOTS            00006280   00000040  00000000  00000040  RWIX
  ECANB_MOTO            000062c0   00000040  00000000  00000040  RWIX
  ECANB_MBOX            00006300   00000100  00000000  00000100  RWIX
  EPWM1                 00006800   00000022  00000000  00000022  RWIX
  EPWM2                 00006840   00000022  00000000  00000022  RWIX
  EPWM3                 00006880   00000022  00000000  00000022  RWIX
  EPWM4                 000068c0   00000022  00000000  00000022  RWIX
  EPWM5                 00006900   00000022  00000000  00000022  RWIX
  EPWM6                 00006940   00000022  00000000  00000022  RWIX
  ECAP1                 00006a00   00000020  00000000  00000020  RWIX
  ECAP2                 00006a20   00000020  00000000  00000020  RWIX
  ECAP3                 00006a40   00000020  00000000  00000020  RWIX
  ECAP4                 00006a60   00000020  00000000  00000020  RWIX
  ECAP5                 00006a80   00000020  00000000  00000020  RWIX
  ECAP6                 00006aa0   00000020  00000000  00000020  RWIX
  EQEP1                 00006b00   00000040  00000000  00000040  RWIX
  EQEP2                 00006b40   00000040  00000000  00000040  RWIX
  GPIOCTRL              00006f80   00000040  0000002e  00000012  RWIX
  GPIODAT               00006fc0   00000020  00000020  00000000  RWIX
  GPIOINT               00006fe0   00000020  00000000  00000020  RWIX
  SYSTEM                00007010   00000020  00000020  00000000  RWIX
  SPIA                  00007040   00000010  00000000  00000010  RWIX
  SCIA                  00007050   00000010  00000000  00000010  RWIX
  XINTRUPT              00007070   00000010  00000000  00000010  RWIX
  ADC                   00007100   00000020  00000000  00000020  RWIX
  SCIB                  00007750   00000010  00000000  00000010  RWIX
  SCIC                  00007770   00000010  00000000  00000010  RWIX
  I2CA                  00007900   00000040  00000000  00000040  RWIX
  RAML4                 0000c000   00001000  00000160  00000ea0  RWIX
  RAML5                 0000d000   00001000  00000000  00001000  RWIX
  RAML6                 0000e000   00001000  00000000  00001000  RWIX
  RAML7                 0000f000   00001000  00000000  00001000  RWIX
  ZONE7B                0020fc00   00000400  00000000  00000400  RWIX
  FLASHB                00330000   00008000  00000000  00008000  RWIX
  CSM_PWL               0033fff8   00000008  00000000  00000008  RWIX
  PARTID                00380090   00000001  00000000  00000001  RWIX


SECTION ALLOCATION MAP

 output                                  attributes/
section   page    origin      length       input sections
--------  ----  ----------  ----------   ----------------
.pinit     0    00338000    00000000     UNINITIALIZED

csmpasswds 
*          0    00000000    00000008     FAILED TO ALLOCATE
ramfuncs   0    00320000    00000183     RUN ADDR = 00008000
                  00320000    00000168     Example_Flash2833x_API.obj (ramfuncs)
                  00320168    0000001b     DSP2833x_SysCtrl.obj (ramfuncs)

.text      0    00338000    0000154f     
                  00338000    00000581     DSP2833x_SWPrioritizedDefaultIsr.obj (.text)
                  00338581    000003f5     DSP2833x_DMA.obj (.text)
                  00338976    0000018b     DSP2833x_DefaultIsr.obj (.text)
                  00338b01    0000017e     DSP2833x_Mcbsp.obj (.text)
                  00338c7f    00000158     Example_Flash2833x_API.obj (.text)
                  00338dd7    00000130     DSP2833x_ECan.obj (.text)
                  00338f07    000000f6     DSP2833x_Xintf.obj (.text)
                  00338ffd    000000f5     DSP2833x_SysCtrl.obj (.text)
                  003390f2    000000c8     DSP2833x_EPwm.obj (.text)
                  003391ba    00000071     DSP2833x_CpuTimers.obj (.text)
                  0033922b    0000005c     DSP2833x_ECap.obj (.text)
                  00339287    0000005a     rts2800_ml.lib : fs_mpy.obj (.text)
                  003392e1    00000056     DSP2833x_EQep.obj (.text)
                  00339337    00000048     DSP2833x_Sci.obj (.text)
                  0033937f    00000044     rts2800_ml.lib : boot.obj (.text)
                  003393c3    0000002a     DSP2833x_Spi.obj (.text)
                  003393ed    00000029     rts2800_ml.lib : fs_tol.obj (.text)
                  00339416    00000028     DSP2833x_PieCtrl.obj (.text)
                  0033943e    00000020     DSP2833x_PieVect.obj (.text)
                  0033945e    0000001c     DSP2833x_SWPrioritizedPieVect.obj (.text)
                  0033947a    0000001b     rts2800_ml.lib : args_main.obj (.text)
                  00339495    0000001a                    : l_tofs.obj (.text)
                  003394af    00000019                    : exit.obj (.text)
                  003394c8    00000017     DSP2833x_Gpio.obj (.text)
                  003394df    00000017     DSP2833x_I2C.obj (.text)
                  003394f6    00000017     rts2800_ml.lib : fs_cmp.obj (.text)
                  0033950d    00000015     DSP2833x_MemCopy.obj (.text)
                  00339522    00000014     DSP2833x_Adc.obj (.text)
                  00339536    00000009     rts2800_ml.lib : _lock.obj (.text)
                  0033953f    00000008     DSP2833x_CodeStartBranch.obj (.text)
                  00339547    00000008     Example_Flash2833x_CsmKeys.obj (.text)

.econst    0    00339550    00000200     
                  00339550    00000100     DSP2833x_PieVect.obj (.econst)
                  00339650    00000100     DSP2833x_SWPrioritizedPieVect.obj (.econst)

.cinit     0    00339750    00000039     
                  00339750    00000023     Example_Flash2833x_API.obj (.cinit)
                  00339773    0000000a     rts2800_ml.lib : _lock.obj (.cinit)
                  0033977d    0000000a                    : exit.obj (.cinit)
                  00339787    00000002     --HOLE-- [fill = 0]

csm_rsvd   0    0033ff80    00000076     
                  0033ff80    00000076     DSP2833x_CSMPasswords.obj (csm_rsvd)

codestart 
*          0    0033fff6    00000002     
                  0033fff6    00000002     DSP2833x_CodeStartBranch.obj (codestart)

CsmPwlFile 
*          1    0033fff8    00000008     UNINITIALIZED
                  0033fff8    00000008     Example_Flash2833x_GlobalVariableDefs.obj (CsmPwlFile)

.reset     0    003fffc0    00000002     DSECT
                  003fffc0    00000002     rts2800_ml.lib : boot.obj (.reset)

vectors    0    003fffc2    00000000     DSECT

.stack     1    00000400    00000400     UNINITIALIZED
                  00000400    00000400     --HOLE--

FlashRegsFile 
*          1    00000a80    00000008     UNINITIALIZED
                  00000a80    00000008     Example_Flash2833x_GlobalVariableDefs.obj (FlashRegsFile)

CsmRegsFile 
*          1    00000ae0    00000010     UNINITIALIZED
                  00000ae0    00000010     Example_Flash2833x_GlobalVariableDefs.obj (CsmRegsFile)

GpioCtrlRegsFile 
*          1    00006f80    0000002e     UNINITIALIZED
                  00006f80    0000002e     Example_Flash2833x_GlobalVariableDefs.obj (GpioCtrlRegsFile)

GpioDataRegsFile 
*          1    00006fc0    00000020     UNINITIALIZED
                  00006fc0    00000020     Example_Flash2833x_GlobalVariableDefs.obj (GpioDataRegsFile)

SysCtrlRegsFile 
*          1    00007010    00000020     UNINITIALIZED
                  00007010    00000020     Example_Flash2833x_GlobalVariableDefs.obj (SysCtrlRegsFile)

.ebss      1    0000c000    00000160     UNINITIALIZED
                  0000c000    00000140     Example_Flash2833x_API.obj (.ebss)
                  0000c140    00000018     DSP2833x_CpuTimers.obj (.ebss)
                  0000c158    00000004     rts2800_ml.lib : _lock.obj (.ebss)
                  0000c15c    00000004                    : exit.obj (.ebss)


GLOBAL SYMBOLS: SORTED ALPHABETICALLY BY Name 

address    name
--------   ----
00338000   .text
003394af   C$$EXIT
003394f6   FS$$CMP
00339287   FS$$MPY
003393ed   FS$$TOL
00339495   L$$TOFS
003389e9   _ADCINT_ISR
UNDEFED    _ADC_cal
UNDEFED    _AdcRegs
0000c040   _Buffer
003391f9   _ConfigCpuTimer
0000c150   _CpuTimer0
UNDEFED    _CpuTimer0Regs
0000c140   _CpuTimer1
UNDEFED    _CpuTimer1Regs
0000c148   _CpuTimer2
UNDEFED    _CpuTimer2Regs
0033fff8   _CsmPwl
00000ae0   _CsmRegs
003390c1   _CsmUnlock
00338980   _DATALOG_ISR
00338a7a   _DINTCH1_ISR
00338a7f   _DINTCH2_ISR
00338a84   _DINTCH3_ISR
00338a89   _DINTCH4_ISR
00338a8e   _DINTCH5_ISR
00338a93   _DINTCH6_ISR
0033858c   _DMACH1AddrConfig
0033859e   _DMACH1BurstConfig
003385d1   _DMACH1ModeConfig
003385ae   _DMACH1TransferConfig
003385be   _DMACH1WrapConfig
00338633   _DMACH2AddrConfig
00338645   _DMACH2BurstConfig
00338678   _DMACH2ModeConfig
00338655   _DMACH2TransferConfig
00338665   _DMACH2WrapConfig
003386da   _DMACH3AddrConfig
003386ec   _DMACH3BurstConfig
0033871f   _DMACH3ModeConfig
003386fc   _DMACH3TransferConfig
0033870c   _DMACH3WrapConfig
00338781   _DMACH4AddrConfig
00338793   _DMACH4BurstConfig
003387c6   _DMACH4ModeConfig
003387a3   _DMACH4TransferConfig
003387b3   _DMACH4WrapConfig
00338828   _DMACH5AddrConfig
0033883a   _DMACH5BurstConfig
0033886d   _DMACH5ModeConfig
0033884a   _DMACH5TransferConfig
0033885a   _DMACH5WrapConfig
003388cf   _DMACH6AddrConfig
003388e1   _DMACH6BurstConfig
00338914   _DMACH6ModeConfig
003388f1   _DMACH6TransferConfig
00338901   _DMACH6WrapConfig
00338581   _DMAInitialize
UNDEFED    _DSP28x_usDelay
00339010   _DisableDog
UNDEFED    _DmaRegs
00338ac0   _ECAN0INTA_ISR
00338aca   _ECAN0INTB_ISR
00338ac5   _ECAN1INTA_ISR
00338acf   _ECAN1INTB_ISR
00338a34   _ECAP1_INT_ISR
00338a39   _ECAP2_INT_ISR
00338a3e   _ECAP3_INT_ISR
00338a43   _ECAP4_INT_ISR
00338a48   _ECAP5_INT_ISR
00338a4d   _ECAP6_INT_ISR
UNDEFED    _ECanaMboxes
UNDEFED    _ECanaRegs
UNDEFED    _ECanbMboxes
UNDEFED    _ECanbRegs
0033898a   _EMUINT_ISR
00338a16   _EPWM1_INT_ISR
003389f8   _EPWM1_TZINT_ISR
00338a1b   _EPWM2_INT_ISR
003389fd   _EPWM2_TZINT_ISR
00338a20   _EPWM3_INT_ISR
00338a02   _EPWM3_TZINT_ISR
00338a25   _EPWM4_INT_ISR
00338a07   _EPWM4_TZINT_ISR
00338a2a   _EPWM5_INT_ISR
00338a0c   _EPWM5_TZINT_ISR
00338a2f   _EPWM6_INT_ISR
00338a11   _EPWM6_TZINT_ISR
00338a52   _EQEP1_INT_ISR
00338a57   _EQEP2_INT_ISR
00339435   _EnableInterrupts
00008000   _Example_CallFlashAPI
00338ccf   _Example_CsmUnlock
0000815c   _Example_Done
00008155   _Example_Error
00338dc2   _Example_MemCopy
00338d1e   _Example_ToggleTest
UNDEFED    _Flash28335_APIVersion
UNDEFED    _Flash28335_APIVersionHex
UNDEFED    _Flash28335_Erase
UNDEFED    _Flash28335_Program
UNDEFED    _Flash28335_ToggleTest
UNDEFED    _Flash28335_Verify
UNDEFED    _Flash28_API_LoadEnd
UNDEFED    _Flash28_API_LoadStart
UNDEFED    _Flash28_API_RunStart
00000a80   _FlashRegs
0000c002   _FlashStatus
UNDEFED    _Flash_CPUScaleFactor
UNDEFED    _Flash_CallbackPtr
00006f80   _GpioCtrlRegs
00006fc0   _GpioDataRegs
00338a98   _I2CINT1A_ISR
00338a9d   _I2CINT2A_ISR
00338994   _ILLEGAL_ISR
00338976   _INT13_ISR
0033897b   _INT14_ISR
00338577   _INT_NOTUSED_ISR
00339522   _InitAdc
003391ba   _InitCpuTimers
00338dd7   _InitECan
00338ed8   _InitECanGpio
00338ddc   _InitECana
00338edd   _InitECanaGpio
00338e5a   _InitECanb
00338ef3   _InitECanbGpio
0033922b   _InitECap
00339239   _InitECap1Gpio
00339247   _InitECap2Gpio
00339253   _InitECap3Gpio
0033925f   _InitECap4Gpio
0033926b   _InitECap5Gpio
00339279   _InitECap6Gpio
0033922c   _InitECapGpio
003390f2   _InitEPwm
00339100   _InitEPwm1Gpio
00339112   _InitEPwm2Gpio
00339124   _InitEPwm3Gpio
00339138   _InitEPwm4Gpio
0033914c   _InitEPwm5Gpio
0033915e   _InitEPwm6Gpio
003390f3   _InitEPwmGpio
00339170   _InitEPwmSyncGpio
003392e1   _InitEQep
003392e7   _InitEQep1Gpio
00339311   _InitEQep2Gpio
003392e2   _InitEQepGpio
00008168   _InitFlash
003394c8   _InitGpio
003394df   _InitI2C
003394e0   _InitI2CGpio
00338b01   _InitMcbsp
00338bda   _InitMcbspGpio
00338b06   _InitMcbspa
00338b65   _InitMcbspa12bit
00338b70   _InitMcbspa16bit
00338b7b   _InitMcbspa20bit
00338b86   _InitMcbspa24bit
00338b91   _InitMcbspa32bit
00338b5e   _InitMcbspa8bit
00338bdf   _InitMcbspaGpio
00338b32   _InitMcbspb
00338ba3   _InitMcbspb12bit
00338bae   _InitMcbspb16bit
00338bb9   _InitMcbspb20bit
00338bc4   _InitMcbspb24bit
00338bcf   _InitMcbspb32bit
00338b9c   _InitMcbspb8bit
00338c19   _InitMcbspbGpio
00339066   _InitPeripheralClocks
00339416   _InitPieCtrl
0033943e   _InitPieVectTable
00339018   _InitPll
00339337   _InitSci
00339338   _InitSciGpio
0033933f   _InitSciaGpio
00339355   _InitScibGpio
00339369   _InitScicGpio
003393c3   _InitSpi
003393c4   _InitSpiGpio
003393c7   _InitSpiaGpio
00338ffd   _InitSysCtrl
00339184   _InitTzGpio
00338f07   _InitXintf
00338fa3   _InitXintf16Gpio
00338f5c   _InitXintf32Gpio
00338af2   _LUF_ISR
00338aed   _LVF_ISR
00338a70   _MRINTA_ISR
00338a66   _MRINTB_ISR
00338a75   _MXINTA_ISR
00338a6b   _MXINTB_ISR
UNDEFED    _McbspaRegs
UNDEFED    _McbspbRegs
0033950d   _MemCopy
0000c000   _MyCallbackCounter
00008160   _MyCallbackFunction
0033898f   _NMI_ISR
00338af7   _PIE_RESERVED
00339547   _PRG_key0
00339548   _PRG_key1
00339549   _PRG_key2
0033954a   _PRG_key3
0033954b   _PRG_key4
0033954c   _PRG_key5
0033954d   _PRG_key6
0033954e   _PRG_key7
UNDEFED    _PieCtrlRegs
UNDEFED    _PieVectTable
00339550   _PieVectTableInit
00338985   _RTOSINT_ISR
00320183   _RamfuncsLoadEnd
00320000   _RamfuncsLoadStart
00008000   _RamfuncsRunStart
00338aac   _SCIRXINTA_ISR
00338ab6   _SCIRXINTB_ISR
00338aa2   _SCIRXINTC_ISR
00338ab1   _SCITXINTA_ISR
00338abb   _SCITXINTB_ISR
00338aa7   _SCITXINTC_ISR
003389d5   _SEQ1INT_ISR
003389da   _SEQ2INT_ISR
00338a5c   _SPIRXINTA_ISR
00338a61   _SPITXINTA_ISR
0000c006   _Sector
00339006   _ServiceDog
0033862b   _StartDMACH1
003386d2   _StartDMACH2
00338779   _StartDMACH3
00338820   _StartDMACH4
003388c7   _StartDMACH5
0033896e   _StartDMACH6
00007010   _SysCtrlRegs
003389ee   _TINT0_ISR
003389c6   _USER10_ISR
003389cb   _USER11_ISR
003389d0   _USER12_ISR
00338999   _USER1_ISR
0033899e   _USER2_ISR
003389a3   _USER3_ISR
003389a8   _USER4_ISR
003389ad   _USER5_ISR
003389b2   _USER6_ISR
003389b7   _USER7_ISR
003389bc   _USER8_ISR
003389c1   _USER9_ISR
003389f3   _WAKEINT_ISR
003389df   _XINT1_ISR
003389e4   _XINT2_ISR
00338ad4   _XINT3_ISR
00338ad9   _XINT4_ISR
00338ade   _XINT5_ISR
00338ae3   _XINT6_ISR
00338ae8   _XINT7_ISR
UNDEFED    _XintfRegs
00000400   __STACK_SIZE
ffffffff   ___binit__
ffffffff   ___c_args__
00339750   ___cinit__
0033954f   ___etext__
ffffffff   ___pinit__
00338000   ___text__
0033947a   __args_main
0000c15c   __cleanup_ptr
0000c15e   __dtors_ptr
0000c15a   __lock
0033953e   __nop
0033953a   __register_lock
00339536   __register_unlock
00000400   __stack
0000c158   __unlock
003394af   _abort
0033937f   _c_int00
00338c5f   _clkg_delay_loop
00338c41   _delay_loop
003394b1   _exit
00338c7f   _main
00338afc   _rsvd_ISR
ffffffff   binit
00339750   cinit
0033fff6   code_start
0033954f   etext
ffffffff   pinit


GLOBAL SYMBOLS: SORTED BY Symbol Address 

address    name
--------   ----
00000400   __STACK_SIZE
00000400   __stack
00000a80   _FlashRegs
00000ae0   _CsmRegs
00006f80   _GpioCtrlRegs
00006fc0   _GpioDataRegs
00007010   _SysCtrlRegs
00008000   _Example_CallFlashAPI
00008000   _RamfuncsRunStart
00008155   _Example_Error
0000815c   _Example_Done
00008160   _MyCallbackFunction
00008168   _InitFlash
0000c000   _MyCallbackCounter
0000c002   _FlashStatus
0000c006   _Sector
0000c040   _Buffer
0000c140   _CpuTimer1
0000c148   _CpuTimer2
0000c150   _CpuTimer0
0000c158   __unlock
0000c15a   __lock
0000c15c   __cleanup_ptr
0000c15e   __dtors_ptr
00320000   _RamfuncsLoadStart
00320183   _RamfuncsLoadEnd
00338000   .text
00338000   ___text__
00338577   _INT_NOTUSED_ISR
00338581   _DMAInitialize
0033858c   _DMACH1AddrConfig
0033859e   _DMACH1BurstConfig
003385ae   _DMACH1TransferConfig
003385be   _DMACH1WrapConfig
003385d1   _DMACH1ModeConfig
0033862b   _StartDMACH1
00338633   _DMACH2AddrConfig
00338645   _DMACH2BurstConfig
00338655   _DMACH2TransferConfig
00338665   _DMACH2WrapConfig
00338678   _DMACH2ModeConfig
003386d2   _StartDMACH2
003386da   _DMACH3AddrConfig
003386ec   _DMACH3BurstConfig
003386fc   _DMACH3TransferConfig
0033870c   _DMACH3WrapConfig
0033871f   _DMACH3ModeConfig
00338779   _StartDMACH3
00338781   _DMACH4AddrConfig
00338793   _DMACH4BurstConfig
003387a3   _DMACH4TransferConfig
003387b3   _DMACH4WrapConfig
003387c6   _DMACH4ModeConfig
00338820   _StartDMACH4
00338828   _DMACH5AddrConfig
0033883a   _DMACH5BurstConfig
0033884a   _DMACH5TransferConfig
0033885a   _DMACH5WrapConfig
0033886d   _DMACH5ModeConfig
003388c7   _StartDMACH5
003388cf   _DMACH6AddrConfig
003388e1   _DMACH6BurstConfig
003388f1   _DMACH6TransferConfig
00338901   _DMACH6WrapConfig
00338914   _DMACH6ModeConfig
0033896e   _StartDMACH6
00338976   _INT13_ISR
0033897b   _INT14_ISR
00338980   _DATALOG_ISR
00338985   _RTOSINT_ISR
0033898a   _EMUINT_ISR
0033898f   _NMI_ISR
00338994   _ILLEGAL_ISR
00338999   _USER1_ISR
0033899e   _USER2_ISR
003389a3   _USER3_ISR
003389a8   _USER4_ISR
003389ad   _USER5_ISR
003389b2   _USER6_ISR
003389b7   _USER7_ISR
003389bc   _USER8_ISR
003389c1   _USER9_ISR
003389c6   _USER10_ISR
003389cb   _USER11_ISR
003389d0   _USER12_ISR
003389d5   _SEQ1INT_ISR
003389da   _SEQ2INT_ISR
003389df   _XINT1_ISR
003389e4   _XINT2_ISR
003389e9   _ADCINT_ISR
003389ee   _TINT0_ISR
003389f3   _WAKEINT_ISR
003389f8   _EPWM1_TZINT_ISR
003389fd   _EPWM2_TZINT_ISR
00338a02   _EPWM3_TZINT_ISR
00338a07   _EPWM4_TZINT_ISR
00338a0c   _EPWM5_TZINT_ISR
00338a11   _EPWM6_TZINT_ISR
00338a16   _EPWM1_INT_ISR
00338a1b   _EPWM2_INT_ISR
00338a20   _EPWM3_INT_ISR
00338a25   _EPWM4_INT_ISR
00338a2a   _EPWM5_INT_ISR
00338a2f   _EPWM6_INT_ISR
00338a34   _ECAP1_INT_ISR
00338a39   _ECAP2_INT_ISR
00338a3e   _ECAP3_INT_ISR
00338a43   _ECAP4_INT_ISR
00338a48   _ECAP5_INT_ISR
00338a4d   _ECAP6_INT_ISR
00338a52   _EQEP1_INT_ISR
00338a57   _EQEP2_INT_ISR
00338a5c   _SPIRXINTA_ISR
00338a61   _SPITXINTA_ISR
00338a66   _MRINTB_ISR
00338a6b   _MXINTB_ISR
00338a70   _MRINTA_ISR
00338a75   _MXINTA_ISR
00338a7a   _DINTCH1_ISR
00338a7f   _DINTCH2_ISR
00338a84   _DINTCH3_ISR
00338a89   _DINTCH4_ISR
00338a8e   _DINTCH5_ISR
00338a93   _DINTCH6_ISR
00338a98   _I2CINT1A_ISR
00338a9d   _I2CINT2A_ISR
00338aa2   _SCIRXINTC_ISR
00338aa7   _SCITXINTC_ISR
00338aac   _SCIRXINTA_ISR
00338ab1   _SCITXINTA_ISR
00338ab6   _SCIRXINTB_ISR
00338abb   _SCITXINTB_ISR
00338ac0   _ECAN0INTA_ISR
00338ac5   _ECAN1INTA_ISR
00338aca   _ECAN0INTB_ISR
00338acf   _ECAN1INTB_ISR
00338ad4   _XINT3_ISR
00338ad9   _XINT4_ISR
00338ade   _XINT5_ISR
00338ae3   _XINT6_ISR
00338ae8   _XINT7_ISR
00338aed   _LVF_ISR
00338af2   _LUF_ISR
00338af7   _PIE_RESERVED
00338afc   _rsvd_ISR
00338b01   _InitMcbsp
00338b06   _InitMcbspa
00338b32   _InitMcbspb
00338b5e   _InitMcbspa8bit
00338b65   _InitMcbspa12bit
00338b70   _InitMcbspa16bit
00338b7b   _InitMcbspa20bit
00338b86   _InitMcbspa24bit
00338b91   _InitMcbspa32bit
00338b9c   _InitMcbspb8bit
00338ba3   _InitMcbspb12bit
00338bae   _InitMcbspb16bit
00338bb9   _InitMcbspb20bit
00338bc4   _InitMcbspb24bit
00338bcf   _InitMcbspb32bit
00338bda   _InitMcbspGpio
00338bdf   _InitMcbspaGpio
00338c19   _InitMcbspbGpio
00338c41   _delay_loop
00338c5f   _clkg_delay_loop
00338c7f   _main
00338ccf   _Example_CsmUnlock
00338d1e   _Example_ToggleTest
00338dc2   _Example_MemCopy
00338dd7   _InitECan
00338ddc   _InitECana
00338e5a   _InitECanb
00338ed8   _InitECanGpio
00338edd   _InitECanaGpio
00338ef3   _InitECanbGpio
00338f07   _InitXintf
00338f5c   _InitXintf32Gpio
00338fa3   _InitXintf16Gpio
00338ffd   _InitSysCtrl
00339006   _ServiceDog
00339010   _DisableDog
00339018   _InitPll
00339066   _InitPeripheralClocks
003390c1   _CsmUnlock
003390f2   _InitEPwm
003390f3   _InitEPwmGpio
00339100   _InitEPwm1Gpio
00339112   _InitEPwm2Gpio
00339124   _InitEPwm3Gpio
00339138   _InitEPwm4Gpio
0033914c   _InitEPwm5Gpio
0033915e   _InitEPwm6Gpio
00339170   _InitEPwmSyncGpio
00339184   _InitTzGpio
003391ba   _InitCpuTimers
003391f9   _ConfigCpuTimer
0033922b   _InitECap
0033922c   _InitECapGpio
00339239   _InitECap1Gpio
00339247   _InitECap2Gpio
00339253   _InitECap3Gpio
0033925f   _InitECap4Gpio
0033926b   _InitECap5Gpio
00339279   _InitECap6Gpio
00339287   FS$$MPY
003392e1   _InitEQep
003392e2   _InitEQepGpio
003392e7   _InitEQep1Gpio
00339311   _InitEQep2Gpio
00339337   _InitSci
00339338   _InitSciGpio
0033933f   _InitSciaGpio
00339355   _InitScibGpio
00339369   _InitScicGpio
0033937f   _c_int00
003393c3   _InitSpi
003393c4   _InitSpiGpio
003393c7   _InitSpiaGpio
003393ed   FS$$TOL
00339416   _InitPieCtrl
00339435   _EnableInterrupts
0033943e   _InitPieVectTable
0033947a   __args_main
00339495   L$$TOFS
003394af   C$$EXIT
003394af   _abort
003394b1   _exit
003394c8   _InitGpio
003394df   _InitI2C
003394e0   _InitI2CGpio
003394f6   FS$$CMP
0033950d   _MemCopy
00339522   _InitAdc
00339536   __register_unlock
0033953a   __register_lock
0033953e   __nop
00339547   _PRG_key0
00339548   _PRG_key1
00339549   _PRG_key2
0033954a   _PRG_key3
0033954b   _PRG_key4
0033954c   _PRG_key5
0033954d   _PRG_key6
0033954e   _PRG_key7
0033954f   ___etext__
0033954f   etext
00339550   _PieVectTableInit
00339750   ___cinit__
00339750   cinit
0033fff6   code_start
0033fff8   _CsmPwl
ffffffff   ___binit__
ffffffff   ___c_args__
ffffffff   ___pinit__
ffffffff   binit
ffffffff   pinit
UNDEFED    _ADC_cal
UNDEFED    _AdcRegs
UNDEFED    _CpuTimer0Regs
UNDEFED    _CpuTimer1Regs
UNDEFED    _CpuTimer2Regs
UNDEFED    _DSP28x_usDelay
UNDEFED    _DmaRegs
UNDEFED    _ECanaMboxes
UNDEFED    _ECanaRegs
UNDEFED    _ECanbMboxes
UNDEFED    _ECanbRegs
UNDEFED    _Flash28335_APIVersion
UNDEFED    _Flash28335_APIVersionHex
UNDEFED    _Flash28335_Erase
UNDEFED    _Flash28335_Program
UNDEFED    _Flash28335_ToggleTest
UNDEFED    _Flash28335_Verify
UNDEFED    _Flash28_API_LoadEnd
UNDEFED    _Flash28_API_LoadStart
UNDEFED    _Flash28_API_RunStart
UNDEFED    _Flash_CPUScaleFactor
UNDEFED    _Flash_CallbackPtr
UNDEFED    _McbspaRegs
UNDEFED    _McbspbRegs
UNDEFED    _PieCtrlRegs
UNDEFED    _PieVectTable
UNDEFED    _XintfRegs

[283 symbols]
