******************************************************************************
             TMS320C2000 Linker PC v5.1.1                      
******************************************************************************
>> Linked Tue Dec 16 06:48:25 2008

OUTPUT FILE NAME:   <./Debug/monitor_ctml.out>
ENTRY POINT SYMBOL: "code_start"  address: 0033fff6


MEMORY CONFIGURATION

         name            origin    length      used     unused   attr    fill
----------------------  --------  ---------  --------  --------  ----  --------
PAGE 0:
  BEGIN_M0              00000000   00000002  00000000  00000002  RWIX
  BOOT_RSVD             00000002   0000004e  00000000  0000004e  RWIX
  RAMM0                 00000050   000003b0  00000000  000003b0  RWIX
  RAMM1                 00000400   00000400  00000400  00000000  RWIX
  ZONE0                 00004000   00001000  00000000  00001000  RWIX
  RAML0                 00008000   00001000  00000526  00000ada  RWIX
  RAML1                 00009000   00001000  00000000  00001000  RWIX
  RAML2                 0000a000   00001000  00000000  00001000  RWIX
  RAML3                 0000b000   00001000  00000000  00001000  RWIX
  RAML4                 0000c000   00001000  000000d2  00000f2e  RWIX
  RAML5                 0000d000   00001000  00000000  00001000  RWIX
  RAML6                 0000e000   00001000  00000000  00001000  RWIX
  RAML7                 0000f000   00001000  00000000  00001000  RWIX
  ZONE6                 00100000   00100000  00000000  00100000  RWIX
  ZONE7A                00200000   0000fc00  00000000  0000fc00  RWIX
  ZONE7B                0020fc00   00000400  00000000  00000400  RWIX
  FLASHH                00300000   00008000  00000000  00008000  RWIX
  FLASHG                00308000   00008000  00000000  00008000  RWIX
  FLASHF                00310000   00008000  00000000  00008000  RWIX
  FLASHE                00318000   00008000  00000000  00008000  RWIX
  FLASHD                00320000   00008000  00000526  00007ada  RWIX
  FLASHC                00328000   00008000  00000000  00008000  RWIX
  FLASHB                00330000   00008000  00000000  00008000  RWIX
  FLASHA                00338000   00007f80  000028e3  0000569d  RWIX
  CSM_RSVD              0033ff80   00000076  00000076  00000000  RWIX
  BEGIN_FLASH           0033fff6   00000002  00000002  00000000  RWIX
  CSM_PWL_A             0033fff8   00000008  00000008  00000000  RWIX
  ADC_CAL               00380080   00000009  00000007  00000002  RWIX
  OTP                   00380400   00000400  00000000  00000400  RWIX
  IQTABLES              003fe000   00000b50  00000000  00000b50  RWIX
  IQTABLES2             003feb50   0000008c  00000000  0000008c  RWIX
  FPUTABLES             003febdc   000006a0  00000000  000006a0  RWIX
  BOOTROM               003ff27c   00000d44  00000000  00000d44  RWIX
  RESET                 003fffc0   00000002  00000000  00000002  RWIX
  VECTORS               003fffc2   0000003e  00000000  0000003e  RWIX

PAGE 1:
  DEV_EMU               00000880   00000180  000000d0  000000b0  RWIX
  FLASH_REGS            00000a80   00000060  00000008  00000058  RWIX
  CSM                   00000ae0   00000010  00000010  00000000  RWIX
  ADC_MIRROR            00000b00   00000010  00000010  00000000  RWIX
  XINTF                 00000b20   00000020  0000001e  00000002  RWIX
  CPU_TIMER0            00000c00   00000008  00000008  00000000  RWIX
  CPU_TIMER1            00000c08   00000008  00000008  00000000  RWIX
  CPU_TIMER2            00000c10   00000008  00000008  00000000  RWIX
  PIE_CTRL              00000ce0   00000020  0000001a  00000006  RWIX
  PIE_VECT              00000d00   00000100  00000100  00000000  RWIX
  DMA                   00001000   00000200  000000e0  00000120  RWIX
  MCBSPA                00005000   00000040  00000025  0000001b  RWIX
  MCBSPB                00005040   00000040  00000025  0000001b  RWIX
  ECANA                 00006000   00000040  00000034  0000000c  RWIX
  ECANA_LAM             00006040   00000040  00000040  00000000  RWIX
  ECANA_MOTS            00006080   00000040  00000040  00000000  RWIX
  ECANA_MOTO            000060c0   00000040  00000040  00000000  RWIX
  ECANA_MBOX            00006100   00000100  00000100  00000000  RWIX
  ECANB                 00006200   00000040  00000034  0000000c  RWIX
  ECANB_LAM             00006240   00000040  00000040  00000000  RWIX
  ECANB_MOTS            00006280   00000040  00000040  00000000  RWIX
  ECANB_MOTO            000062c0   00000040  00000040  00000000  RWIX
  ECANB_MBOX            00006300   00000100  00000100  00000000  RWIX
  EPWM1                 00006800   00000022  00000022  00000000  RWIX
  EPWM2                 00006840   00000022  00000022  00000000  RWIX
  EPWM3                 00006880   00000022  00000022  00000000  RWIX
  EPWM4                 000068c0   00000022  00000022  00000000  RWIX
  EPWM5                 00006900   00000022  00000022  00000000  RWIX
  EPWM6                 00006940   00000022  00000022  00000000  RWIX
  ECAP1                 00006a00   00000020  00000020  00000000  RWIX
  ECAP2                 00006a20   00000020  00000020  00000000  RWIX
  ECAP3                 00006a40   00000020  00000020  00000000  RWIX
  ECAP4                 00006a60   00000020  00000020  00000000  RWIX
  ECAP5                 00006a80   00000020  00000020  00000000  RWIX
  ECAP6                 00006aa0   00000020  00000020  00000000  RWIX
  EQEP1                 00006b00   00000040  00000040  00000000  RWIX
  EQEP2                 00006b40   00000040  00000040  00000000  RWIX
  GPIOCTRL              00006f80   00000040  0000002e  00000012  RWIX
  GPIODAT               00006fc0   00000020  00000020  00000000  RWIX
  GPIOINT               00006fe0   00000020  0000000a  00000016  RWIX
  SYSTEM                00007010   00000020  00000020  00000000  RWIX
  SPIA                  00007040   00000010  00000010  00000000  RWIX
  SCIA                  00007050   00000010  00000010  00000000  RWIX
  XINTRUPT              00007070   00000010  00000010  00000000  RWIX
  ADC                   00007100   00000020  0000001e  00000002  RWIX
  SCIB                  00007750   00000010  00000010  00000000  RWIX
  SCIC                  00007770   00000010  00000010  00000000  RWIX
  I2CA                  00007900   00000040  00000022  0000001e  RWIX
  CSM_PWL               0033fff8   00000008  00000008  00000000  RWIX
  PARTID                00380090   00000001  00000001  00000000  RWIX


SECTION ALLOCATION MAP

 output                                  attributes/
section   page    origin      length       input sections
--------  ----  ----------  ----------   ----------------
.pinit     0    00338000    00000000     UNINITIALIZED

.stack     1    00000400    00000400     UNINITIALIZED
                  00000400    00000400     --HOLE--

.ebss      1    0000c000    000000d2     UNINITIALIZED
                  0000c000    00000064     serial.obj (.ebss)
                  0000c064    00000018     DSP2833x_CpuTimers.obj (.ebss)
                  0000c07c    00000004     Flash28335_API_V210.lib : Flash28_Globals.obj (.ebss)
                  0000c080    00000034     vfd.obj (.ebss)
                  0000c0b4    00000004     rts2800_fpu32.lib : _lock.obj (.ebss)
                  0000c0b8    00000004                       : exit.obj (.ebss)
                  0000c0bc    00000004     --HOLE--
                  0000c0c0    00000012     flash.obj (.ebss)

Flash28_API 
*          0    00320000    00000507     RUN ADDR = 00008000
                  00320000    00000020     Flash28335_API_V210.lib : Flash28_Erase.obj (.econst:_Sector$1)
                  00320020    00000008                             : Flash28_Erase.obj (.econst:_SecKey$2)
                  00320028    000000aa                             : Flash28_Prog.obj (.text)
                  003200d2    000000a0                             : Flash28_Erase.obj (.text)
                  00320172    0000009a                             : Flash28_Erase_Pulse.obj (.text)
                  0032020c    00000084                             : Flash28_Internals.obj (.text)
                  00320290    00000080                             : Flash28_Prog_Pulse.obj (.text)
                  00320310    0000007d                             : Flash28_Compact_Pulse.obj (.text)
                  0032038d    0000005a                             : Flash28_EraseSector.obj (.text)
                  003203e7    00000053                             : Flash28_CompactSector.obj (.text)
                  0032043a    00000041                             : Flash28_ClearLoop.obj (.text)
                  0032047b    00000033                             : Flash28_ClearSector.obj (.text)
                  003204ae    00000029                             : Flash28_Init.obj (.text)
                  003204d7    00000014                             : Flash28_Utils.obj (.text)
                  003204eb    0000000d                             : Flash28_Delay.obj (.text)
                  003204f8    00000007                             : Flash28_DisInt.obj (.text)
                  003204ff    00000005                             : Flash28_Version.obj (.text)
                  00320504    00000003                             : Flash28_Version_Hex.obj (.text)

ramfuncs   0    00320507    0000001f     RUN ADDR = 00008507
                  00320507    0000001b     DSP2833x_SysCtrl.obj (ramfuncs)
                  00320522    00000004     DSP2833x_usDelay.obj (ramfuncs)

.text      0    00338000    00002239     
                  00338000    0000094a     rts2800_fpu32.lib : _printfi.obj (.text)
                  0033894a    0000040d     DSP2833x_DMA.obj (.text)
                  00338d57    00000351     flash.obj (.text)
                  003390a8    00000316     DSP2833x_DefaultIsr.obj (.text)
                  003393be    000001be     DSP2833x_ECan.obj (.text)
                  0033957c    0000016c     DSP2833x_Mcbsp.obj (.text)
                  003396e8    00000107     rts2800_fpu32.lib : ll_div.obj (.text)
                  003397ef    000000f8     DSP2833x_Xintf.obj (.text)
                  003398e7    000000c8     DSP2833x_EPwm.obj (.text)
                  003399af    000000bf     DSP2833x_SysCtrl.obj (.text)
                  00339a6e    0000009c     rts2800_fpu32.lib : fd_add.obj (.text)
                  00339b0a    00000098     main.obj (.text)
                  00339ba2    0000008b     rts2800_fpu32.lib : fd_div.obj (.text)
                  00339c2d    00000087     vfd.obj (.text)
                  00339cb4    00000083     rts2800_fpu32.lib : fd_mpy.obj (.text)
                  00339d37    00000079     DSP2833x_CpuTimers.obj (.text)
                  00339db0    0000005c     DSP2833x_ECap.obj (.text)
                  00339e0c    00000056     DSP2833x_EQep.obj (.text)
                  00339e62    00000046     rts2800_fpu32.lib : boot.obj (.text)
                  00339ea8    0000003b     DSP2833x_Sci.obj (.text)
                  00339ee3    00000039     serial.obj (.text)
                  00339f1c    00000031     rts2800_fpu32.lib : atoi.obj (.text)
                  00339f4d    0000002e                       : ltoa.obj (.text)
                  00339f7b    0000002e                       : vsprintf.obj (.text)
                  00339fa9    0000002a     DSP2833x_Spi.obj (.text)
                  00339fd3    0000002a     rts2800_fpu32.lib : fd_cmp.obj (.text)
                  00339ffd    0000002a                       : l_div.obj (.text)
                  0033a027    00000028     DSP2833x_PieCtrl.obj (.text)
                  0033a04f    00000023     DSP2833x_Gpio.obj (.text)
                  0033a072    00000021     rts2800_fpu32.lib : fd_toi.obj (.text)
                  0033a093    00000021                       : memcpy_ff.obj (.text)
                  0033a0b4    00000020     DSP2833x_PieVect.obj (.text)
                  0033a0d4    0000001f     rts2800_fpu32.lib : fd_tol.obj (.text)
                  0033a0f3    0000001e                       : ll_cmp.obj (.text)
                  0033a111    0000001c                       : fs_tofd.obj (.text)
                  0033a12d    0000001c                       : l_tofd.obj (.text)
                  0033a149    0000001b                       : args_main.obj (.text)
                  0033a164    00000019                       : exit.obj (.text)
                  0033a17d    00000017     DSP2833x_I2C.obj (.text)
                  0033a194    00000017     DSP2833x_MemCopy.obj (.text)
                  0033a1ab    00000014     DSP2833x_Adc.obj (.text)
                  0033a1bf    00000014     rts2800_fpu32.lib : ll_mpy.obj (.text)
                  0033a1d3    00000012                       : memccpy.obj (.text)
                  0033a1e5    0000000e                       : fd_sub.obj (.text)
                  0033a1f3    0000000a                       : strlen.obj (.text)
                  0033a1fd    00000009                       : _lock.obj (.text)
                  0033a206    00000009                       : fd_neg.obj (.text)
                  0033a20f    00000009                       : strcpy.obj (.text)
                  0033a218    00000008     DSP2833x_CodeStartBranch.obj (.text)
                  0033a220    00000008     Example_Flash2833x_CsmKeys.obj (.text)
                  0033a228    00000007     DSP2833x_DisInt.obj (.text)
                  0033a22f    00000007     rts2800_fpu32.lib : memset.obj (.text)
                  0033a236    00000003     DSP2833x_DBGIER.obj (.text)

.econst    0    0033a23a    00000686     
                  0033a23a    000002cd     flash.obj (.econst:.string)
                  0033a507    00000001     --HOLE-- [fill = 0]
                  0033a508    00000173     main.obj (.econst:.string)
                  0033a67b    00000101     rts2800_fpu32.lib : ctype.obj (.econst:__ctypes_)
                  0033a77c    00000100     DSP2833x_PieVect.obj (.econst)
                  0033a87c    00000024     rts2800_fpu32.lib : _printfi.obj (.econst:.string)
                  0033a8a0    00000018                       : _printfi.obj (.econst)
                  0033a8b8    00000008     flash.obj (.econst:_FlashSector)

.cinit     0    0033a8c0    00000024     
                  0033a8c0    0000000a     Flash28335_API_V210.lib : Flash28_Globals.obj (.cinit)
                  0033a8ca    0000000a     rts2800_fpu32.lib : _lock.obj (.cinit)
                  0033a8d4    0000000a                       : exit.obj (.cinit)
                  0033a8de    00000004     flash.obj (.cinit)
                  0033a8e2    00000002     --HOLE-- [fill = 0]

csm_rsvd   0    0033ff80    00000076     
                  0033ff80    00000076     DSP2833x_CSMPasswords.obj (csm_rsvd)

codestart 
*          0    0033fff6    00000002     
                  0033fff6    00000002     DSP2833x_CodeStartBranch.obj (codestart)

csmpasswds 
*          0    0033fff8    00000008     
                  0033fff8    00000008     DSP2833x_CSMPasswords.obj (csmpasswds)

.adc_cal   0    00380080    00000007     NOLOAD SECTION
                  00380080    00000007     DSP2833x_ADC_cal.obj (.adc_cal)

.reset     0    003fffc0    00000002     DSECT
                  003fffc0    00000002     rts2800_fpu32.lib : boot.obj (.reset)

vectors    0    003fffc2    00000000     DSECT

DevEmuRegsFile 
*          1    00000880    000000d0     UNINITIALIZED
                  00000880    000000d0     DSP2833x_GlobalVariableDefs.obj (DevEmuRegsFile)

FlashRegsFile 
*          1    00000a80    00000008     UNINITIALIZED
                  00000a80    00000008     DSP2833x_GlobalVariableDefs.obj (FlashRegsFile)

CsmRegsFile 
*          1    00000ae0    00000010     UNINITIALIZED
                  00000ae0    00000010     DSP2833x_GlobalVariableDefs.obj (CsmRegsFile)

AdcMirrorFile 
*          1    00000b00    00000010     UNINITIALIZED
                  00000b00    00000010     DSP2833x_GlobalVariableDefs.obj (AdcMirrorFile)

XintfRegsFile 
*          1    00000b20    0000001e     UNINITIALIZED
                  00000b20    0000001e     DSP2833x_GlobalVariableDefs.obj (XintfRegsFile)

CpuTimer0RegsFile 
*          1    00000c00    00000008     UNINITIALIZED
                  00000c00    00000008     DSP2833x_GlobalVariableDefs.obj (CpuTimer0RegsFile)

CpuTimer1RegsFile 
*          1    00000c08    00000008     UNINITIALIZED
                  00000c08    00000008     DSP2833x_GlobalVariableDefs.obj (CpuTimer1RegsFile)

CpuTimer2RegsFile 
*          1    00000c10    00000008     UNINITIALIZED
                  00000c10    00000008     DSP2833x_GlobalVariableDefs.obj (CpuTimer2RegsFile)

PieCtrlRegsFile 
*          1    00000ce0    0000001a     UNINITIALIZED
                  00000ce0    0000001a     DSP2833x_GlobalVariableDefs.obj (PieCtrlRegsFile)

PieVectTableFile 
*          1    00000d00    00000100     UNINITIALIZED
                  00000d00    00000100     DSP2833x_GlobalVariableDefs.obj (PieVectTableFile)

DmaRegsFile 
*          1    00001000    000000e0     UNINITIALIZED
                  00001000    000000e0     DSP2833x_GlobalVariableDefs.obj (DmaRegsFile)

McbspaRegsFile 
*          1    00005000    00000025     UNINITIALIZED
                  00005000    00000025     DSP2833x_GlobalVariableDefs.obj (McbspaRegsFile)

McbspbRegsFile 
*          1    00005040    00000025     UNINITIALIZED
                  00005040    00000025     DSP2833x_GlobalVariableDefs.obj (McbspbRegsFile)

ECanaRegsFile 
*          1    00006000    00000034     UNINITIALIZED
                  00006000    00000034     DSP2833x_GlobalVariableDefs.obj (ECanaRegsFile)

ECanaLAMRegsFile 
*          1    00006040    00000040     UNINITIALIZED
                  00006040    00000040     DSP2833x_GlobalVariableDefs.obj (ECanaLAMRegsFile)

ECanaMOTSRegsFile 
*          1    00006080    00000040     UNINITIALIZED
                  00006080    00000040     DSP2833x_GlobalVariableDefs.obj (ECanaMOTSRegsFile)

ECanaMOTORegsFile 
*          1    000060c0    00000040     UNINITIALIZED
                  000060c0    00000040     DSP2833x_GlobalVariableDefs.obj (ECanaMOTORegsFile)

ECanaMboxesFile 
*          1    00006100    00000100     UNINITIALIZED
                  00006100    00000100     DSP2833x_GlobalVariableDefs.obj (ECanaMboxesFile)

ECanbRegsFile 
*          1    00006200    00000034     UNINITIALIZED
                  00006200    00000034     DSP2833x_GlobalVariableDefs.obj (ECanbRegsFile)

ECanbLAMRegsFile 
*          1    00006240    00000040     UNINITIALIZED
                  00006240    00000040     DSP2833x_GlobalVariableDefs.obj (ECanbLAMRegsFile)

ECanbMOTSRegsFile 
*          1    00006280    00000040     UNINITIALIZED
                  00006280    00000040     DSP2833x_GlobalVariableDefs.obj (ECanbMOTSRegsFile)

ECanbMOTORegsFile 
*          1    000062c0    00000040     UNINITIALIZED
                  000062c0    00000040     DSP2833x_GlobalVariableDefs.obj (ECanbMOTORegsFile)

ECanbMboxesFile 
*          1    00006300    00000100     UNINITIALIZED
                  00006300    00000100     DSP2833x_GlobalVariableDefs.obj (ECanbMboxesFile)

EPwm1RegsFile 
*          1    00006800    00000022     UNINITIALIZED
                  00006800    00000022     DSP2833x_GlobalVariableDefs.obj (EPwm1RegsFile)

EPwm2RegsFile 
*          1    00006840    00000022     UNINITIALIZED
                  00006840    00000022     DSP2833x_GlobalVariableDefs.obj (EPwm2RegsFile)

EPwm3RegsFile 
*          1    00006880    00000022     UNINITIALIZED
                  00006880    00000022     DSP2833x_GlobalVariableDefs.obj (EPwm3RegsFile)

EPwm4RegsFile 
*          1    000068c0    00000022     UNINITIALIZED
                  000068c0    00000022     DSP2833x_GlobalVariableDefs.obj (EPwm4RegsFile)

EPwm5RegsFile 
*          1    00006900    00000022     UNINITIALIZED
                  00006900    00000022     DSP2833x_GlobalVariableDefs.obj (EPwm5RegsFile)

EPwm6RegsFile 
*          1    00006940    00000022     UNINITIALIZED
                  00006940    00000022     DSP2833x_GlobalVariableDefs.obj (EPwm6RegsFile)

ECap1RegsFile 
*          1    00006a00    00000020     UNINITIALIZED
                  00006a00    00000020     DSP2833x_GlobalVariableDefs.obj (ECap1RegsFile)

ECap2RegsFile 
*          1    00006a20    00000020     UNINITIALIZED
                  00006a20    00000020     DSP2833x_GlobalVariableDefs.obj (ECap2RegsFile)

ECap3RegsFile 
*          1    00006a40    00000020     UNINITIALIZED
                  00006a40    00000020     DSP2833x_GlobalVariableDefs.obj (ECap3RegsFile)

ECap4RegsFile 
*          1    00006a60    00000020     UNINITIALIZED
                  00006a60    00000020     DSP2833x_GlobalVariableDefs.obj (ECap4RegsFile)

ECap5RegsFile 
*          1    00006a80    00000020     UNINITIALIZED
                  00006a80    00000020     DSP2833x_GlobalVariableDefs.obj (ECap5RegsFile)

ECap6RegsFile 
*          1    00006aa0    00000020     UNINITIALIZED
                  00006aa0    00000020     DSP2833x_GlobalVariableDefs.obj (ECap6RegsFile)

EQep1RegsFile 
*          1    00006b00    00000040     UNINITIALIZED
                  00006b00    00000040     DSP2833x_GlobalVariableDefs.obj (EQep1RegsFile)

EQep2RegsFile 
*          1    00006b40    00000040     UNINITIALIZED
                  00006b40    00000040     DSP2833x_GlobalVariableDefs.obj (EQep2RegsFile)

GpioCtrlRegsFile 
*          1    00006f80    0000002e     UNINITIALIZED
                  00006f80    0000002e     DSP2833x_GlobalVariableDefs.obj (GpioCtrlRegsFile)

GpioDataRegsFile 
*          1    00006fc0    00000020     UNINITIALIZED
                  00006fc0    00000020     DSP2833x_GlobalVariableDefs.obj (GpioDataRegsFile)

GpioIntRegsFile 
*          1    00006fe0    0000000a     UNINITIALIZED
                  00006fe0    0000000a     DSP2833x_GlobalVariableDefs.obj (GpioIntRegsFile)

SysCtrlRegsFile 
*          1    00007010    00000020     UNINITIALIZED
                  00007010    00000020     DSP2833x_GlobalVariableDefs.obj (SysCtrlRegsFile)

SpiaRegsFile 
*          1    00007040    00000010     UNINITIALIZED
                  00007040    00000010     DSP2833x_GlobalVariableDefs.obj (SpiaRegsFile)

SciaRegsFile 
*          1    00007050    00000010     UNINITIALIZED
                  00007050    00000010     DSP2833x_GlobalVariableDefs.obj (SciaRegsFile)

XIntruptRegsFile 
*          1    00007070    00000010     UNINITIALIZED
                  00007070    00000010     DSP2833x_GlobalVariableDefs.obj (XIntruptRegsFile)

AdcRegsFile 
*          1    00007100    0000001e     UNINITIALIZED
                  00007100    0000001e     DSP2833x_GlobalVariableDefs.obj (AdcRegsFile)

ScibRegsFile 
*          1    00007750    00000010     UNINITIALIZED
                  00007750    00000010     DSP2833x_GlobalVariableDefs.obj (ScibRegsFile)

ScicRegsFile 
*          1    00007770    00000010     UNINITIALIZED
                  00007770    00000010     DSP2833x_GlobalVariableDefs.obj (ScicRegsFile)

I2caRegsFile 
*          1    00007900    00000022     UNINITIALIZED
                  00007900    00000022     DSP2833x_GlobalVariableDefs.obj (I2caRegsFile)

CsmPwlFile 
*          1    0033fff8    00000008     UNINITIALIZED
                  0033fff8    00000008     DSP2833x_GlobalVariableDefs.obj (CsmPwlFile)

PartIdRegsFile 
*          1    00380090    00000001     UNINITIALIZED
                  00380090    00000001     DSP2833x_GlobalVariableDefs.obj (PartIdRegsFile)


GLOBAL SYMBOLS: SORTED ALPHABETICALLY BY Name 

address    name
--------   ----
00338000   .text
0033a164   C$$EXIT
00339a6e   FD$$ADD
00339fd3   FD$$CMP
00339ba2   FD$$DIV
00339cb4   FD$$MPY
0033a206   FD$$NEG
0033a1e5   FD$$SUB
0033a072   FD$$TOI
0033a0d4   FD$$TOL
0033a111   FS$$TOFD
00339ffd   L$$DIV
0033a00c   L$$MOD
0033a12d   L$$TOFD
0033a0f3   LL$$CMP
003396e8   LL$$DIV
00339724   LL$$MOD
0033a1bf   LL$$MPY
0033a01a   UL$$DIV
0033a021   UL$$MOD
0033a105   ULL$$CMP
0033975e   ULL$$DIV
0033978d   ULL$$MOD
0033918e   _ADCINT_ISR
00380080   _ADC_cal
00000b00   _AdcMirror
00007100   _AdcRegs
00339d76   _ConfigCpuTimer
0000c074   _CpuTimer0
00000c00   _CpuTimer0Regs
0000c064   _CpuTimer1
00000c08   _CpuTimer1Regs
0000c06c   _CpuTimer2
00000c10   _CpuTimer2Regs
0033fff8   _CsmPwl
00000ae0   _CsmRegs
00339061   _CsmUnlock
003390bc   _DATALOG_ISR
003392b0   _DINTCH1_ISR
003392ba   _DINTCH2_ISR
003392c4   _DINTCH3_ISR
003392ce   _DINTCH4_ISR
003392d8   _DINTCH5_ISR
003392e2   _DINTCH6_ISR
00338955   _DMACH1AddrConfig
00338967   _DMACH1BurstConfig
0033899c   _DMACH1ModeConfig
00338978   _DMACH1TransferConfig
00338989   _DMACH1WrapConfig
00338a00   _DMACH2AddrConfig
00338a12   _DMACH2BurstConfig
00338a47   _DMACH2ModeConfig
00338a23   _DMACH2TransferConfig
00338a34   _DMACH2WrapConfig
00338aab   _DMACH3AddrConfig
00338abd   _DMACH3BurstConfig
00338af2   _DMACH3ModeConfig
00338ace   _DMACH3TransferConfig
00338adf   _DMACH3WrapConfig
00338b56   _DMACH4AddrConfig
00338b68   _DMACH4BurstConfig
00338b9d   _DMACH4ModeConfig
00338b79   _DMACH4TransferConfig
00338b8a   _DMACH4WrapConfig
00338c01   _DMACH5AddrConfig
00338c13   _DMACH5BurstConfig
00338c48   _DMACH5ModeConfig
00338c24   _DMACH5TransferConfig
00338c35   _DMACH5WrapConfig
00338cac   _DMACH6AddrConfig
00338cbe   _DMACH6BurstConfig
00338cf3   _DMACH6ModeConfig
00338ccf   _DMACH6TransferConfig
00338ce0   _DMACH6WrapConfig
0033894a   _DMAInitialize
0033a228   _DSP28x_DisableInt
0033a22c   _DSP28x_RestoreInt
00008522   _DSP28x_usDelay
00000880   _DevEmuRegs
003399c2   _DisableDog
00001000   _DmaRegs
0000c0ca   _DownLoadingHex
0033933c   _ECAN0INTA_ISR
00339350   _ECAN0INTB_ISR
00339346   _ECAN1INTA_ISR
0033935a   _ECAN1INTB_ISR
00339224   _ECAP1_INT_ISR
0033922e   _ECAP2_INT_ISR
00339238   _ECAP3_INT_ISR
00339242   _ECAP4_INT_ISR
0033924c   _ECAP5_INT_ISR
00339256   _ECAP6_INT_ISR
00006040   _ECanaLAMRegs
000060c0   _ECanaMOTORegs
00006080   _ECanaMOTSRegs
00006100   _ECanaMboxes
00006000   _ECanaRegs
00006240   _ECanbLAMRegs
000062c0   _ECanbMOTORegs
00006280   _ECanbMOTSRegs
00006300   _ECanbMboxes
00006200   _ECanbRegs
00006a00   _ECap1Regs
00006a20   _ECap2Regs
00006a40   _ECap3Regs
00006a60   _ECap4Regs
00006a80   _ECap5Regs
00006aa0   _ECap6Regs
003390d0   _EMUINT_ISR
003391e8   _EPWM1_INT_ISR
003391ac   _EPWM1_TZINT_ISR
003391f2   _EPWM2_INT_ISR
003391b6   _EPWM2_TZINT_ISR
003391fc   _EPWM3_INT_ISR
003391c0   _EPWM3_TZINT_ISR
00339206   _EPWM4_INT_ISR
003391ca   _EPWM4_TZINT_ISR
00339210   _EPWM5_INT_ISR
003391d4   _EPWM5_TZINT_ISR
0033921a   _EPWM6_INT_ISR
003391de   _EPWM6_TZINT_ISR
00006800   _EPwm1Regs
00006840   _EPwm2Regs
00006880   _EPwm3Regs
000068c0   _EPwm4Regs
00006900   _EPwm5Regs
00006940   _EPwm6Regs
00339260   _EQEP1_INT_ISR
0033926a   _EQEP2_INT_ISR
00006b00   _EQep1Regs
00006b40   _EQep2Regs
0033a046   _EnableInterrupts
00338e14   _Erase_AllFlash
00338da3   _Erase_SelectFlash
0000847b   _Fl28335_ClearSector
000083e7   _Fl28335_CompactSector
0000838d   _Fl28335_EraseSector
000084ae   _Fl28335_Init
0000843a   _Fl28x_ClearLoop
0000826e   _Fl28x_ClosePulse
0000834a   _Fl28x_CompactPulse
00008310   _Fl28x_CompactVerify
000084eb   _Fl28x_Delay
000084f8   _Fl28x_DisableInt
000084df   _Fl28x_DisableNMI
00008219   _Fl28x_EnterCmdMode
000081ba   _Fl28x_ErasePulse
00008172   _Fl28x_EraseVerify
0000823e   _Fl28x_FlashRegSleep
0000820c   _Fl28x_LeaveCmdMode
00008285   _Fl28x_MaskAll
0000825d   _Fl28x_OpenPulse
000082ce   _Fl28x_ProgPulse
00008290   _Fl28x_ProgVerify
000084fc   _Fl28x_RestoreInt
000084d7   _Fl28x_WatchDogDisable
000084ff   _Flash28335_APIVersion
00008504   _Flash28335_APIVersionHex
000080d2   _Flash28335_Erase
00008028   _Flash28335_Program
00320507   _Flash28_API_LoadEnd
00320000   _Flash28_API_LoadStart
00008000   _Flash28_API_RunStart
00338e70   _FlashBurnPrm
00000a80   _FlashRegs
0033a8b8   _FlashSector
0000c0c6   _FlashStatus
0000c07e   _Flash_CPUScaleFactor
0000c07c   _Flash_CallbackPtr
00338e54   _FlashtoRamDownloadPrm
00006f80   _GpioCtrlRegs
00006fc0   _GpioDataRegs
00006fe0   _GpioIntRegs
00339014   _HEXDOWN_AsciiConvert
0033904a   _HEXDOWN_AsciiToHex
003392ec   _I2CINT1A_ISR
003392f6   _I2CINT2A_ISR
00007900   _I2caRegs
003390e4   _ILLEGAL_ISR
003390a8   _INT13_ISR
003390b2   _INT14_ISR
0033a1ab   _InitAdc
00339d37   _InitCpuTimers
003393be   _InitECan
0033954d   _InitECanGpio
003393c3   _InitECana
00339552   _InitECanaGpio
00339488   _InitECanb
00339568   _InitECanbGpio
00339db0   _InitECap
00339dbe   _InitECap1Gpio
00339dcc   _InitECap2Gpio
00339dd8   _InitECap3Gpio
00339de4   _InitECap4Gpio
00339df0   _InitECap5Gpio
00339dfe   _InitECap6Gpio
00339db1   _InitECapGpio
003398e7   _InitEPwm
003398f5   _InitEPwm1Gpio
00339907   _InitEPwm2Gpio
00339919   _InitEPwm3Gpio
0033992d   _InitEPwm4Gpio
00339941   _InitEPwm5Gpio
00339953   _InitEPwm6Gpio
003398e8   _InitEPwmGpio
00339965   _InitEPwmSyncGpio
00339e0c   _InitEQep
00339e12   _InitEQep1Gpio
00339e3c   _InitEQep2Gpio
00339e0d   _InitEQepGpio
00008507   _InitFlash
00338d57   _InitFlashAPI
0033a04f   _InitGpio
0033a17d   _InitI2C
0033a17e   _InitI2CGpio
0033957c   _InitMcbsp
00339655   _InitMcbspGpio
00339581   _InitMcbspa
003395e0   _InitMcbspa12bit
003395eb   _InitMcbspa16bit
003395f6   _InitMcbspa20bit
00339601   _InitMcbspa24bit
0033960c   _InitMcbspa32bit
003395d9   _InitMcbspa8bit
0033965a   _InitMcbspaGpio
003395ad   _InitMcbspb
0033961e   _InitMcbspb12bit
00339629   _InitMcbspb16bit
00339634   _InitMcbspb20bit
0033963f   _InitMcbspb24bit
0033964a   _InitMcbspb32bit
00339617   _InitMcbspb8bit
00339694   _InitMcbspbGpio
00339a18   _InitPeripheralClocks
0033a027   _InitPieCtrl
0033a0b4   _InitPieVectTable
003399ca   _InitPll
00339ea8   _InitSci
00339ecb   _InitSciGpio
00339ece   _InitSciaGpio
00339fa9   _InitSpi
00339faa   _InitSpiGpio
00339fad   _InitSpiaGpio
003399af   _InitSysCtrl
00339b6d   _InitSystem
00339979   _InitTzGpio
00338f6e   _InitUserHexDownVariable
00338f75   _InitUserProgramData
00339c2d   _InitVFDBright
003397ef   _InitXintf
00339895   _InitXintf16Gpio
0033984e   _InitXintf32Gpio
003393a0   _LUF_ISR
00339396   _LVF_ISR
0033929c   _MRINTA_ISR
00339288   _MRINTB_ISR
003392a6   _MXINTA_ISR
00339292   _MXINTB_ISR
00005000   _McbspaRegs
00005040   _McbspbRegs
0033a194   _MemCopy
003390da   _NMI_ISR
003393aa   _PIE_RESERVED
0033a220   _PRG_key0
0033a221   _PRG_key1
0033a222   _PRG_key2
0033a223   _PRG_key3
0033a224   _PRG_key4
0033a225   _PRG_key5
0033a226   _PRG_key6
0033a227   _PRG_key7
00380090   _PartIdRegs
00000ce0   _PieCtrlRegs
00000d00   _PieVectTable
0033a77c   _PieVectTableInit
00339b72   _PrintMenu
003390c6   _RTOSINT_ISR
00320526   _RamfuncsLoadEnd
00320507   _RamfuncsLoadStart
00008507   _RamfuncsRunStart
00339314   _SCIRXINTA_ISR
00339328   _SCIRXINTB_ISR
00339300   _SCIRXINTC_ISR
0033931e   _SCITXINTA_ISR
00339332   _SCITXINTB_ISR
0033930a   _SCITXINTC_ISR
00339ee3   _SCIa_RxChar
00339eeb   _SCIa_TxChar
00339ef7   _SCIa_TxString
00338e2c   _SCItoRamDownloadPrm
00339166   _SEQ1INT_ISR
00339170   _SEQ2INT_ISR
00339274   _SPIRXINTA_ISR
0033927e   _SPITXINTA_ISR
00007050   _SciaRegs
00007750   _ScibRegs
00007770   _ScicRegs
003399b8   _ServiceDog
0033a236   _SetDBGIER
00007040   _SpiaRegs
003389f8   _StartDMACH1
00338aa3   _StartDMACH2
00338b4e   _StartDMACH3
00338bf9   _StartDMACH4
00338ca4   _StartDMACH5
00338d4f   _StartDMACH6
00007010   _SysCtrlRegs
00339198   _TINT0_ISR
00339f0b   _TxPrintf
00339148   _USER10_ISR
00339152   _USER11_ISR
0033915c   _USER12_ISR
003390ee   _USER1_ISR
003390f8   _USER2_ISR
00339102   _USER3_ISR
0033910c   _USER4_ISR
00339116   _USER5_ISR
00339120   _USER6_ISR
0033912a   _USER7_ISR
00339134   _USER8_ISR
0033913e   _USER9_ISR
00338f93   _UserPrmHexFileDownLoading
00338f7b   _UserProgramData
00338f62   _UserProgramStart
0000c080   _VFDAddr
0000c081   _VFDBright
00339c7e   _VFDMenu
00339c6d   _VFDPrintf
00339c3c   _VFDPutChar
00339c53   _VFDString
003391a2   _WAKEINT_ISR
0033917a   _XINT1_ISR
00339184   _XINT2_ISR
00339364   _XINT3_ISR
0033936e   _XINT4_ISR
00339378   _XINT5_ISR
00339382   _XINT6_ISR
0033938c   _XINT7_ISR
00007070   _XIntruptRegs
00000b20   _XintfRegs
00000400   __STACK_SIZE
ffffffff   ___binit__
ffffffff   ___c_args__
0033a8c0   ___cinit__
0033a239   ___etext__
0033a093   ___memcpy_ff
ffffffff   ___pinit__
00338000   ___text__
0033a149   __args_main
0000c0b8   __cleanup_ptr
0033a67b   __ctypes_
0000c0ba   __dtors_ptr
0000c0b6   __lock
0033a205   __nop
00338844   __printfi
0033a201   __register_lock
0033a1fd   __register_unlock
00000400   __stack
0000c0b4   __unlock
0033a164   _abort
00339f1c   _atoi
00339e62   _c_int00
003396d2   _clkg_delay_loop
003396bc   _delay_loop
0033a166   _exit
00339f4d   _ltoa
00339b0a   _main
0033a1d3   _memccpy
0033a22f   _memset
0000c0c2   _pFlashAdd
0000c0c4   _pRamAdd
003393b4   _rsvd_ISR
0033a20f   _strcpy
0033a1f3   _strlen
00339f7b   _vsprintf
ffffffff   binit
0033a8c0   cinit
0033fff6   code_start
0033a239   etext
ffffffff   pinit


GLOBAL SYMBOLS: SORTED BY Symbol Address 

address    name
--------   ----
00000400   __STACK_SIZE
00000400   __stack
00000880   _DevEmuRegs
00000a80   _FlashRegs
00000ae0   _CsmRegs
00000b00   _AdcMirror
00000b20   _XintfRegs
00000c00   _CpuTimer0Regs
00000c08   _CpuTimer1Regs
00000c10   _CpuTimer2Regs
00000ce0   _PieCtrlRegs
00000d00   _PieVectTable
00001000   _DmaRegs
00005000   _McbspaRegs
00005040   _McbspbRegs
00006000   _ECanaRegs
00006040   _ECanaLAMRegs
00006080   _ECanaMOTSRegs
000060c0   _ECanaMOTORegs
00006100   _ECanaMboxes
00006200   _ECanbRegs
00006240   _ECanbLAMRegs
00006280   _ECanbMOTSRegs
000062c0   _ECanbMOTORegs
00006300   _ECanbMboxes
00006800   _EPwm1Regs
00006840   _EPwm2Regs
00006880   _EPwm3Regs
000068c0   _EPwm4Regs
00006900   _EPwm5Regs
00006940   _EPwm6Regs
00006a00   _ECap1Regs
00006a20   _ECap2Regs
00006a40   _ECap3Regs
00006a60   _ECap4Regs
00006a80   _ECap5Regs
00006aa0   _ECap6Regs
00006b00   _EQep1Regs
00006b40   _EQep2Regs
00006f80   _GpioCtrlRegs
00006fc0   _GpioDataRegs
00006fe0   _GpioIntRegs
00007010   _SysCtrlRegs
00007040   _SpiaRegs
00007050   _SciaRegs
00007070   _XIntruptRegs
00007100   _AdcRegs
00007750   _ScibRegs
00007770   _ScicRegs
00007900   _I2caRegs
00008000   _Flash28_API_RunStart
00008028   _Flash28335_Program
000080d2   _Flash28335_Erase
00008172   _Fl28x_EraseVerify
000081ba   _Fl28x_ErasePulse
0000820c   _Fl28x_LeaveCmdMode
00008219   _Fl28x_EnterCmdMode
0000823e   _Fl28x_FlashRegSleep
0000825d   _Fl28x_OpenPulse
0000826e   _Fl28x_ClosePulse
00008285   _Fl28x_MaskAll
00008290   _Fl28x_ProgVerify
000082ce   _Fl28x_ProgPulse
00008310   _Fl28x_CompactVerify
0000834a   _Fl28x_CompactPulse
0000838d   _Fl28335_EraseSector
000083e7   _Fl28335_CompactSector
0000843a   _Fl28x_ClearLoop
0000847b   _Fl28335_ClearSector
000084ae   _Fl28335_Init
000084d7   _Fl28x_WatchDogDisable
000084df   _Fl28x_DisableNMI
000084eb   _Fl28x_Delay
000084f8   _Fl28x_DisableInt
000084fc   _Fl28x_RestoreInt
000084ff   _Flash28335_APIVersion
00008504   _Flash28335_APIVersionHex
00008507   _InitFlash
00008507   _RamfuncsRunStart
00008522   _DSP28x_usDelay
0000c064   _CpuTimer1
0000c06c   _CpuTimer2
0000c074   _CpuTimer0
0000c07c   _Flash_CallbackPtr
0000c07e   _Flash_CPUScaleFactor
0000c080   _VFDAddr
0000c081   _VFDBright
0000c0b4   __unlock
0000c0b6   __lock
0000c0b8   __cleanup_ptr
0000c0ba   __dtors_ptr
0000c0c2   _pFlashAdd
0000c0c4   _pRamAdd
0000c0c6   _FlashStatus
0000c0ca   _DownLoadingHex
00320000   _Flash28_API_LoadStart
00320507   _Flash28_API_LoadEnd
00320507   _RamfuncsLoadStart
00320526   _RamfuncsLoadEnd
00338000   .text
00338000   ___text__
00338844   __printfi
0033894a   _DMAInitialize
00338955   _DMACH1AddrConfig
00338967   _DMACH1BurstConfig
00338978   _DMACH1TransferConfig
00338989   _DMACH1WrapConfig
0033899c   _DMACH1ModeConfig
003389f8   _StartDMACH1
00338a00   _DMACH2AddrConfig
00338a12   _DMACH2BurstConfig
00338a23   _DMACH2TransferConfig
00338a34   _DMACH2WrapConfig
00338a47   _DMACH2ModeConfig
00338aa3   _StartDMACH2
00338aab   _DMACH3AddrConfig
00338abd   _DMACH3BurstConfig
00338ace   _DMACH3TransferConfig
00338adf   _DMACH3WrapConfig
00338af2   _DMACH3ModeConfig
00338b4e   _StartDMACH3
00338b56   _DMACH4AddrConfig
00338b68   _DMACH4BurstConfig
00338b79   _DMACH4TransferConfig
00338b8a   _DMACH4WrapConfig
00338b9d   _DMACH4ModeConfig
00338bf9   _StartDMACH4
00338c01   _DMACH5AddrConfig
00338c13   _DMACH5BurstConfig
00338c24   _DMACH5TransferConfig
00338c35   _DMACH5WrapConfig
00338c48   _DMACH5ModeConfig
00338ca4   _StartDMACH5
00338cac   _DMACH6AddrConfig
00338cbe   _DMACH6BurstConfig
00338ccf   _DMACH6TransferConfig
00338ce0   _DMACH6WrapConfig
00338cf3   _DMACH6ModeConfig
00338d4f   _StartDMACH6
00338d57   _InitFlashAPI
00338da3   _Erase_SelectFlash
00338e14   _Erase_AllFlash
00338e2c   _SCItoRamDownloadPrm
00338e54   _FlashtoRamDownloadPrm
00338e70   _FlashBurnPrm
00338f62   _UserProgramStart
00338f6e   _InitUserHexDownVariable
00338f75   _InitUserProgramData
00338f7b   _UserProgramData
00338f93   _UserPrmHexFileDownLoading
00339014   _HEXDOWN_AsciiConvert
0033904a   _HEXDOWN_AsciiToHex
00339061   _CsmUnlock
003390a8   _INT13_ISR
003390b2   _INT14_ISR
003390bc   _DATALOG_ISR
003390c6   _RTOSINT_ISR
003390d0   _EMUINT_ISR
003390da   _NMI_ISR
003390e4   _ILLEGAL_ISR
003390ee   _USER1_ISR
003390f8   _USER2_ISR
00339102   _USER3_ISR
0033910c   _USER4_ISR
00339116   _USER5_ISR
00339120   _USER6_ISR
0033912a   _USER7_ISR
00339134   _USER8_ISR
0033913e   _USER9_ISR
00339148   _USER10_ISR
00339152   _USER11_ISR
0033915c   _USER12_ISR
00339166   _SEQ1INT_ISR
00339170   _SEQ2INT_ISR
0033917a   _XINT1_ISR
00339184   _XINT2_ISR
0033918e   _ADCINT_ISR
00339198   _TINT0_ISR
003391a2   _WAKEINT_ISR
003391ac   _EPWM1_TZINT_ISR
003391b6   _EPWM2_TZINT_ISR
003391c0   _EPWM3_TZINT_ISR
003391ca   _EPWM4_TZINT_ISR
003391d4   _EPWM5_TZINT_ISR
003391de   _EPWM6_TZINT_ISR
003391e8   _EPWM1_INT_ISR
003391f2   _EPWM2_INT_ISR
003391fc   _EPWM3_INT_ISR
00339206   _EPWM4_INT_ISR
00339210   _EPWM5_INT_ISR
0033921a   _EPWM6_INT_ISR
00339224   _ECAP1_INT_ISR
0033922e   _ECAP2_INT_ISR
00339238   _ECAP3_INT_ISR
00339242   _ECAP4_INT_ISR
0033924c   _ECAP5_INT_ISR
00339256   _ECAP6_INT_ISR
00339260   _EQEP1_INT_ISR
0033926a   _EQEP2_INT_ISR
00339274   _SPIRXINTA_ISR
0033927e   _SPITXINTA_ISR
00339288   _MRINTB_ISR
00339292   _MXINTB_ISR
0033929c   _MRINTA_ISR
003392a6   _MXINTA_ISR
003392b0   _DINTCH1_ISR
003392ba   _DINTCH2_ISR
003392c4   _DINTCH3_ISR
003392ce   _DINTCH4_ISR
003392d8   _DINTCH5_ISR
003392e2   _DINTCH6_ISR
003392ec   _I2CINT1A_ISR
003392f6   _I2CINT2A_ISR
00339300   _SCIRXINTC_ISR
0033930a   _SCITXINTC_ISR
00339314   _SCIRXINTA_ISR
0033931e   _SCITXINTA_ISR
00339328   _SCIRXINTB_ISR
00339332   _SCITXINTB_ISR
0033933c   _ECAN0INTA_ISR
00339346   _ECAN1INTA_ISR
00339350   _ECAN0INTB_ISR
0033935a   _ECAN1INTB_ISR
00339364   _XINT3_ISR
0033936e   _XINT4_ISR
00339378   _XINT5_ISR
00339382   _XINT6_ISR
0033938c   _XINT7_ISR
00339396   _LVF_ISR
003393a0   _LUF_ISR
003393aa   _PIE_RESERVED
003393b4   _rsvd_ISR
003393be   _InitECan
003393c3   _InitECana
00339488   _InitECanb
0033954d   _InitECanGpio
00339552   _InitECanaGpio
00339568   _InitECanbGpio
0033957c   _InitMcbsp
00339581   _InitMcbspa
003395ad   _InitMcbspb
003395d9   _InitMcbspa8bit
003395e0   _InitMcbspa12bit
003395eb   _InitMcbspa16bit
003395f6   _InitMcbspa20bit
00339601   _InitMcbspa24bit
0033960c   _InitMcbspa32bit
00339617   _InitMcbspb8bit
0033961e   _InitMcbspb12bit
00339629   _InitMcbspb16bit
00339634   _InitMcbspb20bit
0033963f   _InitMcbspb24bit
0033964a   _InitMcbspb32bit
00339655   _InitMcbspGpio
0033965a   _InitMcbspaGpio
00339694   _InitMcbspbGpio
003396bc   _delay_loop
003396d2   _clkg_delay_loop
003396e8   LL$$DIV
00339724   LL$$MOD
0033975e   ULL$$DIV
0033978d   ULL$$MOD
003397ef   _InitXintf
0033984e   _InitXintf32Gpio
00339895   _InitXintf16Gpio
003398e7   _InitEPwm
003398e8   _InitEPwmGpio
003398f5   _InitEPwm1Gpio
00339907   _InitEPwm2Gpio
00339919   _InitEPwm3Gpio
0033992d   _InitEPwm4Gpio
00339941   _InitEPwm5Gpio
00339953   _InitEPwm6Gpio
00339965   _InitEPwmSyncGpio
00339979   _InitTzGpio
003399af   _InitSysCtrl
003399b8   _ServiceDog
003399c2   _DisableDog
003399ca   _InitPll
00339a18   _InitPeripheralClocks
00339a6e   FD$$ADD
00339b0a   _main
00339b6d   _InitSystem
00339b72   _PrintMenu
00339ba2   FD$$DIV
00339c2d   _InitVFDBright
00339c3c   _VFDPutChar
00339c53   _VFDString
00339c6d   _VFDPrintf
00339c7e   _VFDMenu
00339cb4   FD$$MPY
00339d37   _InitCpuTimers
00339d76   _ConfigCpuTimer
00339db0   _InitECap
00339db1   _InitECapGpio
00339dbe   _InitECap1Gpio
00339dcc   _InitECap2Gpio
00339dd8   _InitECap3Gpio
00339de4   _InitECap4Gpio
00339df0   _InitECap5Gpio
00339dfe   _InitECap6Gpio
00339e0c   _InitEQep
00339e0d   _InitEQepGpio
00339e12   _InitEQep1Gpio
00339e3c   _InitEQep2Gpio
00339e62   _c_int00
00339ea8   _InitSci
00339ecb   _InitSciGpio
00339ece   _InitSciaGpio
00339ee3   _SCIa_RxChar
00339eeb   _SCIa_TxChar
00339ef7   _SCIa_TxString
00339f0b   _TxPrintf
00339f1c   _atoi
00339f4d   _ltoa
00339f7b   _vsprintf
00339fa9   _InitSpi
00339faa   _InitSpiGpio
00339fad   _InitSpiaGpio
00339fd3   FD$$CMP
00339ffd   L$$DIV
0033a00c   L$$MOD
0033a01a   UL$$DIV
0033a021   UL$$MOD
0033a027   _InitPieCtrl
0033a046   _EnableInterrupts
0033a04f   _InitGpio
0033a072   FD$$TOI
0033a093   ___memcpy_ff
0033a0b4   _InitPieVectTable
0033a0d4   FD$$TOL
0033a0f3   LL$$CMP
0033a105   ULL$$CMP
0033a111   FS$$TOFD
0033a12d   L$$TOFD
0033a149   __args_main
0033a164   C$$EXIT
0033a164   _abort
0033a166   _exit
0033a17d   _InitI2C
0033a17e   _InitI2CGpio
0033a194   _MemCopy
0033a1ab   _InitAdc
0033a1bf   LL$$MPY
0033a1d3   _memccpy
0033a1e5   FD$$SUB
0033a1f3   _strlen
0033a1fd   __register_unlock
0033a201   __register_lock
0033a205   __nop
0033a206   FD$$NEG
0033a20f   _strcpy
0033a220   _PRG_key0
0033a221   _PRG_key1
0033a222   _PRG_key2
0033a223   _PRG_key3
0033a224   _PRG_key4
0033a225   _PRG_key5
0033a226   _PRG_key6
0033a227   _PRG_key7
0033a228   _DSP28x_DisableInt
0033a22c   _DSP28x_RestoreInt
0033a22f   _memset
0033a236   _SetDBGIER
0033a239   ___etext__
0033a239   etext
0033a67b   __ctypes_
0033a77c   _PieVectTableInit
0033a8b8   _FlashSector
0033a8c0   ___cinit__
0033a8c0   cinit
0033fff6   code_start
0033fff8   _CsmPwl
00380080   _ADC_cal
00380090   _PartIdRegs
ffffffff   ___binit__
ffffffff   ___c_args__
ffffffff   ___pinit__
ffffffff   binit
ffffffff   pinit

[380 symbols]
