******************************************************************************
             TMS320C2000 Linker PC v5.1.1                      
******************************************************************************
>> Linked Thu Dec 11 17:46:18 2008

OUTPUT FILE NAME:   <./Debug/monitor_ctml.out>
ENTRY POINT SYMBOL: "code_start"  address: 0033fff6


MEMORY CONFIGURATION

         name            origin    length      used     unused   attr    fill
----------------------  --------  ---------  --------  --------  ----  --------
PAGE 0:
  BEGIN_M0              00000000   00000002  00000000  00000002  RWIX
  BOOT_RSVD             00000002   0000004e  00000000  0000004e  RWIX
  RAMM0                 00000050   000003b0  00000000  000003b0  RWIX
  RAMM1                 00000400   00000400  00000400  00000000  RWIX
  ZONE0                 00004000   00001000  00000000  00001000  RWIX
  RAML0                 00008000   00001000  00000526  00000ada  RWIX
  RAML1                 00009000   00001000  00000000  00001000  RWIX
  RAML2                 0000a000   00001000  00000000  00001000  RWIX
  RAML3                 0000b000   00001000  00000000  00001000  RWIX
  RAML4                 0000c000   00001000  00000066  00000f9a  RWIX
  RAML5                 0000d000   00001000  00000000  00001000  RWIX
  RAML6                 0000e000   00001000  00000000  00001000  RWIX
  RAML7                 0000f000   00001000  00000000  00001000  RWIX
  ZONE6                 00100000   00100000  00000000  00100000  RWIX
  ZONE7A                00200000   0000fc00  00000000  0000fc00  RWIX
  ZONE7B                0020fc00   00000400  00000000  00000400  RWIX
  FLASHH                00300000   00008000  00000000  00008000  RWIX
  FLASHG                00308000   00008000  00000000  00008000  RWIX
  FLASHF                00310000   00008000  00000000  00008000  RWIX
  FLASHE                00318000   00008000  00000000  00008000  RWIX
  FLASHD                00320000   00008000  00000526  00007ada  RWIX
  FLASHC                00328000   00008000  00000000  00008000  RWIX
  FLASHB                00330000   00008000  00000000  00008000  RWIX
  FLASHA                00338000   00007f80  0000285b  00005725  RWIX
  CSM_RSVD              0033ff80   00000076  00000076  00000000  RWIX
  BEGIN_FLASH           0033fff6   00000002  00000002  00000000  RWIX
  CSM_PWL_A             0033fff8   00000008  00000008  00000000  RWIX
  ADC_CAL               00380080   00000009  00000007  00000002  RWIX
  OTP                   00380400   00000400  00000000  00000400  RWIX
  IQTABLES              003fe000   00000b50  00000000  00000b50  RWIX
  IQTABLES2             003feb50   0000008c  00000000  0000008c  RWIX
  FPUTABLES             003febdc   000006a0  00000000  000006a0  RWIX
  BOOTROM               003ff27c   00000d44  00000000  00000d44  RWIX
  RESET                 003fffc0   00000002  00000000  00000002  RWIX
  VECTORS               003fffc2   0000003e  00000000  0000003e  RWIX

PAGE 1:
  DEV_EMU               00000880   00000180  000000d0  000000b0  RWIX
  FLASH_REGS            00000a80   00000060  00000008  00000058  RWIX
  CSM                   00000ae0   00000010  00000010  00000000  RWIX
  ADC_MIRROR            00000b00   00000010  00000010  00000000  RWIX
  XINTF                 00000b20   00000020  0000001e  00000002  RWIX
  CPU_TIMER0            00000c00   00000008  00000008  00000000  RWIX
  CPU_TIMER1            00000c08   00000008  00000008  00000000  RWIX
  CPU_TIMER2            00000c10   00000008  00000008  00000000  RWIX
  PIE_CTRL              00000ce0   00000020  0000001a  00000006  RWIX
  PIE_VECT              00000d00   00000100  00000100  00000000  RWIX
  DMA                   00001000   00000200  000000e0  00000120  RWIX
  MCBSPA                00005000   00000040  00000025  0000001b  RWIX
  MCBSPB                00005040   00000040  00000025  0000001b  RWIX
  ECANA                 00006000   00000040  00000034  0000000c  RWIX
  ECANA_LAM             00006040   00000040  00000040  00000000  RWIX
  ECANA_MOTS            00006080   00000040  00000040  00000000  RWIX
  ECANA_MOTO            000060c0   00000040  00000040  00000000  RWIX
  ECANA_MBOX            00006100   00000100  00000100  00000000  RWIX
  ECANB                 00006200   00000040  00000034  0000000c  RWIX
  ECANB_LAM             00006240   00000040  00000040  00000000  RWIX
  ECANB_MOTS            00006280   00000040  00000040  00000000  RWIX
  ECANB_MOTO            000062c0   00000040  00000040  00000000  RWIX
  ECANB_MBOX            00006300   00000100  00000100  00000000  RWIX
  EPWM1                 00006800   00000022  00000022  00000000  RWIX
  EPWM2                 00006840   00000022  00000022  00000000  RWIX
  EPWM3                 00006880   00000022  00000022  00000000  RWIX
  EPWM4                 000068c0   00000022  00000022  00000000  RWIX
  EPWM5                 00006900   00000022  00000022  00000000  RWIX
  EPWM6                 00006940   00000022  00000022  00000000  RWIX
  ECAP1                 00006a00   00000020  00000020  00000000  RWIX
  ECAP2                 00006a20   00000020  00000020  00000000  RWIX
  ECAP3                 00006a40   00000020  00000020  00000000  RWIX
  ECAP4                 00006a60   00000020  00000020  00000000  RWIX
  ECAP5                 00006a80   00000020  00000020  00000000  RWIX
  ECAP6                 00006aa0   00000020  00000020  00000000  RWIX
  EQEP1                 00006b00   00000040  00000040  00000000  RWIX
  EQEP2                 00006b40   00000040  00000040  00000000  RWIX
  GPIOCTRL              00006f80   00000040  0000002e  00000012  RWIX
  GPIODAT               00006fc0   00000020  00000020  00000000  RWIX
  GPIOINT               00006fe0   00000020  0000000a  00000016  RWIX
  SYSTEM                00007010   00000020  00000020  00000000  RWIX
  SPIA                  00007040   00000010  00000010  00000000  RWIX
  SCIA                  00007050   00000010  00000010  00000000  RWIX
  XINTRUPT              00007070   00000010  00000010  00000000  RWIX
  ADC                   00007100   00000020  0000001e  00000002  RWIX
  SCIB                  00007750   00000010  00000010  00000000  RWIX
  SCIC                  00007770   00000010  00000010  00000000  RWIX
  I2CA                  00007900   00000040  00000022  0000001e  RWIX
  CSM_PWL               0033fff8   00000008  00000008  00000000  RWIX
  PARTID                00380090   00000001  00000001  00000000  RWIX


SECTION ALLOCATION MAP

 output                                  attributes/
section   page    origin      length       input sections
--------  ----  ----------  ----------   ----------------
.pinit     0    00338000    00000000     UNINITIALIZED

.stack     1    00000400    00000400     UNINITIALIZED
                  00000400    00000400     --HOLE--

.ebss      1    0000c000    00000066     UNINITIALIZED
                  0000c000    00000034     vfd.obj (.ebss)
                  0000c034    00000004     Flash28335_API_V210.lib : Flash28_Globals.obj (.ebss)
                  0000c038    00000004     rts2800_fpu32.lib : _lock.obj (.ebss)
                  0000c03c    00000004                       : exit.obj (.ebss)
                  0000c040    00000018     DSP2833x_CpuTimers.obj (.ebss)
                  0000c058    0000000e     flash.obj (.ebss)

Flash28_API 
*          0    00320000    00000507     RUN ADDR = 00008000
                  00320000    00000020     Flash28335_API_V210.lib : Flash28_Erase.obj (.econst:_Sector$1)
                  00320020    00000008                             : Flash28_Erase.obj (.econst:_SecKey$2)
                  00320028    000000aa                             : Flash28_Prog.obj (.text)
                  003200d2    000000a0                             : Flash28_Erase.obj (.text)
                  00320172    0000009a                             : Flash28_Erase_Pulse.obj (.text)
                  0032020c    00000084                             : Flash28_Internals.obj (.text)
                  00320290    00000080                             : Flash28_Prog_Pulse.obj (.text)
                  00320310    0000007d                             : Flash28_Compact_Pulse.obj (.text)
                  0032038d    0000005a                             : Flash28_EraseSector.obj (.text)
                  003203e7    00000053                             : Flash28_CompactSector.obj (.text)
                  0032043a    00000041                             : Flash28_ClearLoop.obj (.text)
                  0032047b    00000033                             : Flash28_ClearSector.obj (.text)
                  003204ae    00000029                             : Flash28_Init.obj (.text)
                  003204d7    00000014                             : Flash28_Utils.obj (.text)
                  003204eb    0000000d                             : Flash28_Delay.obj (.text)
                  003204f8    00000007                             : Flash28_DisInt.obj (.text)
                  003204ff    00000005                             : Flash28_Version.obj (.text)
                  00320504    00000003                             : Flash28_Version_Hex.obj (.text)

ramfuncs   0    00320507    0000001f     RUN ADDR = 00008507
                  00320507    0000001b     DSP2833x_SysCtrl.obj (ramfuncs)
                  00320522    00000004     DSP2833x_usDelay.obj (ramfuncs)

.text      0    00338000    000021cd     
                  00338000    0000094a     rts2800_fpu32.lib : _printfi.obj (.text)
                  0033894a    0000040d     DSP2833x_DMA.obj (.text)
                  00338d57    00000316     DSP2833x_DefaultIsr.obj (.text)
                  0033906d    000002d6     flash.obj (.text)
                  00339343    000001be     DSP2833x_ECan.obj (.text)
                  00339501    0000016c     DSP2833x_Mcbsp.obj (.text)
                  0033966d    00000107     rts2800_fpu32.lib : ll_div.obj (.text)
                  00339774    000000f6     DSP2833x_Xintf.obj (.text)
                  0033986a    000000f5     DSP2833x_SysCtrl.obj (.text)
                  0033995f    000000c8     DSP2833x_EPwm.obj (.text)
                  00339a27    000000a7     main.obj (.text)
                  00339ace    0000009c     rts2800_fpu32.lib : fd_add.obj (.text)
                  00339b6a    0000008b                       : fd_div.obj (.text)
                  00339bf5    00000087     vfd.obj (.text)
                  00339c7c    00000083     rts2800_fpu32.lib : fd_mpy.obj (.text)
                  00339cff    00000079     DSP2833x_CpuTimers.obj (.text)
                  00339d78    0000005c     DSP2833x_ECap.obj (.text)
                  00339dd4    00000056     DSP2833x_EQep.obj (.text)
                  00339e2a    00000048     DSP2833x_Sci.obj (.text)
                  00339e72    00000046     rts2800_fpu32.lib : boot.obj (.text)
                  00339eb8    00000031                       : atoi.obj (.text)
                  00339ee9    0000002e                       : ltoa.obj (.text)
                  00339f17    0000002e                       : vsprintf.obj (.text)
                  00339f45    0000002a     DSP2833x_Spi.obj (.text)
                  00339f6f    0000002a     rts2800_fpu32.lib : fd_cmp.obj (.text)
                  00339f99    0000002a                       : l_div.obj (.text)
                  00339fc3    00000028     DSP2833x_PieCtrl.obj (.text)
                  00339feb    00000023     DSP2833x_Gpio.obj (.text)
                  0033a00e    00000021     rts2800_fpu32.lib : fd_toi.obj (.text)
                  0033a02f    00000021                       : memcpy_ff.obj (.text)
                  0033a050    00000020     DSP2833x_PieVect.obj (.text)
                  0033a070    0000001f     rts2800_fpu32.lib : fd_tol.obj (.text)
                  0033a08f    0000001e                       : ll_cmp.obj (.text)
                  0033a0ad    0000001c                       : fs_tofd.obj (.text)
                  0033a0c9    0000001c                       : l_tofd.obj (.text)
                  0033a0e5    0000001b                       : args_main.obj (.text)
                  0033a100    00000019                       : exit.obj (.text)
                  0033a119    00000017     DSP2833x_I2C.obj (.text)
                  0033a130    00000017     DSP2833x_MemCopy.obj (.text)
                  0033a147    00000014     DSP2833x_Adc.obj (.text)
                  0033a15b    00000014     rts2800_fpu32.lib : ll_mpy.obj (.text)
                  0033a16f    00000012                       : memccpy.obj (.text)
                  0033a181    0000000e                       : fd_sub.obj (.text)
                  0033a18f    0000000a                       : strlen.obj (.text)
                  0033a199    00000009                       : _lock.obj (.text)
                  0033a1a2    00000009                       : fd_neg.obj (.text)
                  0033a1ab    00000009                       : strcpy.obj (.text)
                  0033a1b4    00000008     DSP2833x_CodeStartBranch.obj (.text)
                  0033a1bc    00000007     DSP2833x_DisInt.obj (.text)
                  0033a1c3    00000007     rts2800_fpu32.lib : memset.obj (.text)
                  0033a1ca    00000003     DSP2833x_DBGIER.obj (.text)

.econst    0    0033a1ce    0000066a     
                  0033a1ce    00000275     flash.obj (.econst:.string)
                  0033a443    00000001     --HOLE-- [fill = 0]
                  0033a444    000001ae     main.obj (.econst:.string)
                  0033a5f2    00000101     rts2800_fpu32.lib : ctype.obj (.econst:__ctypes_)
                  0033a6f3    00000001     --HOLE-- [fill = 0]
                  0033a6f4    00000100     DSP2833x_PieVect.obj (.econst)
                  0033a7f4    00000024     rts2800_fpu32.lib : _printfi.obj (.econst:.string)
                  0033a818    00000018                       : _printfi.obj (.econst)
                  0033a830    00000008     flash.obj (.econst:_FlashSector)

.cinit     0    0033a838    00000024     
                  0033a838    0000000a     Flash28335_API_V210.lib : Flash28_Globals.obj (.cinit)
                  0033a842    0000000a     rts2800_fpu32.lib : _lock.obj (.cinit)
                  0033a84c    0000000a                       : exit.obj (.cinit)
                  0033a856    00000004     flash.obj (.cinit)
                  0033a85a    00000002     --HOLE-- [fill = 0]

csm_rsvd   0    0033ff80    00000076     
                  0033ff80    00000076     DSP2833x_CSMPasswords.obj (csm_rsvd)

codestart 
*          0    0033fff6    00000002     
                  0033fff6    00000002     DSP2833x_CodeStartBranch.obj (codestart)

csmpasswds 
*          0    0033fff8    00000008     
                  0033fff8    00000008     DSP2833x_CSMPasswords.obj (csmpasswds)

.adc_cal   0    00380080    00000007     NOLOAD SECTION
                  00380080    00000007     DSP2833x_ADC_cal.obj (.adc_cal)

.reset     0    003fffc0    00000002     DSECT
                  003fffc0    00000002     rts2800_fpu32.lib : boot.obj (.reset)

vectors    0    003fffc2    00000000     DSECT

DevEmuRegsFile 
*          1    00000880    000000d0     UNINITIALIZED
                  00000880    000000d0     DSP2833x_GlobalVariableDefs.obj (DevEmuRegsFile)

FlashRegsFile 
*          1    00000a80    00000008     UNINITIALIZED
                  00000a80    00000008     DSP2833x_GlobalVariableDefs.obj (FlashRegsFile)

CsmRegsFile 
*          1    00000ae0    00000010     UNINITIALIZED
                  00000ae0    00000010     DSP2833x_GlobalVariableDefs.obj (CsmRegsFile)

AdcMirrorFile 
*          1    00000b00    00000010     UNINITIALIZED
                  00000b00    00000010     DSP2833x_GlobalVariableDefs.obj (AdcMirrorFile)

XintfRegsFile 
*          1    00000b20    0000001e     UNINITIALIZED
                  00000b20    0000001e     DSP2833x_GlobalVariableDefs.obj (XintfRegsFile)

CpuTimer0RegsFile 
*          1    00000c00    00000008     UNINITIALIZED
                  00000c00    00000008     DSP2833x_GlobalVariableDefs.obj (CpuTimer0RegsFile)

CpuTimer1RegsFile 
*          1    00000c08    00000008     UNINITIALIZED
                  00000c08    00000008     DSP2833x_GlobalVariableDefs.obj (CpuTimer1RegsFile)

CpuTimer2RegsFile 
*          1    00000c10    00000008     UNINITIALIZED
                  00000c10    00000008     DSP2833x_GlobalVariableDefs.obj (CpuTimer2RegsFile)

PieCtrlRegsFile 
*          1    00000ce0    0000001a     UNINITIALIZED
                  00000ce0    0000001a     DSP2833x_GlobalVariableDefs.obj (PieCtrlRegsFile)

PieVectTableFile 
*          1    00000d00    00000100     UNINITIALIZED
                  00000d00    00000100     DSP2833x_GlobalVariableDefs.obj (PieVectTableFile)

DmaRegsFile 
*          1    00001000    000000e0     UNINITIALIZED
                  00001000    000000e0     DSP2833x_GlobalVariableDefs.obj (DmaRegsFile)

McbspaRegsFile 
*          1    00005000    00000025     UNINITIALIZED
                  00005000    00000025     DSP2833x_GlobalVariableDefs.obj (McbspaRegsFile)

McbspbRegsFile 
*          1    00005040    00000025     UNINITIALIZED
                  00005040    00000025     DSP2833x_GlobalVariableDefs.obj (McbspbRegsFile)

ECanaRegsFile 
*          1    00006000    00000034     UNINITIALIZED
                  00006000    00000034     DSP2833x_GlobalVariableDefs.obj (ECanaRegsFile)

ECanaLAMRegsFile 
*          1    00006040    00000040     UNINITIALIZED
                  00006040    00000040     DSP2833x_GlobalVariableDefs.obj (ECanaLAMRegsFile)

ECanaMOTSRegsFile 
*          1    00006080    00000040     UNINITIALIZED
                  00006080    00000040     DSP2833x_GlobalVariableDefs.obj (ECanaMOTSRegsFile)

ECanaMOTORegsFile 
*          1    000060c0    00000040     UNINITIALIZED
                  000060c0    00000040     DSP2833x_GlobalVariableDefs.obj (ECanaMOTORegsFile)

ECanaMboxesFile 
*          1    00006100    00000100     UNINITIALIZED
                  00006100    00000100     DSP2833x_GlobalVariableDefs.obj (ECanaMboxesFile)

ECanbRegsFile 
*          1    00006200    00000034     UNINITIALIZED
                  00006200    00000034     DSP2833x_GlobalVariableDefs.obj (ECanbRegsFile)

ECanbLAMRegsFile 
*          1    00006240    00000040     UNINITIALIZED
                  00006240    00000040     DSP2833x_GlobalVariableDefs.obj (ECanbLAMRegsFile)

ECanbMOTSRegsFile 
*          1    00006280    00000040     UNINITIALIZED
                  00006280    00000040     DSP2833x_GlobalVariableDefs.obj (ECanbMOTSRegsFile)

ECanbMOTORegsFile 
*          1    000062c0    00000040     UNINITIALIZED
                  000062c0    00000040     DSP2833x_GlobalVariableDefs.obj (ECanbMOTORegsFile)

ECanbMboxesFile 
*          1    00006300    00000100     UNINITIALIZED
                  00006300    00000100     DSP2833x_GlobalVariableDefs.obj (ECanbMboxesFile)

EPwm1RegsFile 
*          1    00006800    00000022     UNINITIALIZED
                  00006800    00000022     DSP2833x_GlobalVariableDefs.obj (EPwm1RegsFile)

EPwm2RegsFile 
*          1    00006840    00000022     UNINITIALIZED
                  00006840    00000022     DSP2833x_GlobalVariableDefs.obj (EPwm2RegsFile)

EPwm3RegsFile 
*          1    00006880    00000022     UNINITIALIZED
                  00006880    00000022     DSP2833x_GlobalVariableDefs.obj (EPwm3RegsFile)

EPwm4RegsFile 
*          1    000068c0    00000022     UNINITIALIZED
                  000068c0    00000022     DSP2833x_GlobalVariableDefs.obj (EPwm4RegsFile)

EPwm5RegsFile 
*          1    00006900    00000022     UNINITIALIZED
                  00006900    00000022     DSP2833x_GlobalVariableDefs.obj (EPwm5RegsFile)

EPwm6RegsFile 
*          1    00006940    00000022     UNINITIALIZED
                  00006940    00000022     DSP2833x_GlobalVariableDefs.obj (EPwm6RegsFile)

ECap1RegsFile 
*          1    00006a00    00000020     UNINITIALIZED
                  00006a00    00000020     DSP2833x_GlobalVariableDefs.obj (ECap1RegsFile)

ECap2RegsFile 
*          1    00006a20    00000020     UNINITIALIZED
                  00006a20    00000020     DSP2833x_GlobalVariableDefs.obj (ECap2RegsFile)

ECap3RegsFile 
*          1    00006a40    00000020     UNINITIALIZED
                  00006a40    00000020     DSP2833x_GlobalVariableDefs.obj (ECap3RegsFile)

ECap4RegsFile 
*          1    00006a60    00000020     UNINITIALIZED
                  00006a60    00000020     DSP2833x_GlobalVariableDefs.obj (ECap4RegsFile)

ECap5RegsFile 
*          1    00006a80    00000020     UNINITIALIZED
                  00006a80    00000020     DSP2833x_GlobalVariableDefs.obj (ECap5RegsFile)

ECap6RegsFile 
*          1    00006aa0    00000020     UNINITIALIZED
                  00006aa0    00000020     DSP2833x_GlobalVariableDefs.obj (ECap6RegsFile)

EQep1RegsFile 
*          1    00006b00    00000040     UNINITIALIZED
                  00006b00    00000040     DSP2833x_GlobalVariableDefs.obj (EQep1RegsFile)

EQep2RegsFile 
*          1    00006b40    00000040     UNINITIALIZED
                  00006b40    00000040     DSP2833x_GlobalVariableDefs.obj (EQep2RegsFile)

GpioCtrlRegsFile 
*          1    00006f80    0000002e     UNINITIALIZED
                  00006f80    0000002e     DSP2833x_GlobalVariableDefs.obj (GpioCtrlRegsFile)

GpioDataRegsFile 
*          1    00006fc0    00000020     UNINITIALIZED
                  00006fc0    00000020     DSP2833x_GlobalVariableDefs.obj (GpioDataRegsFile)

GpioIntRegsFile 
*          1    00006fe0    0000000a     UNINITIALIZED
                  00006fe0    0000000a     DSP2833x_GlobalVariableDefs.obj (GpioIntRegsFile)

SysCtrlRegsFile 
*          1    00007010    00000020     UNINITIALIZED
                  00007010    00000020     DSP2833x_GlobalVariableDefs.obj (SysCtrlRegsFile)

SpiaRegsFile 
*          1    00007040    00000010     UNINITIALIZED
                  00007040    00000010     DSP2833x_GlobalVariableDefs.obj (SpiaRegsFile)

SciaRegsFile 
*          1    00007050    00000010     UNINITIALIZED
                  00007050    00000010     DSP2833x_GlobalVariableDefs.obj (SciaRegsFile)

XIntruptRegsFile 
*          1    00007070    00000010     UNINITIALIZED
                  00007070    00000010     DSP2833x_GlobalVariableDefs.obj (XIntruptRegsFile)

AdcRegsFile 
*          1    00007100    0000001e     UNINITIALIZED
                  00007100    0000001e     DSP2833x_GlobalVariableDefs.obj (AdcRegsFile)

ScibRegsFile 
*          1    00007750    00000010     UNINITIALIZED
                  00007750    00000010     DSP2833x_GlobalVariableDefs.obj (ScibRegsFile)

ScicRegsFile 
*          1    00007770    00000010     UNINITIALIZED
                  00007770    00000010     DSP2833x_GlobalVariableDefs.obj (ScicRegsFile)

I2caRegsFile 
*          1    00007900    00000022     UNINITIALIZED
                  00007900    00000022     DSP2833x_GlobalVariableDefs.obj (I2caRegsFile)

CsmPwlFile 
*          1    0033fff8    00000008     UNINITIALIZED
                  0033fff8    00000008     DSP2833x_GlobalVariableDefs.obj (CsmPwlFile)

PartIdRegsFile 
*          1    00380090    00000001     UNINITIALIZED
                  00380090    00000001     DSP2833x_GlobalVariableDefs.obj (PartIdRegsFile)


GLOBAL SYMBOLS: SORTED ALPHABETICALLY BY Name 

address    name
--------   ----
00338000   .text
0033a100   C$$EXIT
00339ace   FD$$ADD
00339f6f   FD$$CMP
00339b6a   FD$$DIV
00339c7c   FD$$MPY
0033a1a2   FD$$NEG
0033a181   FD$$SUB
0033a00e   FD$$TOI
0033a070   FD$$TOL
0033a0ad   FS$$TOFD
00339f99   L$$DIV
00339fa8   L$$MOD
0033a0c9   L$$TOFD
0033a08f   LL$$CMP
0033966d   LL$$DIV
003396a9   LL$$MOD
0033a15b   LL$$MPY
00339fb6   UL$$DIV
00339fbd   UL$$MOD
0033a0a1   ULL$$CMP
003396e3   ULL$$DIV
00339712   ULL$$MOD
00338e3d   _ADCINT_ISR
00380080   _ADC_cal
00000b00   _AdcMirror
00007100   _AdcRegs
00339d3e   _ConfigCpuTimer
0000c050   _CpuTimer0
00000c00   _CpuTimer0Regs
0000c040   _CpuTimer1
00000c08   _CpuTimer1Regs
0000c048   _CpuTimer2
00000c10   _CpuTimer2Regs
0033fff8   _CsmPwl
00000ae0   _CsmRegs
0033992e   _CsmUnlock
00338d6b   _DATALOG_ISR
00338f5f   _DINTCH1_ISR
00338f69   _DINTCH2_ISR
00338f73   _DINTCH3_ISR
00338f7d   _DINTCH4_ISR
00338f87   _DINTCH5_ISR
00338f91   _DINTCH6_ISR
00338955   _DMACH1AddrConfig
00338967   _DMACH1BurstConfig
0033899c   _DMACH1ModeConfig
00338978   _DMACH1TransferConfig
00338989   _DMACH1WrapConfig
00338a00   _DMACH2AddrConfig
00338a12   _DMACH2BurstConfig
00338a47   _DMACH2ModeConfig
00338a23   _DMACH2TransferConfig
00338a34   _DMACH2WrapConfig
00338aab   _DMACH3AddrConfig
00338abd   _DMACH3BurstConfig
00338af2   _DMACH3ModeConfig
00338ace   _DMACH3TransferConfig
00338adf   _DMACH3WrapConfig
00338b56   _DMACH4AddrConfig
00338b68   _DMACH4BurstConfig
00338b9d   _DMACH4ModeConfig
00338b79   _DMACH4TransferConfig
00338b8a   _DMACH4WrapConfig
00338c01   _DMACH5AddrConfig
00338c13   _DMACH5BurstConfig
00338c48   _DMACH5ModeConfig
00338c24   _DMACH5TransferConfig
00338c35   _DMACH5WrapConfig
00338cac   _DMACH6AddrConfig
00338cbe   _DMACH6BurstConfig
00338cf3   _DMACH6ModeConfig
00338ccf   _DMACH6TransferConfig
00338ce0   _DMACH6WrapConfig
0033894a   _DMAInitialize
0033a1bc   _DSP28x_DisableInt
0033a1c0   _DSP28x_RestoreInt
00008522   _DSP28x_usDelay
00339107   _DeleteAllFlash
00339095   _DeleteSecletFlash
00000880   _DevEmuRegs
0033987d   _DisableDog
00001000   _DmaRegs
0000c05e   _DownLoadingHex
00338feb   _ECAN0INTA_ISR
00338fff   _ECAN0INTB_ISR
00338ff5   _ECAN1INTA_ISR
00339009   _ECAN1INTB_ISR
00338ed3   _ECAP1_INT_ISR
00338edd   _ECAP2_INT_ISR
00338ee7   _ECAP3_INT_ISR
00338ef1   _ECAP4_INT_ISR
00338efb   _ECAP5_INT_ISR
00338f05   _ECAP6_INT_ISR
00006040   _ECanaLAMRegs
000060c0   _ECanaMOTORegs
00006080   _ECanaMOTSRegs
00006100   _ECanaMboxes
00006000   _ECanaRegs
00006240   _ECanbLAMRegs
000062c0   _ECanbMOTORegs
00006280   _ECanbMOTSRegs
00006300   _ECanbMboxes
00006200   _ECanbRegs
00006a00   _ECap1Regs
00006a20   _ECap2Regs
00006a40   _ECap3Regs
00006a60   _ECap4Regs
00006a80   _ECap5Regs
00006aa0   _ECap6Regs
00338d7f   _EMUINT_ISR
00338e97   _EPWM1_INT_ISR
00338e5b   _EPWM1_TZINT_ISR
00338ea1   _EPWM2_INT_ISR
00338e65   _EPWM2_TZINT_ISR
00338eab   _EPWM3_INT_ISR
00338e6f   _EPWM3_TZINT_ISR
00338eb5   _EPWM4_INT_ISR
00338e79   _EPWM4_TZINT_ISR
00338ebf   _EPWM5_INT_ISR
00338e83   _EPWM5_TZINT_ISR
00338ec9   _EPWM6_INT_ISR
00338e8d   _EPWM6_TZINT_ISR
00006800   _EPwm1Regs
00006840   _EPwm2Regs
00006880   _EPwm3Regs
000068c0   _EPwm4Regs
00006900   _EPwm5Regs
00006940   _EPwm6Regs
00338f0f   _EQEP1_INT_ISR
00338f19   _EQEP2_INT_ISR
00006b00   _EQep1Regs
00006b40   _EQep2Regs
00339fe2   _EnableInterrupts
0000847b   _Fl28335_ClearSector
000083e7   _Fl28335_CompactSector
0000838d   _Fl28335_EraseSector
000084ae   _Fl28335_Init
0000843a   _Fl28x_ClearLoop
0000826e   _Fl28x_ClosePulse
0000834a   _Fl28x_CompactPulse
00008310   _Fl28x_CompactVerify
000084eb   _Fl28x_Delay
000084f8   _Fl28x_DisableInt
000084df   _Fl28x_DisableNMI
00008219   _Fl28x_EnterCmdMode
000081ba   _Fl28x_ErasePulse
00008172   _Fl28x_EraseVerify
0000823e   _Fl28x_FlashRegSleep
0000820c   _Fl28x_LeaveCmdMode
00008285   _Fl28x_MaskAll
0000825d   _Fl28x_OpenPulse
000082ce   _Fl28x_ProgPulse
00008290   _Fl28x_ProgVerify
000084fc   _Fl28x_RestoreInt
000084d7   _Fl28x_WatchDogDisable
000084ff   _Flash28335_APIVersion
00008504   _Flash28335_APIVersionHex
000080d2   _Flash28335_Erase
00008028   _Flash28335_Program
00320507   _Flash28_API_LoadEnd
00320000   _Flash28_API_LoadStart
00008000   _Flash28_API_RunStart
00339157   _FlashBurnPrm
00000a80   _FlashRegs
0033a830   _FlashSector
0000c036   _Flash_CPUScaleFactor
0000c034   _Flash_CallbackPtr
0033913f   _FlashtoRamDownloadPrm
00006f80   _GpioCtrlRegs
00006fc0   _GpioDataRegs
00006fe0   _GpioIntRegs
003392f6   _HEXDOWN_AsciiConvert
0033932c   _HEXDOWN_AsciiToHex
00338f9b   _I2CINT1A_ISR
00338fa5   _I2CINT2A_ISR
00007900   _I2caRegs
00338d93   _ILLEGAL_ISR
00338d57   _INT13_ISR
00338d61   _INT14_ISR
0033a147   _InitAdc
00339cff   _InitCpuTimers
00339343   _InitECan
003394d2   _InitECanGpio
00339348   _InitECana
003394d7   _InitECanaGpio
0033940d   _InitECanb
003394ed   _InitECanbGpio
00339d78   _InitECap
00339d86   _InitECap1Gpio
00339d94   _InitECap2Gpio
00339da0   _InitECap3Gpio
00339dac   _InitECap4Gpio
00339db8   _InitECap5Gpio
00339dc6   _InitECap6Gpio
00339d79   _InitECapGpio
0033995f   _InitEPwm
0033996d   _InitEPwm1Gpio
0033997f   _InitEPwm2Gpio
00339991   _InitEPwm3Gpio
003399a5   _InitEPwm4Gpio
003399b9   _InitEPwm5Gpio
003399cb   _InitEPwm6Gpio
00339960   _InitEPwmGpio
003399dd   _InitEPwmSyncGpio
00339dd4   _InitEQep
00339dda   _InitEQep1Gpio
00339e04   _InitEQep2Gpio
00339dd5   _InitEQepGpio
00008507   _InitFlash
0033906d   _InitFlashAPI28235
00339feb   _InitGpio
0033a119   _InitI2C
0033a11a   _InitI2CGpio
00339501   _InitMcbsp
003395da   _InitMcbspGpio
00339506   _InitMcbspa
00339565   _InitMcbspa12bit
00339570   _InitMcbspa16bit
0033957b   _InitMcbspa20bit
00339586   _InitMcbspa24bit
00339591   _InitMcbspa32bit
0033955e   _InitMcbspa8bit
003395df   _InitMcbspaGpio
00339532   _InitMcbspb
003395a3   _InitMcbspb12bit
003395ae   _InitMcbspb16bit
003395b9   _InitMcbspb20bit
003395c4   _InitMcbspb24bit
003395cf   _InitMcbspb32bit
0033959c   _InitMcbspb8bit
00339619   _InitMcbspbGpio
003398d3   _InitPeripheralClocks
00339fc3   _InitPieCtrl
0033a050   _InitPieVectTable
00339885   _InitPll
00339e2a   _InitSci
00339e2b   _InitSciGpio
00339e32   _InitSciaGpio
00339e48   _InitScibGpio
00339e5c   _InitScicGpio
00339f45   _InitSpi
00339f46   _InitSpiGpio
00339f49   _InitSpiaGpio
0033986a   _InitSysCtrl
00339a9d   _InitSystem
003399f1   _InitTzGpio
0033924d   _InitUserHexDownVariable
00339254   _InitUserProgramData
00339bf5   _InitVFDBright
00339774   _InitXintf
00339810   _InitXintf16Gpio
003397c9   _InitXintf32Gpio
0033904f   _LUF_ISR
00339045   _LVF_ISR
00338f4b   _MRINTA_ISR
00338f37   _MRINTB_ISR
00338f55   _MXINTA_ISR
00338f41   _MXINTB_ISR
00005000   _McbspaRegs
00005040   _McbspbRegs
0033a130   _MemCopy
00338d89   _NMI_ISR
00339059   _PIE_RESERVED
00380090   _PartIdRegs
00000ce0   _PieCtrlRegs
00000d00   _PieVectTable
0033a6f4   _PieVectTableInit
00339aa5   _PrintMenu
00338d75   _RTOSINT_ISR
00320526   _RamfuncsLoadEnd
00320507   _RamfuncsLoadStart
00008507   _RamfuncsRunStart
00338fc3   _SCIRXINTA_ISR
00338fd7   _SCIRXINTB_ISR
00338faf   _SCIRXINTC_ISR
00338fcd   _SCITXINTA_ISR
00338fe1   _SCITXINTB_ISR
00338fb9   _SCITXINTC_ISR
0033911d   _SCItoRamDownloadPrm
UNDEFED    _SCIx_RxChar
UNDEFED    _SCIx_TxChar
UNDEFED    _SCIx_TxString
00338e15   _SEQ1INT_ISR
00338e1f   _SEQ2INT_ISR
00338f23   _SPIRXINTA_ISR
00338f2d   _SPITXINTA_ISR
00007050   _SciaRegs
00007750   _ScibRegs
00007770   _ScicRegs
00339873   _ServiceDog
0033a1ca   _SetDBGIER
00007040   _SpiaRegs
003389f8   _StartDMACH1
00338aa3   _StartDMACH2
00338b4e   _StartDMACH3
00338bf9   _StartDMACH4
00338ca4   _StartDMACH5
00338d4f   _StartDMACH6
00007010   _SysCtrlRegs
00338e47   _TINT0_ISR
UNDEFED    _TxPrintf
00338df7   _USER10_ISR
00338e01   _USER11_ISR
00338e0b   _USER12_ISR
00338d9d   _USER1_ISR
00338da7   _USER2_ISR
00338db1   _USER3_ISR
00338dbb   _USER4_ISR
00338dc5   _USER5_ISR
00338dcf   _USER6_ISR
00338dd9   _USER7_ISR
00338de3   _USER8_ISR
00338ded   _USER9_ISR
00339272   _UserPrmHexFileDownLoading
0033925a   _UserProgramData
00339241   _UserProgramStart
0000c001   _VFDAddr
0000c000   _VFDBright
00339c46   _VFDMenu
00339c35   _VFDPrintf
00339c04   _VFDPutChar
00339c1b   _VFDString
00338e51   _WAKEINT_ISR
00338e29   _XINT1_ISR
00338e33   _XINT2_ISR
00339013   _XINT3_ISR
0033901d   _XINT4_ISR
00339027   _XINT5_ISR
00339031   _XINT6_ISR
0033903b   _XINT7_ISR
00007070   _XIntruptRegs
00000b20   _XintfRegs
00000400   __STACK_SIZE
ffffffff   ___binit__
ffffffff   ___c_args__
0033a838   ___cinit__
0033a1cd   ___etext__
0033a02f   ___memcpy_ff
ffffffff   ___pinit__
00338000   ___text__
0033a0e5   __args_main
0000c03c   __cleanup_ptr
0033a5f2   __ctypes_
0000c03e   __dtors_ptr
0000c03a   __lock
0033a1a1   __nop
00338844   __printfi
0033a19d   __register_lock
0033a199   __register_unlock
00000400   __stack
0000c038   __unlock
0033a100   _abort
00339eb8   _atoi
00339e72   _c_int00
00339657   _clkg_delay_loop
00339641   _delay_loop
0033a102   _exit
00339ee9   _ltoa
00339a27   _main
0033a16f   _memccpy
0033a1c3   _memset
0000c05a   _pFlashAdd
0000c05c   _pRamAdd
00339063   _rsvd_ISR
0033a1ab   _strcpy
0033a18f   _strlen
00339f17   _vsprintf
ffffffff   binit
0033a838   cinit
0033fff6   code_start
0033a1cd   etext
ffffffff   pinit


GLOBAL SYMBOLS: SORTED BY Symbol Address 

address    name
--------   ----
00000400   __STACK_SIZE
00000400   __stack
00000880   _DevEmuRegs
00000a80   _FlashRegs
00000ae0   _CsmRegs
00000b00   _AdcMirror
00000b20   _XintfRegs
00000c00   _CpuTimer0Regs
00000c08   _CpuTimer1Regs
00000c10   _CpuTimer2Regs
00000ce0   _PieCtrlRegs
00000d00   _PieVectTable
00001000   _DmaRegs
00005000   _McbspaRegs
00005040   _McbspbRegs
00006000   _ECanaRegs
00006040   _ECanaLAMRegs
00006080   _ECanaMOTSRegs
000060c0   _ECanaMOTORegs
00006100   _ECanaMboxes
00006200   _ECanbRegs
00006240   _ECanbLAMRegs
00006280   _ECanbMOTSRegs
000062c0   _ECanbMOTORegs
00006300   _ECanbMboxes
00006800   _EPwm1Regs
00006840   _EPwm2Regs
00006880   _EPwm3Regs
000068c0   _EPwm4Regs
00006900   _EPwm5Regs
00006940   _EPwm6Regs
00006a00   _ECap1Regs
00006a20   _ECap2Regs
00006a40   _ECap3Regs
00006a60   _ECap4Regs
00006a80   _ECap5Regs
00006aa0   _ECap6Regs
00006b00   _EQep1Regs
00006b40   _EQep2Regs
00006f80   _GpioCtrlRegs
00006fc0   _GpioDataRegs
00006fe0   _GpioIntRegs
00007010   _SysCtrlRegs
00007040   _SpiaRegs
00007050   _SciaRegs
00007070   _XIntruptRegs
00007100   _AdcRegs
00007750   _ScibRegs
00007770   _ScicRegs
00007900   _I2caRegs
00008000   _Flash28_API_RunStart
00008028   _Flash28335_Program
000080d2   _Flash28335_Erase
00008172   _Fl28x_EraseVerify
000081ba   _Fl28x_ErasePulse
0000820c   _Fl28x_LeaveCmdMode
00008219   _Fl28x_EnterCmdMode
0000823e   _Fl28x_FlashRegSleep
0000825d   _Fl28x_OpenPulse
0000826e   _Fl28x_ClosePulse
00008285   _Fl28x_MaskAll
00008290   _Fl28x_ProgVerify
000082ce   _Fl28x_ProgPulse
00008310   _Fl28x_CompactVerify
0000834a   _Fl28x_CompactPulse
0000838d   _Fl28335_EraseSector
000083e7   _Fl28335_CompactSector
0000843a   _Fl28x_ClearLoop
0000847b   _Fl28335_ClearSector
000084ae   _Fl28335_Init
000084d7   _Fl28x_WatchDogDisable
000084df   _Fl28x_DisableNMI
000084eb   _Fl28x_Delay
000084f8   _Fl28x_DisableInt
000084fc   _Fl28x_RestoreInt
000084ff   _Flash28335_APIVersion
00008504   _Flash28335_APIVersionHex
00008507   _InitFlash
00008507   _RamfuncsRunStart
00008522   _DSP28x_usDelay
0000c000   _VFDBright
0000c001   _VFDAddr
0000c034   _Flash_CallbackPtr
0000c036   _Flash_CPUScaleFactor
0000c038   __unlock
0000c03a   __lock
0000c03c   __cleanup_ptr
0000c03e   __dtors_ptr
0000c040   _CpuTimer1
0000c048   _CpuTimer2
0000c050   _CpuTimer0
0000c05a   _pFlashAdd
0000c05c   _pRamAdd
0000c05e   _DownLoadingHex
00320000   _Flash28_API_LoadStart
00320507   _Flash28_API_LoadEnd
00320507   _RamfuncsLoadStart
00320526   _RamfuncsLoadEnd
00338000   .text
00338000   ___text__
00338844   __printfi
0033894a   _DMAInitialize
00338955   _DMACH1AddrConfig
00338967   _DMACH1BurstConfig
00338978   _DMACH1TransferConfig
00338989   _DMACH1WrapConfig
0033899c   _DMACH1ModeConfig
003389f8   _StartDMACH1
00338a00   _DMACH2AddrConfig
00338a12   _DMACH2BurstConfig
00338a23   _DMACH2TransferConfig
00338a34   _DMACH2WrapConfig
00338a47   _DMACH2ModeConfig
00338aa3   _StartDMACH2
00338aab   _DMACH3AddrConfig
00338abd   _DMACH3BurstConfig
00338ace   _DMACH3TransferConfig
00338adf   _DMACH3WrapConfig
00338af2   _DMACH3ModeConfig
00338b4e   _StartDMACH3
00338b56   _DMACH4AddrConfig
00338b68   _DMACH4BurstConfig
00338b79   _DMACH4TransferConfig
00338b8a   _DMACH4WrapConfig
00338b9d   _DMACH4ModeConfig
00338bf9   _StartDMACH4
00338c01   _DMACH5AddrConfig
00338c13   _DMACH5BurstConfig
00338c24   _DMACH5TransferConfig
00338c35   _DMACH5WrapConfig
00338c48   _DMACH5ModeConfig
00338ca4   _StartDMACH5
00338cac   _DMACH6AddrConfig
00338cbe   _DMACH6BurstConfig
00338ccf   _DMACH6TransferConfig
00338ce0   _DMACH6WrapConfig
00338cf3   _DMACH6ModeConfig
00338d4f   _StartDMACH6
00338d57   _INT13_ISR
00338d61   _INT14_ISR
00338d6b   _DATALOG_ISR
00338d75   _RTOSINT_ISR
00338d7f   _EMUINT_ISR
00338d89   _NMI_ISR
00338d93   _ILLEGAL_ISR
00338d9d   _USER1_ISR
00338da7   _USER2_ISR
00338db1   _USER3_ISR
00338dbb   _USER4_ISR
00338dc5   _USER5_ISR
00338dcf   _USER6_ISR
00338dd9   _USER7_ISR
00338de3   _USER8_ISR
00338ded   _USER9_ISR
00338df7   _USER10_ISR
00338e01   _USER11_ISR
00338e0b   _USER12_ISR
00338e15   _SEQ1INT_ISR
00338e1f   _SEQ2INT_ISR
00338e29   _XINT1_ISR
00338e33   _XINT2_ISR
00338e3d   _ADCINT_ISR
00338e47   _TINT0_ISR
00338e51   _WAKEINT_ISR
00338e5b   _EPWM1_TZINT_ISR
00338e65   _EPWM2_TZINT_ISR
00338e6f   _EPWM3_TZINT_ISR
00338e79   _EPWM4_TZINT_ISR
00338e83   _EPWM5_TZINT_ISR
00338e8d   _EPWM6_TZINT_ISR
00338e97   _EPWM1_INT_ISR
00338ea1   _EPWM2_INT_ISR
00338eab   _EPWM3_INT_ISR
00338eb5   _EPWM4_INT_ISR
00338ebf   _EPWM5_INT_ISR
00338ec9   _EPWM6_INT_ISR
00338ed3   _ECAP1_INT_ISR
00338edd   _ECAP2_INT_ISR
00338ee7   _ECAP3_INT_ISR
00338ef1   _ECAP4_INT_ISR
00338efb   _ECAP5_INT_ISR
00338f05   _ECAP6_INT_ISR
00338f0f   _EQEP1_INT_ISR
00338f19   _EQEP2_INT_ISR
00338f23   _SPIRXINTA_ISR
00338f2d   _SPITXINTA_ISR
00338f37   _MRINTB_ISR
00338f41   _MXINTB_ISR
00338f4b   _MRINTA_ISR
00338f55   _MXINTA_ISR
00338f5f   _DINTCH1_ISR
00338f69   _DINTCH2_ISR
00338f73   _DINTCH3_ISR
00338f7d   _DINTCH4_ISR
00338f87   _DINTCH5_ISR
00338f91   _DINTCH6_ISR
00338f9b   _I2CINT1A_ISR
00338fa5   _I2CINT2A_ISR
00338faf   _SCIRXINTC_ISR
00338fb9   _SCITXINTC_ISR
00338fc3   _SCIRXINTA_ISR
00338fcd   _SCITXINTA_ISR
00338fd7   _SCIRXINTB_ISR
00338fe1   _SCITXINTB_ISR
00338feb   _ECAN0INTA_ISR
00338ff5   _ECAN1INTA_ISR
00338fff   _ECAN0INTB_ISR
00339009   _ECAN1INTB_ISR
00339013   _XINT3_ISR
0033901d   _XINT4_ISR
00339027   _XINT5_ISR
00339031   _XINT6_ISR
0033903b   _XINT7_ISR
00339045   _LVF_ISR
0033904f   _LUF_ISR
00339059   _PIE_RESERVED
00339063   _rsvd_ISR
0033906d   _InitFlashAPI28235
00339095   _DeleteSecletFlash
00339107   _DeleteAllFlash
0033911d   _SCItoRamDownloadPrm
0033913f   _FlashtoRamDownloadPrm
00339157   _FlashBurnPrm
00339241   _UserProgramStart
0033924d   _InitUserHexDownVariable
00339254   _InitUserProgramData
0033925a   _UserProgramData
00339272   _UserPrmHexFileDownLoading
003392f6   _HEXDOWN_AsciiConvert
0033932c   _HEXDOWN_AsciiToHex
00339343   _InitECan
00339348   _InitECana
0033940d   _InitECanb
003394d2   _InitECanGpio
003394d7   _InitECanaGpio
003394ed   _InitECanbGpio
00339501   _InitMcbsp
00339506   _InitMcbspa
00339532   _InitMcbspb
0033955e   _InitMcbspa8bit
00339565   _InitMcbspa12bit
00339570   _InitMcbspa16bit
0033957b   _InitMcbspa20bit
00339586   _InitMcbspa24bit
00339591   _InitMcbspa32bit
0033959c   _InitMcbspb8bit
003395a3   _InitMcbspb12bit
003395ae   _InitMcbspb16bit
003395b9   _InitMcbspb20bit
003395c4   _InitMcbspb24bit
003395cf   _InitMcbspb32bit
003395da   _InitMcbspGpio
003395df   _InitMcbspaGpio
00339619   _InitMcbspbGpio
00339641   _delay_loop
00339657   _clkg_delay_loop
0033966d   LL$$DIV
003396a9   LL$$MOD
003396e3   ULL$$DIV
00339712   ULL$$MOD
00339774   _InitXintf
003397c9   _InitXintf32Gpio
00339810   _InitXintf16Gpio
0033986a   _InitSysCtrl
00339873   _ServiceDog
0033987d   _DisableDog
00339885   _InitPll
003398d3   _InitPeripheralClocks
0033992e   _CsmUnlock
0033995f   _InitEPwm
00339960   _InitEPwmGpio
0033996d   _InitEPwm1Gpio
0033997f   _InitEPwm2Gpio
00339991   _InitEPwm3Gpio
003399a5   _InitEPwm4Gpio
003399b9   _InitEPwm5Gpio
003399cb   _InitEPwm6Gpio
003399dd   _InitEPwmSyncGpio
003399f1   _InitTzGpio
00339a27   _main
00339a9d   _InitSystem
00339aa5   _PrintMenu
00339ace   FD$$ADD
00339b6a   FD$$DIV
00339bf5   _InitVFDBright
00339c04   _VFDPutChar
00339c1b   _VFDString
00339c35   _VFDPrintf
00339c46   _VFDMenu
00339c7c   FD$$MPY
00339cff   _InitCpuTimers
00339d3e   _ConfigCpuTimer
00339d78   _InitECap
00339d79   _InitECapGpio
00339d86   _InitECap1Gpio
00339d94   _InitECap2Gpio
00339da0   _InitECap3Gpio
00339dac   _InitECap4Gpio
00339db8   _InitECap5Gpio
00339dc6   _InitECap6Gpio
00339dd4   _InitEQep
00339dd5   _InitEQepGpio
00339dda   _InitEQep1Gpio
00339e04   _InitEQep2Gpio
00339e2a   _InitSci
00339e2b   _InitSciGpio
00339e32   _InitSciaGpio
00339e48   _InitScibGpio
00339e5c   _InitScicGpio
00339e72   _c_int00
00339eb8   _atoi
00339ee9   _ltoa
00339f17   _vsprintf
00339f45   _InitSpi
00339f46   _InitSpiGpio
00339f49   _InitSpiaGpio
00339f6f   FD$$CMP
00339f99   L$$DIV
00339fa8   L$$MOD
00339fb6   UL$$DIV
00339fbd   UL$$MOD
00339fc3   _InitPieCtrl
00339fe2   _EnableInterrupts
00339feb   _InitGpio
0033a00e   FD$$TOI
0033a02f   ___memcpy_ff
0033a050   _InitPieVectTable
0033a070   FD$$TOL
0033a08f   LL$$CMP
0033a0a1   ULL$$CMP
0033a0ad   FS$$TOFD
0033a0c9   L$$TOFD
0033a0e5   __args_main
0033a100   C$$EXIT
0033a100   _abort
0033a102   _exit
0033a119   _InitI2C
0033a11a   _InitI2CGpio
0033a130   _MemCopy
0033a147   _InitAdc
0033a15b   LL$$MPY
0033a16f   _memccpy
0033a181   FD$$SUB
0033a18f   _strlen
0033a199   __register_unlock
0033a19d   __register_lock
0033a1a1   __nop
0033a1a2   FD$$NEG
0033a1ab   _strcpy
0033a1bc   _DSP28x_DisableInt
0033a1c0   _DSP28x_RestoreInt
0033a1c3   _memset
0033a1ca   _SetDBGIER
0033a1cd   ___etext__
0033a1cd   etext
0033a5f2   __ctypes_
0033a6f4   _PieVectTableInit
0033a830   _FlashSector
0033a838   ___cinit__
0033a838   cinit
0033fff6   code_start
0033fff8   _CsmPwl
00380080   _ADC_cal
00380090   _PartIdRegs
ffffffff   ___binit__
ffffffff   ___c_args__
ffffffff   ___pinit__
ffffffff   binit
ffffffff   pinit
UNDEFED    _SCIx_RxChar
UNDEFED    _SCIx_TxChar
UNDEFED    _SCIx_TxString
UNDEFED    _TxPrintf

[373 symbols]
