******************************************************************************
             TMS320C2000 Linker PC v5.1.1                      
******************************************************************************
>> Linked Tue Dec 16 11:09:52 2008

OUTPUT FILE NAME:   <./Debug/monitor_ctml.out>
ENTRY POINT SYMBOL: "_c_int00"  address: 0033a36e


MEMORY CONFIGURATION

         name            origin    length      used     unused   attr    fill
----------------------  --------  ---------  --------  --------  ----  --------
PAGE 0:
  BEGIN_M0              00000000   00000002  00000000  00000002  RWIX
  BOOT_RSVD             00000002   0000004e  00000000  0000004e  RWIX
  RAMM0                 00000050   000003b0  00000000  000003b0  RWIX
  RAMM1                 00000400   00000400  00000001  000003ff  RWIX
  ZONE0                 00004000   00001000  00000000  00001000  RWIX
  RAML0                 00008000   00001000  00000526  00000ada  RWIX
  RAML1                 00009000   00001000  000000d2  00000f2e  RWIX
  RAML2                 0000a000   00001000  00000000  00001000  RWIX
  RAML3                 0000b000   00001000  00000000  00001000  RWIX
  RAML4                 0000c000   00001000  00000000  00001000  RWIX
  RAML5                 0000d000   00001000  00000000  00001000  RWIX
  RAML6                 0000e000   00001000  00000000  00001000  RWIX
  RAML7                 0000f000   00001000  00000000  00001000  RWIX
  ZONE6                 00100000   00100000  00000000  00100000  RWIX
  ZONE7A                00200000   0000fc00  00000000  0000fc00  RWIX
  ZONE7B                0020fc00   00000400  00000000  00000400  RWIX
  FLASHH                00300000   00008000  00000000  00008000  RWIX
  FLASHG                00308000   00008000  00000000  00008000  RWIX
  FLASHF                00310000   00008000  00000000  00008000  RWIX
  FLASHE                00318000   00008000  00000000  00008000  RWIX
  FLASHD                00320000   00008000  00000000  00008000  RWIX
  FLASHC                00328000   00008000  00000000  00008000  RWIX
  FLASHB                00330000   00008000  00000000  00008000  RWIX
  FLASHA                00338000   00007f80  00002e0e  00005172  RWIX
  CSM_RSVD              0033ff80   00000076  00000076  00000000  RWIX
  BEGIN_FLASH           0033fff6   00000002  00000002  00000000  RWIX
  CSM_PWL_A             0033fff8   00000008  00000008  00000000  RWIX
  ADC_CAL               00380080   00000009  00000007  00000002  RWIX
  OTP                   00380400   00000400  00000000  00000400  RWIX
  IQTABLES              003fe000   00000b50  00000000  00000b50  RWIX
  IQTABLES2             003feb50   0000008c  00000000  0000008c  RWIX
  FPUTABLES             003febdc   000006a0  00000000  000006a0  RWIX
  BOOTROM               003ff27c   00000d44  00000000  00000d44  RWIX
  RESET                 003fffc0   00000002  00000000  00000002  RWIX
  VECTORS               003fffc2   0000003e  00000000  0000003e  RWIX

PAGE 1:
  DEV_EMU               00000880   00000180  000000d0  000000b0  RWIX
  FLASH_REGS            00000a80   00000060  00000008  00000058  RWIX
  CSM                   00000ae0   00000010  00000010  00000000  RWIX
  ADC_MIRROR            00000b00   00000010  00000010  00000000  RWIX
  XINTF                 00000b20   00000020  0000001e  00000002  RWIX
  CPU_TIMER0            00000c00   00000008  00000008  00000000  RWIX
  CPU_TIMER1            00000c08   00000008  00000008  00000000  RWIX
  CPU_TIMER2            00000c10   00000008  00000008  00000000  RWIX
  PIE_CTRL              00000ce0   00000020  0000001a  00000006  RWIX
  PIE_VECT              00000d00   00000100  00000100  00000000  RWIX
  DMA                   00001000   00000200  000000e0  00000120  RWIX
  MCBSPA                00005000   00000040  00000025  0000001b  RWIX
  MCBSPB                00005040   00000040  00000025  0000001b  RWIX
  ECANA                 00006000   00000040  00000034  0000000c  RWIX
  ECANA_LAM             00006040   00000040  00000040  00000000  RWIX
  ECANA_MOTS            00006080   00000040  00000040  00000000  RWIX
  ECANA_MOTO            000060c0   00000040  00000040  00000000  RWIX
  ECANA_MBOX            00006100   00000100  00000100  00000000  RWIX
  ECANB                 00006200   00000040  00000034  0000000c  RWIX
  ECANB_LAM             00006240   00000040  00000040  00000000  RWIX
  ECANB_MOTS            00006280   00000040  00000040  00000000  RWIX
  ECANB_MOTO            000062c0   00000040  00000040  00000000  RWIX
  ECANB_MBOX            00006300   00000100  00000100  00000000  RWIX
  EPWM1                 00006800   00000022  00000022  00000000  RWIX
  EPWM2                 00006840   00000022  00000022  00000000  RWIX
  EPWM3                 00006880   00000022  00000022  00000000  RWIX
  EPWM4                 000068c0   00000022  00000022  00000000  RWIX
  EPWM5                 00006900   00000022  00000022  00000000  RWIX
  EPWM6                 00006940   00000022  00000022  00000000  RWIX
  ECAP1                 00006a00   00000020  00000020  00000000  RWIX
  ECAP2                 00006a20   00000020  00000020  00000000  RWIX
  ECAP3                 00006a40   00000020  00000020  00000000  RWIX
  ECAP4                 00006a60   00000020  00000020  00000000  RWIX
  ECAP5                 00006a80   00000020  00000020  00000000  RWIX
  ECAP6                 00006aa0   00000020  00000020  00000000  RWIX
  EQEP1                 00006b00   00000040  00000040  00000000  RWIX
  EQEP2                 00006b40   00000040  00000040  00000000  RWIX
  GPIOCTRL              00006f80   00000040  0000002e  00000012  RWIX
  GPIODAT               00006fc0   00000020  00000020  00000000  RWIX
  GPIOINT               00006fe0   00000020  0000000a  00000016  RWIX
  SYSTEM                00007010   00000020  00000020  00000000  RWIX
  SPIA                  00007040   00000010  00000010  00000000  RWIX
  SCIA                  00007050   00000010  00000010  00000000  RWIX
  XINTRUPT              00007070   00000010  00000010  00000000  RWIX
  ADC                   00007100   00000020  0000001e  00000002  RWIX
  SCIB                  00007750   00000010  00000010  00000000  RWIX
  SCIC                  00007770   00000010  00000010  00000000  RWIX
  I2CA                  00007900   00000040  00000022  0000001e  RWIX
  CSM_PWL               0033fff8   00000008  00000008  00000000  RWIX
  PARTID                00380090   00000001  00000001  00000000  RWIX


SECTION ALLOCATION MAP

 output                                  attributes/
section   page    origin      length       input sections
--------  ----  ----------  ----------   ----------------
.pinit     0    00338000    00000000     UNINITIALIZED

.stack     0    00000400    00000001     UNINITIALIZED
                  00000400    00000001     --HOLE--

.ebss      0    00009000    000000d2     UNINITIALIZED
                  00009000    00000064     serial.obj (.ebss)
                  00009064    00000018     DSP2833x_CpuTimers.obj (.ebss)
                  0000907c    00000004     Flash28335_API_V210.lib : Flash28_Globals.obj (.ebss)
                  00009080    00000034     vfd.obj (.ebss)
                  000090b4    00000004     rts2800_fpu32.lib : _lock.obj (.ebss)
                  000090b8    00000004                       : exit.obj (.ebss)
                  000090bc    00000004     --HOLE--
                  000090c0    00000012     flash.obj (.ebss)

Flash28_API 
*          0    00338000    00000507     RUN ADDR = 00008000
                  00338000    00000020     Flash28335_API_V210.lib : Flash28_Erase.obj (.econst:_Sector$1)
                  00338020    00000008                             : Flash28_Erase.obj (.econst:_SecKey$2)
                  00338028    000000aa                             : Flash28_Prog.obj (.text)
                  003380d2    000000a0                             : Flash28_Erase.obj (.text)
                  00338172    0000009a                             : Flash28_Erase_Pulse.obj (.text)
                  0033820c    00000084                             : Flash28_Internals.obj (.text)
                  00338290    00000080                             : Flash28_Prog_Pulse.obj (.text)
                  00338310    0000007d                             : Flash28_Compact_Pulse.obj (.text)
                  0033838d    0000005a                             : Flash28_EraseSector.obj (.text)
                  003383e7    00000053                             : Flash28_CompactSector.obj (.text)
                  0033843a    00000041                             : Flash28_ClearLoop.obj (.text)
                  0033847b    00000033                             : Flash28_ClearSector.obj (.text)
                  003384ae    00000029                             : Flash28_Init.obj (.text)
                  003384d7    00000014                             : Flash28_Utils.obj (.text)
                  003384eb    0000000d                             : Flash28_Delay.obj (.text)
                  003384f8    00000007                             : Flash28_DisInt.obj (.text)
                  003384ff    00000005                             : Flash28_Version.obj (.text)
                  00338504    00000003                             : Flash28_Version_Hex.obj (.text)

.text      0    00338507    0000223e     
                  00338507    0000094a     rts2800_fpu32.lib : _printfi.obj (.text)
                  00338e51    0000040d     DSP2833x_DMA.obj (.text)
                  0033925e    00000348     flash.obj (.text)
                  003395a6    00000316     DSP2833x_DefaultIsr.obj (.text)
                  003398bc    000001be     DSP2833x_ECan.obj (.text)
                  00339a7a    0000016c     DSP2833x_Mcbsp.obj (.text)
                  00339be6    00000107     rts2800_fpu32.lib : ll_div.obj (.text)
                  00339ced    000000fa     DSP2833x_Xintf.obj (.text)
                  00339de7    000000c8     DSP2833x_EPwm.obj (.text)
                  00339eaf    000000c2     DSP2833x_SysCtrl.obj (.text)
                  00339f71    000000a1     main.obj (.text)
                  0033a012    0000009c     rts2800_fpu32.lib : fd_add.obj (.text)
                  0033a0ae    0000008b                       : fd_div.obj (.text)
                  0033a139    00000087     vfd.obj (.text)
                  0033a1c0    00000083     rts2800_fpu32.lib : fd_mpy.obj (.text)
                  0033a243    00000079     DSP2833x_CpuTimers.obj (.text)
                  0033a2bc    0000005c     DSP2833x_ECap.obj (.text)
                  0033a318    00000056     DSP2833x_EQep.obj (.text)
                  0033a36e    00000046     rts2800_fpu32.lib : boot.obj (.text)
                  0033a3b4    0000003b     DSP2833x_Sci.obj (.text)
                  0033a3ef    00000039     serial.obj (.text)
                  0033a428    00000031     rts2800_fpu32.lib : atoi.obj (.text)
                  0033a459    0000002e                       : ltoa.obj (.text)
                  0033a487    0000002e                       : vsprintf.obj (.text)
                  0033a4b5    0000002a     DSP2833x_Spi.obj (.text)
                  0033a4df    0000002a     rts2800_fpu32.lib : fd_cmp.obj (.text)
                  0033a509    0000002a                       : l_div.obj (.text)
                  0033a533    00000028     DSP2833x_PieCtrl.obj (.text)
                  0033a55b    00000023     DSP2833x_Gpio.obj (.text)
                  0033a57e    00000021     rts2800_fpu32.lib : fd_toi.obj (.text)
                  0033a59f    00000021                       : memcpy_ff.obj (.text)
                  0033a5c0    00000020     DSP2833x_PieVect.obj (.text)
                  0033a5e0    0000001f     rts2800_fpu32.lib : fd_tol.obj (.text)
                  0033a5ff    0000001e                       : ll_cmp.obj (.text)
                  0033a61d    0000001c                       : fs_tofd.obj (.text)
                  0033a639    0000001c                       : l_tofd.obj (.text)
                  0033a655    0000001b                       : args_main.obj (.text)
                  0033a670    00000019                       : exit.obj (.text)
                  0033a689    00000017     DSP2833x_I2C.obj (.text)
                  0033a6a0    00000017     DSP2833x_MemCopy.obj (.text)
                  0033a6b7    00000014     DSP2833x_Adc.obj (.text)
                  0033a6cb    00000014     rts2800_fpu32.lib : ll_mpy.obj (.text)
                  0033a6df    00000012                       : memccpy.obj (.text)
                  0033a6f1    0000000e                       : fd_sub.obj (.text)
                  0033a6ff    0000000a                       : strlen.obj (.text)
                  0033a709    00000009                       : _lock.obj (.text)
                  0033a712    00000009                       : fd_neg.obj (.text)
                  0033a71b    00000009                       : strcpy.obj (.text)
                  0033a724    00000008     DSP2833x_CodeStartBranch.obj (.text)
                  0033a72c    00000008     Example_Flash2833x_CsmKeys.obj (.text)
                  0033a734    00000007     DSP2833x_DisInt.obj (.text)
                  0033a73b    00000007     rts2800_fpu32.lib : memset.obj (.text)
                  0033a742    00000003     DSP2833x_DBGIER.obj (.text)

.econst    0    0033a746    00000686     
                  0033a746    000002cd     flash.obj (.econst:.string)
                  0033aa13    00000001     --HOLE-- [fill = 0]
                  0033aa14    00000173     main.obj (.econst:.string)
                  0033ab87    00000101     rts2800_fpu32.lib : ctype.obj (.econst:__ctypes_)
                  0033ac88    00000100     DSP2833x_PieVect.obj (.econst)
                  0033ad88    00000024     rts2800_fpu32.lib : _printfi.obj (.econst:.string)
                  0033adac    00000018                       : _printfi.obj (.econst)
                  0033adc4    00000008     flash.obj (.econst:_FlashSector)

ramfuncs   0    0033adcc    0000001f     RUN ADDR = 00008507
                  0033adcc    0000001b     DSP2833x_SysCtrl.obj (ramfuncs)
                  0033ade7    00000004     DSP2833x_usDelay.obj (ramfuncs)

.cinit     0    0033adeb    00000024     
                  0033adeb    0000000a     Flash28335_API_V210.lib : Flash28_Globals.obj (.cinit)
                  0033adf5    0000000a     rts2800_fpu32.lib : _lock.obj (.cinit)
                  0033adff    0000000a                       : exit.obj (.cinit)
                  0033ae09    00000004     flash.obj (.cinit)
                  0033ae0d    00000002     --HOLE-- [fill = 0]

csm_rsvd   0    0033ff80    00000076     
                  0033ff80    00000076     DSP2833x_CSMPasswords.obj (csm_rsvd)

codestart 
*          0    0033fff6    00000002     
                  0033fff6    00000002     DSP2833x_CodeStartBranch.obj (codestart)

csmpasswds 
*          0    0033fff8    00000008     
                  0033fff8    00000008     DSP2833x_CSMPasswords.obj (csmpasswds)

.adc_cal   0    00380080    00000007     NOLOAD SECTION
                  00380080    00000007     DSP2833x_ADC_cal.obj (.adc_cal)

.reset     0    003fffc0    00000002     DSECT
                  003fffc0    00000002     rts2800_fpu32.lib : boot.obj (.reset)

vectors    0    003fffc2    00000000     DSECT

DevEmuRegsFile 
*          1    00000880    000000d0     UNINITIALIZED
                  00000880    000000d0     DSP2833x_GlobalVariableDefs.obj (DevEmuRegsFile)

FlashRegsFile 
*          1    00000a80    00000008     UNINITIALIZED
                  00000a80    00000008     DSP2833x_GlobalVariableDefs.obj (FlashRegsFile)

CsmRegsFile 
*          1    00000ae0    00000010     UNINITIALIZED
                  00000ae0    00000010     DSP2833x_GlobalVariableDefs.obj (CsmRegsFile)

AdcMirrorFile 
*          1    00000b00    00000010     UNINITIALIZED
                  00000b00    00000010     DSP2833x_GlobalVariableDefs.obj (AdcMirrorFile)

XintfRegsFile 
*          1    00000b20    0000001e     UNINITIALIZED
                  00000b20    0000001e     DSP2833x_GlobalVariableDefs.obj (XintfRegsFile)

CpuTimer0RegsFile 
*          1    00000c00    00000008     UNINITIALIZED
                  00000c00    00000008     DSP2833x_GlobalVariableDefs.obj (CpuTimer0RegsFile)

CpuTimer1RegsFile 
*          1    00000c08    00000008     UNINITIALIZED
                  00000c08    00000008     DSP2833x_GlobalVariableDefs.obj (CpuTimer1RegsFile)

CpuTimer2RegsFile 
*          1    00000c10    00000008     UNINITIALIZED
                  00000c10    00000008     DSP2833x_GlobalVariableDefs.obj (CpuTimer2RegsFile)

PieCtrlRegsFile 
*          1    00000ce0    0000001a     UNINITIALIZED
                  00000ce0    0000001a     DSP2833x_GlobalVariableDefs.obj (PieCtrlRegsFile)

PieVectTableFile 
*          1    00000d00    00000100     UNINITIALIZED
                  00000d00    00000100     DSP2833x_GlobalVariableDefs.obj (PieVectTableFile)

DmaRegsFile 
*          1    00001000    000000e0     UNINITIALIZED
                  00001000    000000e0     DSP2833x_GlobalVariableDefs.obj (DmaRegsFile)

McbspaRegsFile 
*          1    00005000    00000025     UNINITIALIZED
                  00005000    00000025     DSP2833x_GlobalVariableDefs.obj (McbspaRegsFile)

McbspbRegsFile 
*          1    00005040    00000025     UNINITIALIZED
                  00005040    00000025     DSP2833x_GlobalVariableDefs.obj (McbspbRegsFile)

ECanaRegsFile 
*          1    00006000    00000034     UNINITIALIZED
                  00006000    00000034     DSP2833x_GlobalVariableDefs.obj (ECanaRegsFile)

ECanaLAMRegsFile 
*          1    00006040    00000040     UNINITIALIZED
                  00006040    00000040     DSP2833x_GlobalVariableDefs.obj (ECanaLAMRegsFile)

ECanaMOTSRegsFile 
*          1    00006080    00000040     UNINITIALIZED
                  00006080    00000040     DSP2833x_GlobalVariableDefs.obj (ECanaMOTSRegsFile)

ECanaMOTORegsFile 
*          1    000060c0    00000040     UNINITIALIZED
                  000060c0    00000040     DSP2833x_GlobalVariableDefs.obj (ECanaMOTORegsFile)

ECanaMboxesFile 
*          1    00006100    00000100     UNINITIALIZED
                  00006100    00000100     DSP2833x_GlobalVariableDefs.obj (ECanaMboxesFile)

ECanbRegsFile 
*          1    00006200    00000034     UNINITIALIZED
                  00006200    00000034     DSP2833x_GlobalVariableDefs.obj (ECanbRegsFile)

ECanbLAMRegsFile 
*          1    00006240    00000040     UNINITIALIZED
                  00006240    00000040     DSP2833x_GlobalVariableDefs.obj (ECanbLAMRegsFile)

ECanbMOTSRegsFile 
*          1    00006280    00000040     UNINITIALIZED
                  00006280    00000040     DSP2833x_GlobalVariableDefs.obj (ECanbMOTSRegsFile)

ECanbMOTORegsFile 
*          1    000062c0    00000040     UNINITIALIZED
                  000062c0    00000040     DSP2833x_GlobalVariableDefs.obj (ECanbMOTORegsFile)

ECanbMboxesFile 
*          1    00006300    00000100     UNINITIALIZED
                  00006300    00000100     DSP2833x_GlobalVariableDefs.obj (ECanbMboxesFile)

EPwm1RegsFile 
*          1    00006800    00000022     UNINITIALIZED
                  00006800    00000022     DSP2833x_GlobalVariableDefs.obj (EPwm1RegsFile)

EPwm2RegsFile 
*          1    00006840    00000022     UNINITIALIZED
                  00006840    00000022     DSP2833x_GlobalVariableDefs.obj (EPwm2RegsFile)

EPwm3RegsFile 
*          1    00006880    00000022     UNINITIALIZED
                  00006880    00000022     DSP2833x_GlobalVariableDefs.obj (EPwm3RegsFile)

EPwm4RegsFile 
*          1    000068c0    00000022     UNINITIALIZED
                  000068c0    00000022     DSP2833x_GlobalVariableDefs.obj (EPwm4RegsFile)

EPwm5RegsFile 
*          1    00006900    00000022     UNINITIALIZED
                  00006900    00000022     DSP2833x_GlobalVariableDefs.obj (EPwm5RegsFile)

EPwm6RegsFile 
*          1    00006940    00000022     UNINITIALIZED
                  00006940    00000022     DSP2833x_GlobalVariableDefs.obj (EPwm6RegsFile)

ECap1RegsFile 
*          1    00006a00    00000020     UNINITIALIZED
                  00006a00    00000020     DSP2833x_GlobalVariableDefs.obj (ECap1RegsFile)

ECap2RegsFile 
*          1    00006a20    00000020     UNINITIALIZED
                  00006a20    00000020     DSP2833x_GlobalVariableDefs.obj (ECap2RegsFile)

ECap3RegsFile 
*          1    00006a40    00000020     UNINITIALIZED
                  00006a40    00000020     DSP2833x_GlobalVariableDefs.obj (ECap3RegsFile)

ECap4RegsFile 
*          1    00006a60    00000020     UNINITIALIZED
                  00006a60    00000020     DSP2833x_GlobalVariableDefs.obj (ECap4RegsFile)

ECap5RegsFile 
*          1    00006a80    00000020     UNINITIALIZED
                  00006a80    00000020     DSP2833x_GlobalVariableDefs.obj (ECap5RegsFile)

ECap6RegsFile 
*          1    00006aa0    00000020     UNINITIALIZED
                  00006aa0    00000020     DSP2833x_GlobalVariableDefs.obj (ECap6RegsFile)

EQep1RegsFile 
*          1    00006b00    00000040     UNINITIALIZED
                  00006b00    00000040     DSP2833x_GlobalVariableDefs.obj (EQep1RegsFile)

EQep2RegsFile 
*          1    00006b40    00000040     UNINITIALIZED
                  00006b40    00000040     DSP2833x_GlobalVariableDefs.obj (EQep2RegsFile)

GpioCtrlRegsFile 
*          1    00006f80    0000002e     UNINITIALIZED
                  00006f80    0000002e     DSP2833x_GlobalVariableDefs.obj (GpioCtrlRegsFile)

GpioDataRegsFile 
*          1    00006fc0    00000020     UNINITIALIZED
                  00006fc0    00000020     DSP2833x_GlobalVariableDefs.obj (GpioDataRegsFile)

GpioIntRegsFile 
*          1    00006fe0    0000000a     UNINITIALIZED
                  00006fe0    0000000a     DSP2833x_GlobalVariableDefs.obj (GpioIntRegsFile)

SysCtrlRegsFile 
*          1    00007010    00000020     UNINITIALIZED
                  00007010    00000020     DSP2833x_GlobalVariableDefs.obj (SysCtrlRegsFile)

SpiaRegsFile 
*          1    00007040    00000010     UNINITIALIZED
                  00007040    00000010     DSP2833x_GlobalVariableDefs.obj (SpiaRegsFile)

SciaRegsFile 
*          1    00007050    00000010     UNINITIALIZED
                  00007050    00000010     DSP2833x_GlobalVariableDefs.obj (SciaRegsFile)

XIntruptRegsFile 
*          1    00007070    00000010     UNINITIALIZED
                  00007070    00000010     DSP2833x_GlobalVariableDefs.obj (XIntruptRegsFile)

AdcRegsFile 
*          1    00007100    0000001e     UNINITIALIZED
                  00007100    0000001e     DSP2833x_GlobalVariableDefs.obj (AdcRegsFile)

ScibRegsFile 
*          1    00007750    00000010     UNINITIALIZED
                  00007750    00000010     DSP2833x_GlobalVariableDefs.obj (ScibRegsFile)

ScicRegsFile 
*          1    00007770    00000010     UNINITIALIZED
                  00007770    00000010     DSP2833x_GlobalVariableDefs.obj (ScicRegsFile)

I2caRegsFile 
*          1    00007900    00000022     UNINITIALIZED
                  00007900    00000022     DSP2833x_GlobalVariableDefs.obj (I2caRegsFile)

CsmPwlFile 
*          1    0033fff8    00000008     UNINITIALIZED
                  0033fff8    00000008     DSP2833x_GlobalVariableDefs.obj (CsmPwlFile)

PartIdRegsFile 
*          1    00380090    00000001     UNINITIALIZED
                  00380090    00000001     DSP2833x_GlobalVariableDefs.obj (PartIdRegsFile)


GLOBAL SYMBOLS: SORTED ALPHABETICALLY BY Name 

address    name
--------   ----
00338507   .text
0033a670   C$$EXIT
0033a012   FD$$ADD
0033a4df   FD$$CMP
0033a0ae   FD$$DIV
0033a1c0   FD$$MPY
0033a712   FD$$NEG
0033a6f1   FD$$SUB
0033a57e   FD$$TOI
0033a5e0   FD$$TOL
0033a61d   FS$$TOFD
0033a509   L$$DIV
0033a518   L$$MOD
0033a639   L$$TOFD
0033a5ff   LL$$CMP
00339be6   LL$$DIV
00339c22   LL$$MOD
0033a6cb   LL$$MPY
0033a526   UL$$DIV
0033a52d   UL$$MOD
0033a611   ULL$$CMP
00339c5c   ULL$$DIV
00339c8b   ULL$$MOD
0033968c   _ADCINT_ISR
00380080   _ADC_cal
00000b00   _AdcMirror
00007100   _AdcRegs
0033a282   _ConfigCpuTimer
00009074   _CpuTimer0
00000c00   _CpuTimer0Regs
00009064   _CpuTimer1
00000c08   _CpuTimer1Regs
0000906c   _CpuTimer2
00000c10   _CpuTimer2Regs
0033fff8   _CsmPwl
00000ae0   _CsmRegs
0033955f   _CsmUnlock
003395ba   _DATALOG_ISR
003397ae   _DINTCH1_ISR
003397b8   _DINTCH2_ISR
003397c2   _DINTCH3_ISR
003397cc   _DINTCH4_ISR
003397d6   _DINTCH5_ISR
003397e0   _DINTCH6_ISR
00338e5c   _DMACH1AddrConfig
00338e6e   _DMACH1BurstConfig
00338ea3   _DMACH1ModeConfig
00338e7f   _DMACH1TransferConfig
00338e90   _DMACH1WrapConfig
00338f07   _DMACH2AddrConfig
00338f19   _DMACH2BurstConfig
00338f4e   _DMACH2ModeConfig
00338f2a   _DMACH2TransferConfig
00338f3b   _DMACH2WrapConfig
00338fb2   _DMACH3AddrConfig
00338fc4   _DMACH3BurstConfig
00338ff9   _DMACH3ModeConfig
00338fd5   _DMACH3TransferConfig
00338fe6   _DMACH3WrapConfig
0033905d   _DMACH4AddrConfig
0033906f   _DMACH4BurstConfig
003390a4   _DMACH4ModeConfig
00339080   _DMACH4TransferConfig
00339091   _DMACH4WrapConfig
00339108   _DMACH5AddrConfig
0033911a   _DMACH5BurstConfig
0033914f   _DMACH5ModeConfig
0033912b   _DMACH5TransferConfig
0033913c   _DMACH5WrapConfig
003391b3   _DMACH6AddrConfig
003391c5   _DMACH6BurstConfig
003391fa   _DMACH6ModeConfig
003391d6   _DMACH6TransferConfig
003391e7   _DMACH6WrapConfig
00338e51   _DMAInitialize
0033a734   _DSP28x_DisableInt
0033a738   _DSP28x_RestoreInt
00008522   _DSP28x_usDelay
00000880   _DevEmuRegs
00339ec2   _DisableDog
00001000   _DmaRegs
000090ca   _DownLoadingHex
0033983a   _ECAN0INTA_ISR
0033984e   _ECAN0INTB_ISR
00339844   _ECAN1INTA_ISR
00339858   _ECAN1INTB_ISR
00339722   _ECAP1_INT_ISR
0033972c   _ECAP2_INT_ISR
00339736   _ECAP3_INT_ISR
00339740   _ECAP4_INT_ISR
0033974a   _ECAP5_INT_ISR
00339754   _ECAP6_INT_ISR
00006040   _ECanaLAMRegs
000060c0   _ECanaMOTORegs
00006080   _ECanaMOTSRegs
00006100   _ECanaMboxes
00006000   _ECanaRegs
00006240   _ECanbLAMRegs
000062c0   _ECanbMOTORegs
00006280   _ECanbMOTSRegs
00006300   _ECanbMboxes
00006200   _ECanbRegs
00006a00   _ECap1Regs
00006a20   _ECap2Regs
00006a40   _ECap3Regs
00006a60   _ECap4Regs
00006a80   _ECap5Regs
00006aa0   _ECap6Regs
003395ce   _EMUINT_ISR
003396e6   _EPWM1_INT_ISR
003396aa   _EPWM1_TZINT_ISR
003396f0   _EPWM2_INT_ISR
003396b4   _EPWM2_TZINT_ISR
003396fa   _EPWM3_INT_ISR
003396be   _EPWM3_TZINT_ISR
00339704   _EPWM4_INT_ISR
003396c8   _EPWM4_TZINT_ISR
0033970e   _EPWM5_INT_ISR
003396d2   _EPWM5_TZINT_ISR
00339718   _EPWM6_INT_ISR
003396dc   _EPWM6_TZINT_ISR
00006800   _EPwm1Regs
00006840   _EPwm2Regs
00006880   _EPwm3Regs
000068c0   _EPwm4Regs
00006900   _EPwm5Regs
00006940   _EPwm6Regs
0033975e   _EQEP1_INT_ISR
00339768   _EQEP2_INT_ISR
00006b00   _EQep1Regs
00006b40   _EQep2Regs
0033a552   _EnableInterrupts
00339312   _Erase_AllFlash
003392a1   _Erase_SelectFlash
0000847b   _Fl28335_ClearSector
000083e7   _Fl28335_CompactSector
0000838d   _Fl28335_EraseSector
000084ae   _Fl28335_Init
0000843a   _Fl28x_ClearLoop
0000826e   _Fl28x_ClosePulse
0000834a   _Fl28x_CompactPulse
00008310   _Fl28x_CompactVerify
000084eb   _Fl28x_Delay
000084f8   _Fl28x_DisableInt
000084df   _Fl28x_DisableNMI
00008219   _Fl28x_EnterCmdMode
000081ba   _Fl28x_ErasePulse
00008172   _Fl28x_EraseVerify
0000823e   _Fl28x_FlashRegSleep
0000820c   _Fl28x_LeaveCmdMode
00008285   _Fl28x_MaskAll
0000825d   _Fl28x_OpenPulse
000082ce   _Fl28x_ProgPulse
00008290   _Fl28x_ProgVerify
000084fc   _Fl28x_RestoreInt
000084d7   _Fl28x_WatchDogDisable
000084ff   _Flash28335_APIVersion
00008504   _Flash28335_APIVersionHex
000080d2   _Flash28335_Erase
00008028   _Flash28335_Program
00338507   _Flash28_API_LoadEnd
00338000   _Flash28_API_LoadStart
00008000   _Flash28_API_RunStart
0033936e   _FlashBurnPrm
00000a80   _FlashRegs
0033adc4   _FlashSector
000090c6   _FlashStatus
0000907e   _Flash_CPUScaleFactor
0000907c   _Flash_CallbackPtr
00339352   _FlashtoRamDownloadPrm
00006f80   _GpioCtrlRegs
00006fc0   _GpioDataRegs
00006fe0   _GpioIntRegs
00339512   _HEXDOWN_AsciiConvert
00339548   _HEXDOWN_AsciiToHex
003397ea   _I2CINT1A_ISR
003397f4   _I2CINT2A_ISR
00007900   _I2caRegs
003395e2   _ILLEGAL_ISR
003395a6   _INT13_ISR
003395b0   _INT14_ISR
0033a6b7   _InitAdc
0033a243   _InitCpuTimers
003398bc   _InitECan
00339a4b   _InitECanGpio
003398c1   _InitECana
00339a50   _InitECanaGpio
00339986   _InitECanb
00339a66   _InitECanbGpio
0033a2bc   _InitECap
0033a2ca   _InitECap1Gpio
0033a2d8   _InitECap2Gpio
0033a2e4   _InitECap3Gpio
0033a2f0   _InitECap4Gpio
0033a2fc   _InitECap5Gpio
0033a30a   _InitECap6Gpio
0033a2bd   _InitECapGpio
00339de7   _InitEPwm
00339df5   _InitEPwm1Gpio
00339e07   _InitEPwm2Gpio
00339e19   _InitEPwm3Gpio
00339e2d   _InitEPwm4Gpio
00339e41   _InitEPwm5Gpio
00339e53   _InitEPwm6Gpio
00339de8   _InitEPwmGpio
00339e65   _InitEPwmSyncGpio
0033a318   _InitEQep
0033a31e   _InitEQep1Gpio
0033a348   _InitEQep2Gpio
0033a319   _InitEQepGpio
00008507   _InitFlash
0033925e   _InitFlashAPI
0033a55b   _InitGpio
0033a689   _InitI2C
0033a68a   _InitI2CGpio
00339a7a   _InitMcbsp
00339b53   _InitMcbspGpio
00339a7f   _InitMcbspa
00339ade   _InitMcbspa12bit
00339ae9   _InitMcbspa16bit
00339af4   _InitMcbspa20bit
00339aff   _InitMcbspa24bit
00339b0a   _InitMcbspa32bit
00339ad7   _InitMcbspa8bit
00339b58   _InitMcbspaGpio
00339aab   _InitMcbspb
00339b1c   _InitMcbspb12bit
00339b27   _InitMcbspb16bit
00339b32   _InitMcbspb20bit
00339b3d   _InitMcbspb24bit
00339b48   _InitMcbspb32bit
00339b15   _InitMcbspb8bit
00339b92   _InitMcbspbGpio
00339f18   _InitPeripheralClocks
0033a533   _InitPieCtrl
0033a5c0   _InitPieVectTable
00339eca   _InitPll
0033a3b4   _InitSci
0033a3d7   _InitSciGpio
0033a3da   _InitSciaGpio
0033a4b5   _InitSpi
0033a4b6   _InitSpiGpio
0033a4b9   _InitSpiaGpio
00339eaf   _InitSysCtrl
00339fdd   _InitSystem
00339e79   _InitTzGpio
0033946c   _InitUserHexDownVariable
00339473   _InitUserProgramData
0033a139   _InitVFDBright
00339ced   _InitXintf
00339d93   _InitXintf16Gpio
00339d4c   _InitXintf32Gpio
0033989e   _LUF_ISR
00339894   _LVF_ISR
0033979a   _MRINTA_ISR
00339786   _MRINTB_ISR
003397a4   _MXINTA_ISR
00339790   _MXINTB_ISR
00005000   _McbspaRegs
00005040   _McbspbRegs
0033a6a0   _MemCopy
003395d8   _NMI_ISR
003398a8   _PIE_RESERVED
0033a72c   _PRG_key0
0033a72d   _PRG_key1
0033a72e   _PRG_key2
0033a72f   _PRG_key3
0033a730   _PRG_key4
0033a731   _PRG_key5
0033a732   _PRG_key6
0033a733   _PRG_key7
00380090   _PartIdRegs
00000ce0   _PieCtrlRegs
00000d00   _PieVectTable
0033ac88   _PieVectTableInit
00339fe2   _PrintMenu
003395c4   _RTOSINT_ISR
0033adeb   _RamfuncsLoadEnd
0033adcc   _RamfuncsLoadStart
00008507   _RamfuncsRunStart
00339812   _SCIRXINTA_ISR
00339826   _SCIRXINTB_ISR
003397fe   _SCIRXINTC_ISR
0033981c   _SCITXINTA_ISR
00339830   _SCITXINTB_ISR
00339808   _SCITXINTC_ISR
0033a3ef   _SCIa_RxChar
0033a3f7   _SCIa_TxChar
0033a403   _SCIa_TxString
0033932a   _SCItoRamDownloadPrm
00339664   _SEQ1INT_ISR
0033966e   _SEQ2INT_ISR
00339772   _SPIRXINTA_ISR
0033977c   _SPITXINTA_ISR
00007050   _SciaRegs
00007750   _ScibRegs
00007770   _ScicRegs
00339eb8   _ServiceDog
0033a742   _SetDBGIER
00007040   _SpiaRegs
00338eff   _StartDMACH1
00338faa   _StartDMACH2
00339055   _StartDMACH3
00339100   _StartDMACH4
003391ab   _StartDMACH5
00339256   _StartDMACH6
00007010   _SysCtrlRegs
00339696   _TINT0_ISR
0033a417   _TxPrintf
00339646   _USER10_ISR
00339650   _USER11_ISR
0033965a   _USER12_ISR
003395ec   _USER1_ISR
003395f6   _USER2_ISR
00339600   _USER3_ISR
0033960a   _USER4_ISR
00339614   _USER5_ISR
0033961e   _USER6_ISR
00339628   _USER7_ISR
00339632   _USER8_ISR
0033963c   _USER9_ISR
00339491   _UserPrmHexFileDownLoading
00339479   _UserProgramData
00339460   _UserProgramStart
00009080   _VFDAddr
00009081   _VFDBright
0033a18a   _VFDMenu
0033a179   _VFDPrintf
0033a148   _VFDPutChar
0033a15f   _VFDString
003396a0   _WAKEINT_ISR
00339678   _XINT1_ISR
00339682   _XINT2_ISR
00339862   _XINT3_ISR
0033986c   _XINT4_ISR
00339876   _XINT5_ISR
00339880   _XINT6_ISR
0033988a   _XINT7_ISR
00007070   _XIntruptRegs
00000b20   _XintfRegs
00000001   __STACK_SIZE
ffffffff   ___binit__
ffffffff   ___c_args__
0033adeb   ___cinit__
0033a745   ___etext__
0033a59f   ___memcpy_ff
ffffffff   ___pinit__
00338507   ___text__
0033a655   __args_main
000090b8   __cleanup_ptr
0033ab87   __ctypes_
000090ba   __dtors_ptr
000090b6   __lock
0033a711   __nop
00338d4b   __printfi
0033a70d   __register_lock
0033a709   __register_unlock
00000400   __stack
000090b4   __unlock
0033a670   _abort
0033a428   _atoi
0033a36e   _c_int00
00339bd0   _clkg_delay_loop
00339bba   _delay_loop
0033a672   _exit
0033a459   _ltoa
00339f71   _main
0033a6df   _memccpy
0033a73b   _memset
000090c4   _pFlashAdd
000090c2   _pRamAdd
003398b2   _rsvd_ISR
0033a71b   _strcpy
0033a6ff   _strlen
0033a487   _vsprintf
ffffffff   binit
0033adeb   cinit
0033fff6   code_start
0033a745   etext
ffffffff   pinit


GLOBAL SYMBOLS: SORTED BY Symbol Address 

address    name
--------   ----
00000001   __STACK_SIZE
00000400   __stack
00000880   _DevEmuRegs
00000a80   _FlashRegs
00000ae0   _CsmRegs
00000b00   _AdcMirror
00000b20   _XintfRegs
00000c00   _CpuTimer0Regs
00000c08   _CpuTimer1Regs
00000c10   _CpuTimer2Regs
00000ce0   _PieCtrlRegs
00000d00   _PieVectTable
00001000   _DmaRegs
00005000   _McbspaRegs
00005040   _McbspbRegs
00006000   _ECanaRegs
00006040   _ECanaLAMRegs
00006080   _ECanaMOTSRegs
000060c0   _ECanaMOTORegs
00006100   _ECanaMboxes
00006200   _ECanbRegs
00006240   _ECanbLAMRegs
00006280   _ECanbMOTSRegs
000062c0   _ECanbMOTORegs
00006300   _ECanbMboxes
00006800   _EPwm1Regs
00006840   _EPwm2Regs
00006880   _EPwm3Regs
000068c0   _EPwm4Regs
00006900   _EPwm5Regs
00006940   _EPwm6Regs
00006a00   _ECap1Regs
00006a20   _ECap2Regs
00006a40   _ECap3Regs
00006a60   _ECap4Regs
00006a80   _ECap5Regs
00006aa0   _ECap6Regs
00006b00   _EQep1Regs
00006b40   _EQep2Regs
00006f80   _GpioCtrlRegs
00006fc0   _GpioDataRegs
00006fe0   _GpioIntRegs
00007010   _SysCtrlRegs
00007040   _SpiaRegs
00007050   _SciaRegs
00007070   _XIntruptRegs
00007100   _AdcRegs
00007750   _ScibRegs
00007770   _ScicRegs
00007900   _I2caRegs
00008000   _Flash28_API_RunStart
00008028   _Flash28335_Program
000080d2   _Flash28335_Erase
00008172   _Fl28x_EraseVerify
000081ba   _Fl28x_ErasePulse
0000820c   _Fl28x_LeaveCmdMode
00008219   _Fl28x_EnterCmdMode
0000823e   _Fl28x_FlashRegSleep
0000825d   _Fl28x_OpenPulse
0000826e   _Fl28x_ClosePulse
00008285   _Fl28x_MaskAll
00008290   _Fl28x_ProgVerify
000082ce   _Fl28x_ProgPulse
00008310   _Fl28x_CompactVerify
0000834a   _Fl28x_CompactPulse
0000838d   _Fl28335_EraseSector
000083e7   _Fl28335_CompactSector
0000843a   _Fl28x_ClearLoop
0000847b   _Fl28335_ClearSector
000084ae   _Fl28335_Init
000084d7   _Fl28x_WatchDogDisable
000084df   _Fl28x_DisableNMI
000084eb   _Fl28x_Delay
000084f8   _Fl28x_DisableInt
000084fc   _Fl28x_RestoreInt
000084ff   _Flash28335_APIVersion
00008504   _Flash28335_APIVersionHex
00008507   _InitFlash
00008507   _RamfuncsRunStart
00008522   _DSP28x_usDelay
00009064   _CpuTimer1
0000906c   _CpuTimer2
00009074   _CpuTimer0
0000907c   _Flash_CallbackPtr
0000907e   _Flash_CPUScaleFactor
00009080   _VFDAddr
00009081   _VFDBright
000090b4   __unlock
000090b6   __lock
000090b8   __cleanup_ptr
000090ba   __dtors_ptr
000090c2   _pRamAdd
000090c4   _pFlashAdd
000090c6   _FlashStatus
000090ca   _DownLoadingHex
00338000   _Flash28_API_LoadStart
00338507   .text
00338507   _Flash28_API_LoadEnd
00338507   ___text__
00338d4b   __printfi
00338e51   _DMAInitialize
00338e5c   _DMACH1AddrConfig
00338e6e   _DMACH1BurstConfig
00338e7f   _DMACH1TransferConfig
00338e90   _DMACH1WrapConfig
00338ea3   _DMACH1ModeConfig
00338eff   _StartDMACH1
00338f07   _DMACH2AddrConfig
00338f19   _DMACH2BurstConfig
00338f2a   _DMACH2TransferConfig
00338f3b   _DMACH2WrapConfig
00338f4e   _DMACH2ModeConfig
00338faa   _StartDMACH2
00338fb2   _DMACH3AddrConfig
00338fc4   _DMACH3BurstConfig
00338fd5   _DMACH3TransferConfig
00338fe6   _DMACH3WrapConfig
00338ff9   _DMACH3ModeConfig
00339055   _StartDMACH3
0033905d   _DMACH4AddrConfig
0033906f   _DMACH4BurstConfig
00339080   _DMACH4TransferConfig
00339091   _DMACH4WrapConfig
003390a4   _DMACH4ModeConfig
00339100   _StartDMACH4
00339108   _DMACH5AddrConfig
0033911a   _DMACH5BurstConfig
0033912b   _DMACH5TransferConfig
0033913c   _DMACH5WrapConfig
0033914f   _DMACH5ModeConfig
003391ab   _StartDMACH5
003391b3   _DMACH6AddrConfig
003391c5   _DMACH6BurstConfig
003391d6   _DMACH6TransferConfig
003391e7   _DMACH6WrapConfig
003391fa   _DMACH6ModeConfig
00339256   _StartDMACH6
0033925e   _InitFlashAPI
003392a1   _Erase_SelectFlash
00339312   _Erase_AllFlash
0033932a   _SCItoRamDownloadPrm
00339352   _FlashtoRamDownloadPrm
0033936e   _FlashBurnPrm
00339460   _UserProgramStart
0033946c   _InitUserHexDownVariable
00339473   _InitUserProgramData
00339479   _UserProgramData
00339491   _UserPrmHexFileDownLoading
00339512   _HEXDOWN_AsciiConvert
00339548   _HEXDOWN_AsciiToHex
0033955f   _CsmUnlock
003395a6   _INT13_ISR
003395b0   _INT14_ISR
003395ba   _DATALOG_ISR
003395c4   _RTOSINT_ISR
003395ce   _EMUINT_ISR
003395d8   _NMI_ISR
003395e2   _ILLEGAL_ISR
003395ec   _USER1_ISR
003395f6   _USER2_ISR
00339600   _USER3_ISR
0033960a   _USER4_ISR
00339614   _USER5_ISR
0033961e   _USER6_ISR
00339628   _USER7_ISR
00339632   _USER8_ISR
0033963c   _USER9_ISR
00339646   _USER10_ISR
00339650   _USER11_ISR
0033965a   _USER12_ISR
00339664   _SEQ1INT_ISR
0033966e   _SEQ2INT_ISR
00339678   _XINT1_ISR
00339682   _XINT2_ISR
0033968c   _ADCINT_ISR
00339696   _TINT0_ISR
003396a0   _WAKEINT_ISR
003396aa   _EPWM1_TZINT_ISR
003396b4   _EPWM2_TZINT_ISR
003396be   _EPWM3_TZINT_ISR
003396c8   _EPWM4_TZINT_ISR
003396d2   _EPWM5_TZINT_ISR
003396dc   _EPWM6_TZINT_ISR
003396e6   _EPWM1_INT_ISR
003396f0   _EPWM2_INT_ISR
003396fa   _EPWM3_INT_ISR
00339704   _EPWM4_INT_ISR
0033970e   _EPWM5_INT_ISR
00339718   _EPWM6_INT_ISR
00339722   _ECAP1_INT_ISR
0033972c   _ECAP2_INT_ISR
00339736   _ECAP3_INT_ISR
00339740   _ECAP4_INT_ISR
0033974a   _ECAP5_INT_ISR
00339754   _ECAP6_INT_ISR
0033975e   _EQEP1_INT_ISR
00339768   _EQEP2_INT_ISR
00339772   _SPIRXINTA_ISR
0033977c   _SPITXINTA_ISR
00339786   _MRINTB_ISR
00339790   _MXINTB_ISR
0033979a   _MRINTA_ISR
003397a4   _MXINTA_ISR
003397ae   _DINTCH1_ISR
003397b8   _DINTCH2_ISR
003397c2   _DINTCH3_ISR
003397cc   _DINTCH4_ISR
003397d6   _DINTCH5_ISR
003397e0   _DINTCH6_ISR
003397ea   _I2CINT1A_ISR
003397f4   _I2CINT2A_ISR
003397fe   _SCIRXINTC_ISR
00339808   _SCITXINTC_ISR
00339812   _SCIRXINTA_ISR
0033981c   _SCITXINTA_ISR
00339826   _SCIRXINTB_ISR
00339830   _SCITXINTB_ISR
0033983a   _ECAN0INTA_ISR
00339844   _ECAN1INTA_ISR
0033984e   _ECAN0INTB_ISR
00339858   _ECAN1INTB_ISR
00339862   _XINT3_ISR
0033986c   _XINT4_ISR
00339876   _XINT5_ISR
00339880   _XINT6_ISR
0033988a   _XINT7_ISR
00339894   _LVF_ISR
0033989e   _LUF_ISR
003398a8   _PIE_RESERVED
003398b2   _rsvd_ISR
003398bc   _InitECan
003398c1   _InitECana
00339986   _InitECanb
00339a4b   _InitECanGpio
00339a50   _InitECanaGpio
00339a66   _InitECanbGpio
00339a7a   _InitMcbsp
00339a7f   _InitMcbspa
00339aab   _InitMcbspb
00339ad7   _InitMcbspa8bit
00339ade   _InitMcbspa12bit
00339ae9   _InitMcbspa16bit
00339af4   _InitMcbspa20bit
00339aff   _InitMcbspa24bit
00339b0a   _InitMcbspa32bit
00339b15   _InitMcbspb8bit
00339b1c   _InitMcbspb12bit
00339b27   _InitMcbspb16bit
00339b32   _InitMcbspb20bit
00339b3d   _InitMcbspb24bit
00339b48   _InitMcbspb32bit
00339b53   _InitMcbspGpio
00339b58   _InitMcbspaGpio
00339b92   _InitMcbspbGpio
00339bba   _delay_loop
00339bd0   _clkg_delay_loop
00339be6   LL$$DIV
00339c22   LL$$MOD
00339c5c   ULL$$DIV
00339c8b   ULL$$MOD
00339ced   _InitXintf
00339d4c   _InitXintf32Gpio
00339d93   _InitXintf16Gpio
00339de7   _InitEPwm
00339de8   _InitEPwmGpio
00339df5   _InitEPwm1Gpio
00339e07   _InitEPwm2Gpio
00339e19   _InitEPwm3Gpio
00339e2d   _InitEPwm4Gpio
00339e41   _InitEPwm5Gpio
00339e53   _InitEPwm6Gpio
00339e65   _InitEPwmSyncGpio
00339e79   _InitTzGpio
00339eaf   _InitSysCtrl
00339eb8   _ServiceDog
00339ec2   _DisableDog
00339eca   _InitPll
00339f18   _InitPeripheralClocks
00339f71   _main
00339fdd   _InitSystem
00339fe2   _PrintMenu
0033a012   FD$$ADD
0033a0ae   FD$$DIV
0033a139   _InitVFDBright
0033a148   _VFDPutChar
0033a15f   _VFDString
0033a179   _VFDPrintf
0033a18a   _VFDMenu
0033a1c0   FD$$MPY
0033a243   _InitCpuTimers
0033a282   _ConfigCpuTimer
0033a2bc   _InitECap
0033a2bd   _InitECapGpio
0033a2ca   _InitECap1Gpio
0033a2d8   _InitECap2Gpio
0033a2e4   _InitECap3Gpio
0033a2f0   _InitECap4Gpio
0033a2fc   _InitECap5Gpio
0033a30a   _InitECap6Gpio
0033a318   _InitEQep
0033a319   _InitEQepGpio
0033a31e   _InitEQep1Gpio
0033a348   _InitEQep2Gpio
0033a36e   _c_int00
0033a3b4   _InitSci
0033a3d7   _InitSciGpio
0033a3da   _InitSciaGpio
0033a3ef   _SCIa_RxChar
0033a3f7   _SCIa_TxChar
0033a403   _SCIa_TxString
0033a417   _TxPrintf
0033a428   _atoi
0033a459   _ltoa
0033a487   _vsprintf
0033a4b5   _InitSpi
0033a4b6   _InitSpiGpio
0033a4b9   _InitSpiaGpio
0033a4df   FD$$CMP
0033a509   L$$DIV
0033a518   L$$MOD
0033a526   UL$$DIV
0033a52d   UL$$MOD
0033a533   _InitPieCtrl
0033a552   _EnableInterrupts
0033a55b   _InitGpio
0033a57e   FD$$TOI
0033a59f   ___memcpy_ff
0033a5c0   _InitPieVectTable
0033a5e0   FD$$TOL
0033a5ff   LL$$CMP
0033a611   ULL$$CMP
0033a61d   FS$$TOFD
0033a639   L$$TOFD
0033a655   __args_main
0033a670   C$$EXIT
0033a670   _abort
0033a672   _exit
0033a689   _InitI2C
0033a68a   _InitI2CGpio
0033a6a0   _MemCopy
0033a6b7   _InitAdc
0033a6cb   LL$$MPY
0033a6df   _memccpy
0033a6f1   FD$$SUB
0033a6ff   _strlen
0033a709   __register_unlock
0033a70d   __register_lock
0033a711   __nop
0033a712   FD$$NEG
0033a71b   _strcpy
0033a72c   _PRG_key0
0033a72d   _PRG_key1
0033a72e   _PRG_key2
0033a72f   _PRG_key3
0033a730   _PRG_key4
0033a731   _PRG_key5
0033a732   _PRG_key6
0033a733   _PRG_key7
0033a734   _DSP28x_DisableInt
0033a738   _DSP28x_RestoreInt
0033a73b   _memset
0033a742   _SetDBGIER
0033a745   ___etext__
0033a745   etext
0033ab87   __ctypes_
0033ac88   _PieVectTableInit
0033adc4   _FlashSector
0033adcc   _RamfuncsLoadStart
0033adeb   _RamfuncsLoadEnd
0033adeb   ___cinit__
0033adeb   cinit
0033fff6   code_start
0033fff8   _CsmPwl
00380080   _ADC_cal
00380090   _PartIdRegs
ffffffff   ___binit__
ffffffff   ___c_args__
ffffffff   ___pinit__
ffffffff   binit
ffffffff   pinit

[380 symbols]
